../Core/Src/main.c:157:6:setADC1Configs	40	static
../Core/Src/main.c:182:5:compare	24	static
../Core/Src/main.c:189:6:selectionSort	32	static
../Core/Src/main.c:207:8:getMedian	16	static
../Core/Src/main.c:225:5:main	8	static
../Core/Src/main.c:372:6:SystemClock_Config	128	static
../Core/Src/main.c:426:13:MX_ADC1_Init	48	static
../Core/Src/main.c:492:13:MX_I2C1_Init	8	static
../Core/Src/main.c:540:13:MX_SPI1_Init	8	static
../Core/Src/main.c:580:13:MX_TIM2_Init	48	static
../Core/Src/main.c:637:13:MX_TIM3_Init	48	static
../Core/Src/main.c:694:13:MX_TIM4_Init	40	static
../Core/Src/main.c:739:13:MX_TIM8_Init	40	static
../Core/Src/main.c:786:13:MX_USART2_UART_Init	8	static
../Core/Src/main.c:821:13:MX_USB_PCD_Init	8	static
../Core/Src/main.c:852:13:MX_GPIO_Init	56	static
../Core/Src/main.c:948:5:buffer_valid	16	static
../Core/Src/main.c:963:6:StartDefaultTask	16	static
../Core/Src/main.c:987:6:uartRxDiff_f	168	static
../Core/Src/main.c:1021:6:AvoidPIRHandler_f	96	static
../Core/Src/main.c:1110:6:HAL_TIM_PeriodElapsedCallback	16	static
../Core/Src/main.c:1127:6:Error_Handler	4	static,ignoring_inline_asm
