../Core/Src/main.c:118:5:main	8	static
../Core/Src/main.c:232:6:SystemClock_Config	128	static
../Core/Src/main.c:283:13:MX_I2C1_Init	8	static
../Core/Src/main.c:331:13:MX_SPI1_Init	8	static
../Core/Src/main.c:371:13:MX_TIM2_Init	48	static
../Core/Src/main.c:428:13:MX_TIM3_Init	48	static
../Core/Src/main.c:485:13:MX_USART2_UART_Init	8	static
../Core/Src/main.c:520:13:MX_USB_PCD_Init	8	static
../Core/Src/main.c:549:13:MX_DMA_Init	16	static
../Core/Src/main.c:567:13:MX_GPIO_Init	48	static
../Core/Src/main.c:611:5:buffer_valid	16	static
../Core/Src/main.c:626:6:StartDefaultTask	16	static
../Core/Src/main.c:650:6:uartRxDiff_f	168	static
../Core/Src/main.c:685:6:HAL_TIM_PeriodElapsedCallback	16	static
../Core/Src/main.c:702:6:Error_Handler	4	static,ignoring_inline_asm
