Archive member included to satisfy reference by file (symbol)

/home/majiddrn/st/stm32cubeide_1.11.2/plugins/com.st.stm32cube.ide.mcu.externaltools.gnu-tools-for-stm32.10.3-2021.10.linux64_1.0.100.202210260954/tools/bin/../lib/gcc/arm-none-eabi/10.3.1/../../../../arm-none-eabi/lib/thumb/v7e-m+fp/hard/libc_nano.a(lib_a-atoi.o)
                              ./Core/Src/Handler.o (atoi)
/home/majiddrn/st/stm32cubeide_1.11.2/plugins/com.st.stm32cube.ide.mcu.externaltools.gnu-tools-for-stm32.10.3-2021.10.linux64_1.0.100.202210260954/tools/bin/../lib/gcc/arm-none-eabi/10.3.1/../../../../arm-none-eabi/lib/thumb/v7e-m+fp/hard/libc_nano.a(lib_a-errno.o)
                              ./Core/Src/syscalls.o (__errno)
/home/majiddrn/st/stm32cubeide_1.11.2/plugins/com.st.stm32cube.ide.mcu.externaltools.gnu-tools-for-stm32.10.3-2021.10.linux64_1.0.100.202210260954/tools/bin/../lib/gcc/arm-none-eabi/10.3.1/../../../../arm-none-eabi/lib/thumb/v7e-m+fp/hard/libc_nano.a(lib_a-exit.o)
                              /home/majiddrn/st/stm32cubeide_1.11.2/plugins/com.st.stm32cube.ide.mcu.externaltools.gnu-tools-for-stm32.10.3-2021.10.linux64_1.0.100.202210260954/tools/bin/../lib/gcc/arm-none-eabi/10.3.1/../../../../arm-none-eabi/lib/thumb/v7e-m+fp/hard/crt0.o (exit)
/home/majiddrn/st/stm32cubeide_1.11.2/plugins/com.st.stm32cube.ide.mcu.externaltools.gnu-tools-for-stm32.10.3-2021.10.linux64_1.0.100.202210260954/tools/bin/../lib/gcc/arm-none-eabi/10.3.1/../../../../arm-none-eabi/lib/thumb/v7e-m+fp/hard/libc_nano.a(lib_a-impure.o)
                              /home/majiddrn/st/stm32cubeide_1.11.2/plugins/com.st.stm32cube.ide.mcu.externaltools.gnu-tools-for-stm32.10.3-2021.10.linux64_1.0.100.202210260954/tools/bin/../lib/gcc/arm-none-eabi/10.3.1/../../../../arm-none-eabi/lib/thumb/v7e-m+fp/hard/libc_nano.a(lib_a-exit.o) (_global_impure_ptr)
/home/majiddrn/st/stm32cubeide_1.11.2/plugins/com.st.stm32cube.ide.mcu.externaltools.gnu-tools-for-stm32.10.3-2021.10.linux64_1.0.100.202210260954/tools/bin/../lib/gcc/arm-none-eabi/10.3.1/../../../../arm-none-eabi/lib/thumb/v7e-m+fp/hard/libc_nano.a(lib_a-init.o)
                              /home/majiddrn/st/stm32cubeide_1.11.2/plugins/com.st.stm32cube.ide.mcu.externaltools.gnu-tools-for-stm32.10.3-2021.10.linux64_1.0.100.202210260954/tools/bin/../lib/gcc/arm-none-eabi/10.3.1/../../../../arm-none-eabi/lib/thumb/v7e-m+fp/hard/crt0.o (__libc_init_array)
/home/majiddrn/st/stm32cubeide_1.11.2/plugins/com.st.stm32cube.ide.mcu.externaltools.gnu-tools-for-stm32.10.3-2021.10.linux64_1.0.100.202210260954/tools/bin/../lib/gcc/arm-none-eabi/10.3.1/../../../../arm-none-eabi/lib/thumb/v7e-m+fp/hard/libc_nano.a(lib_a-memcpy-stub.o)
                              ./Middlewares/Third_Party/FreeRTOS/Source/CMSIS_RTOS_V2/cmsis_os2.o (memcpy)
/home/majiddrn/st/stm32cubeide_1.11.2/plugins/com.st.stm32cube.ide.mcu.externaltools.gnu-tools-for-stm32.10.3-2021.10.linux64_1.0.100.202210260954/tools/bin/../lib/gcc/arm-none-eabi/10.3.1/../../../../arm-none-eabi/lib/thumb/v7e-m+fp/hard/libc_nano.a(lib_a-memset.o)
                              /home/majiddrn/st/stm32cubeide_1.11.2/plugins/com.st.stm32cube.ide.mcu.externaltools.gnu-tools-for-stm32.10.3-2021.10.linux64_1.0.100.202210260954/tools/bin/../lib/gcc/arm-none-eabi/10.3.1/../../../../arm-none-eabi/lib/thumb/v7e-m+fp/hard/crt0.o (memset)
/home/majiddrn/st/stm32cubeide_1.11.2/plugins/com.st.stm32cube.ide.mcu.externaltools.gnu-tools-for-stm32.10.3-2021.10.linux64_1.0.100.202210260954/tools/bin/../lib/gcc/arm-none-eabi/10.3.1/../../../../arm-none-eabi/lib/thumb/v7e-m+fp/hard/libc_nano.a(lib_a-sprintf.o)
                              ./Core/Src/Handler.o (sprintf)
/home/majiddrn/st/stm32cubeide_1.11.2/plugins/com.st.stm32cube.ide.mcu.externaltools.gnu-tools-for-stm32.10.3-2021.10.linux64_1.0.100.202210260954/tools/bin/../lib/gcc/arm-none-eabi/10.3.1/../../../../arm-none-eabi/lib/thumb/v7e-m+fp/hard/libc_nano.a(lib_a-strcpy.o)
                              ./Core/Src/Handler.o (strcpy)
/home/majiddrn/st/stm32cubeide_1.11.2/plugins/com.st.stm32cube.ide.mcu.externaltools.gnu-tools-for-stm32.10.3-2021.10.linux64_1.0.100.202210260954/tools/bin/../lib/gcc/arm-none-eabi/10.3.1/../../../../arm-none-eabi/lib/thumb/v7e-m+fp/hard/libc_nano.a(lib_a-strncmp.o)
                              ./Core/Src/Handler.o (strncmp)
/home/majiddrn/st/stm32cubeide_1.11.2/plugins/com.st.stm32cube.ide.mcu.externaltools.gnu-tools-for-stm32.10.3-2021.10.linux64_1.0.100.202210260954/tools/bin/../lib/gcc/arm-none-eabi/10.3.1/../../../../arm-none-eabi/lib/thumb/v7e-m+fp/hard/libc_nano.a(lib_a-strstr.o)
                              ./Core/Src/Handler.o (strstr)
/home/majiddrn/st/stm32cubeide_1.11.2/plugins/com.st.stm32cube.ide.mcu.externaltools.gnu-tools-for-stm32.10.3-2021.10.linux64_1.0.100.202210260954/tools/bin/../lib/gcc/arm-none-eabi/10.3.1/../../../../arm-none-eabi/lib/thumb/v7e-m+fp/hard/libc_nano.a(lib_a-strtok.o)
                              ./Core/Src/Handler.o (strtok)
[...]
Memory Configuration

Name             Origin             Length             Attributes
CCMRAM           0x0000000010000000 0x0000000000002000 xrw
RAM              0x0000000020000000 0x000000000000a000 xrw
FLASH            0x0000000008000000 0x0000000000040000 xr
*default*        0x0000000000000000 0xffffffffffffffff

Linker script and memory map

LOAD /home/majiddrn/st/stm32cubeide_1.11.2/plugins/com.st.stm32cube.ide.mcu.externaltools.gnu-tools-for-stm32.10.3-2021.10.linux64_1.0.100.202210260954/tools/bin/../lib/gcc/arm-none-eabi/10.3.1/thumb/v7e-m+fp/hard/crti.o
LOAD /home/majiddrn/st/stm32cubeide_1.11.2/plugins/com.st.stm32cube.ide.mcu.externaltools.gnu-tools-for-stm32.10.3-2021.10.linux64_1.0.100.202210260954/tools/bin/../lib/gcc/arm-none-eabi/10.3.1/thumb/v7e-m+fp/hard/crtbegin.o
LOAD /home/majiddrn/st/stm32cubeide_1.11.2/plugins/com.st.stm32cube.ide.mcu.externaltools.gnu-tools-for-stm32.10.3-2021.10.linux64_1.0.100.202210260954/tools/bin/../lib/gcc/arm-none-eabi/10.3.1/../../../../arm-none-eabi/lib/thumb/v7e-m+fp/hard/crt0.o
LOAD ./Core/Src/Callbacks.o
LOAD ./Core/Src/Handler.o
LOAD ./Core/Src/freertos.o
LOAD ./Core/Src/main.o
LOAD ./Core/Src/stm32f3xx_hal_msp.o
LOAD ./Core/Src/stm32f3xx_hal_timebase_tim.o
LOAD ./Core/Src/stm32f3xx_it.o
LOAD ./Core/Src/syscalls.o
LOAD ./Core/Src/sysmem.o
LOAD ./Core/Src/system_stm32f3xx.o
LOAD ./Core/Startup/startup_stm32f303vctx.o
LOAD ./Drivers/STM32F3xx_HAL_Driver/Src/stm32f3xx_hal.o
LOAD ./Drivers/STM32F3xx_HAL_Driver/Src/stm32f3xx_hal_cortex.o
LOAD ./Drivers/STM32F3xx_HAL_Driver/Src/stm32f3xx_hal_dma.o
LOAD ./Drivers/STM32F3xx_HAL_Driver/Src/stm32f3xx_hal_exti.o
LOAD ./Drivers/STM32F3xx_HAL_Driver/Src/stm32f3xx_hal_flash.o
LOAD ./Drivers/STM32F3xx_HAL_Driver/Src/stm32f3xx_hal_flash_ex.o
LOAD ./Drivers/STM32F3xx_HAL_Driver/Src/stm32f3xx_hal_gpio.o
LOAD ./Drivers/STM32F3xx_HAL_Driver/Src/stm32f3xx_hal_i2c.o
LOAD ./Drivers/STM32F3xx_HAL_Driver/Src/stm32f3xx_hal_i2c_ex.o
LOAD ./Drivers/STM32F3xx_HAL_Driver/Src/stm32f3xx_hal_pcd.o
LOAD ./Drivers/STM32F3xx_HAL_Driver/Src/stm32f3xx_hal_pcd_ex.o
LOAD ./Drivers/STM32F3xx_HAL_Driver/Src/stm32f3xx_hal_pwr.o
LOAD ./Drivers/STM32F3xx_HAL_Driver/Src/stm32f3xx_hal_pwr_ex.o
LOAD ./Drivers/STM32F3xx_HAL_Driver/Src/stm32f3xx_hal_rcc.o
LOAD ./Drivers/STM32F3xx_HAL_Driver/Src/stm32f3xx_hal_rcc_ex.o
LOAD ./Drivers/STM32F3xx_HAL_Driver/Src/stm32f3xx_hal_spi.o
LOAD ./Drivers/STM32F3xx_HAL_Driver/Src/stm32f3xx_hal_spi_ex.o
LOAD ./Drivers/STM32F3xx_HAL_Driver/Src/stm32f3xx_hal_tim.o
LOAD ./Drivers/STM32F3xx_HAL_Driver/Src/stm32f3xx_hal_tim_ex.o
LOAD ./Drivers/STM32F3xx_HAL_Driver/Src/stm32f3xx_hal_uart.o
LOAD ./Drivers/STM32F3xx_HAL_Driver/Src/stm32f3xx_hal_uart_ex.o
LOAD ./Drivers/STM32F3xx_HAL_Driver/Src/stm32f3xx_ll_usb.o
LOAD ./Middlewares/Third_Party/FreeRTOS/Source/CMSIS_RTOS_V2/cmsis_os2.o
LOAD ./Middlewares/Third_Party/FreeRTOS/Source/croutine.o
LOAD ./Middlewares/Third_Party/FreeRTOS/Source/event_groups.o
LOAD ./Middlewares/Third_Party/FreeRTOS/Source/list.o
LOAD ./Middlewares/Third_Party/FreeRTOS/Source/queue.o
LOAD ./Middlewares/Third_Party/FreeRTOS/Source/stream_buffer.o
LOAD ./Middlewares/Third_Party/FreeRTOS/Source/tasks.o
LOAD ./Middlewares/Third_Party/FreeRTOS/Source/timers.o
LOAD ./Middlewares/Third_Party/FreeRTOS/Source/portable/GCC/ARM_CM4F/port.o
LOAD ./Middlewares/Third_Party/FreeRTOS/Source/portable/MemMang/heap_4.o
START GROUP
LOAD /home/majiddrn/st/stm32cubeide_1.11.2/plugins/com.st.stm32cube.ide.mcu.externaltools.gnu-tools-for-stm32.10.3-2021.10.linux64_1.0.100.202210260954/tools/bin/../lib/gcc/arm-none-eabi/10.3.1/../../../../arm-none-eabi/lib/thumb/v7e-m+fp/hard/libstdc++_nano.a
LOAD /home/majiddrn/st/stm32cubeide_1.11.2/plugins/com.st.stm32cube.ide.mcu.externaltools.gnu-tools-for-stm32.10.3-2021.10.linux64_1.0.100.202210260954/tools/bin/../lib/gcc/arm-none-eabi/10.3.1/../../../../arm-none-eabi/lib/thumb/v7e-m+fp/hard/libsupc++_nano.a
END GROUP
LOAD /home/majiddrn/st/stm32cubeide_1.11.2/plugins/com.st.stm32cube.ide.mcu.externaltools.gnu-tools-for-stm32.10.3-2021.10.linux64_1.0.100.202210260954/tools/bin/../lib/gcc/arm-none-eabi/10.3.1/../../../../arm-none-eabi/lib/thumb/v7e-m+fp/hard/libstdc++_nano.a
LOAD /home/majiddrn/st/stm32cubeide_1.11.2/plugins/com.st.stm32cube.ide.mcu.externaltools.gnu-tools-for-stm32.10.3-2021.10.linux64_1.0.100.202210260954/tools/bin/../lib/gcc/arm-none-eabi/10.3.1/../../../../arm-none-eabi/lib/thumb/v7e-m+fp/hard/libm.a
LOAD /home/majiddrn/st/stm32cubeide_1.11.2/plugins/com.st.stm32cube.ide.mcu.externaltools.gnu-tools-for-stm32.10.3-2021.10.linux64_1.0.100.202210260954/tools/bin/../lib/gcc/arm-none-eabi/10.3.1/../../../../arm-none-eabi/lib/thumb/v7e-m+fp/hard/libc_nano.a
START GROUP
LOAD /home/majiddrn/st/stm32cubeide_1.11.2/plugins/com.st.stm32cube.ide.mcu.externaltools.gnu-tools-for-stm32.10.3-2021.10.linux64_1.0.100.202210260954/tools/bin/../lib/gcc/arm-none-eabi/10.3.1/thumb/v7e-m+fp/hard/libgcc.a
LOAD /home/majiddrn/st/stm32cubeide_1.11.2/plugins/com.st.stm32cube.ide.mcu.externaltools.gnu-tools-for-stm32.10.3-2021.10.linux64_1.0.100.202210260954/tools/bin/../lib/gcc/arm-none-eabi/10.3.1/../../../../arm-none-eabi/lib/thumb/v7e-m+fp/hard/libc_nano.a
END GROUP
START GROUP
LOAD /home/majiddrn/st/stm32cubeide_1.11.2/plugins/com.st.stm32cube.ide.mcu.externaltools.gnu-tools-for-stm32.10.3-2021.10.linux64_1.0.100.202210260954/tools/bin/../lib/gcc/arm-none-eabi/10.3.1/thumb/v7e-m+fp/hard/libgcc.a
LOAD /home/majiddrn/st/stm32cubeide_1.11.2/plugins/com.st.stm32cube.ide.mcu.externaltools.gnu-tools-for-stm32.10.3-2021.10.linux64_1.0.100.202210260954/tools/bin/../lib/gcc/arm-none-eabi/10.3.1/../../../../arm-none-eabi/lib/thumb/v7e-m+fp/hard/libc_nano.a
LOAD /home/majiddrn/st/stm32cubeide_1.11.2/plugins/com.st.stm32cube.ide.mcu.externaltools.gnu-tools-for-stm32.10.3-2021.10.linux64_1.0.100.202210260954/tools/bin/../lib/gcc/arm-none-eabi/10.3.1/../../../../arm-none-eabi/lib/thumb/v7e-m+fp/hard/libnosys.a
END GROUP
START GROUP
LOAD /home/majiddrn/st/stm32cubeide_1.11.2/plugins/com.st.stm32cube.ide.mcu.externaltools.gnu-tools-for-stm32.10.3-2021.10.linux64_1.0.100.202210260954/tools/bin/../lib/gcc/arm-none-eabi/10.3.1/thumb/v7e-m+fp/hard/libgcc.a
LOAD /home/majiddrn/st/stm32cubeide_1.11.2/plugins/com.st.stm32cube.ide.mcu.externaltools.gnu-tools-for-stm32.10.3-2021.10.linux64_1.0.100.202210260954/tools/bin/../lib/gcc/arm-none-eabi/10.3.1/../../../../arm-none-eabi/lib/thumb/v7e-m+fp/hard/libc_nano.a
LOAD /home/majiddrn/st/stm32cubeide_1.11.2/plugins/com.st.stm32cube.ide.mcu.externaltools.gnu-tools-for-stm32.10.3-2021.10.linux64_1.0.100.202210260954/tools/bin/../lib/gcc/arm-none-eabi/10.3.1/../../../../arm-none-eabi/lib/thumb/v7e-m+fp/hard/libnosys.a
END GROUP
LOAD /home/majiddrn/st/stm32cubeide_1.11.2/plugins/com.st.stm32cube.ide.mcu.externaltools.gnu-tools-for-stm32.10.3-2021.10.linux64_1.0.100.202210260954/tools/bin/../lib/gcc/arm-none-eabi/10.3.1/thumb/v7e-m+fp/hard/crtend.o
LOAD /home/majiddrn/st/stm32cubeide_1.11.2/plugins/com.st.stm32cube.ide.mcu.externaltools.gnu-tools-for-stm32.10.3-2021.10.linux64_1.0.100.202210260954/tools/bin/../lib/gcc/arm-none-eabi/10.3.1/thumb/v7e-m+fp/hard/crtn.o
                0x000000002000a000                _estack = (ORIGIN (RAM) + LENGTH (RAM))
                0x0000000000000200                _Min_Heap_Size = 0x200
                0x0000000000000400                _Min_Stack_Size = 0x400

.isr_vector     0x0000000008000000      0x188
                0x0000000008000000                . = ALIGN (0x4)
 *(.isr_vector)
 .isr_vector    0x0000000008000000      0x188 ./Core/Startup/startup_stm32f303vctx.o
                0x0000000008000000                g_pfnVectors
                0x0000000008000188                . = ALIGN (0x4)

.text           0x0000000008000190     0xae60
                0x0000000008000190                . = ALIGN (0x4)
 *(.text)
 .text          0x0000000008000190       0x40 /home/majiddrn/st/stm32cubeide_1.11.2/plugins/com.st.stm32cube.ide.mcu.externaltools.gnu-tools-for-stm32.10.3-2021.10.linux64_1.0.100.202210260954/tools/bin/../lib/gcc/arm-none-eabi/10.3.1/thumb/v7e-m+fp/hard/crtbegin.o
 .text          0x00000000080001d0       0xa0 /home/majiddrn/st/stm32cubeide_1.11.2/plugins/com.st.stm32cube.ide.mcu.externaltools.gnu-tools-for-stm32.10.3-2021.10.linux64_1.0.100.202210260954/tools/bin/../lib/gcc/arm-none-eabi/10.3.1/../../../../arm-none-eabi/lib/thumb/v7e-m+fp/hard/libc_nano.a(lib_a-memchr.o)
                0x00000000080001d0                memchr
 *(.text*)
 .text.HAL_UART_RxCpltCallback
                0x0000000008000270       0x7c ./Core/Src/Callbacks.o
                0x0000000008000270                HAL_UART_RxCpltCallback
 .text.parseMessage
                0x00000000080002ec       0x80 ./Core/Src/Handler.o
                0x00000000080002ec                parseMessage
 .text.doLEDFunc
                0x000000000800036c      0x120 ./Core/Src/Handler.o
                0x000000000800036c                doLEDFunc
 .text.addToHandler
                0x000000000800048c       0x50 ./Core/Src/Handler.o
                0x000000000800048c                addToHandler
 .text.sendACK  0x00000000080004dc       0xa8 ./Core/Src/Handler.o
                0x00000000080004dc                sendACK
 .text.main     0x0000000008000584      0x12c ./Core/Src/main.o
                0x0000000008000584                main
 .text.SystemClock_Config
                0x00000000080006b0       0xc8 ./Core/Src/main.o
                0x00000000080006b0                SystemClock_Config
 .text.MX_I2C1_Init
                0x0000000008000778       0x80 ./Core/Src/main.o
 .text.MX_SPI1_Init
                0x00000000080007f8       0x7c ./Core/Src/main.o
 .text.MX_TIM2_Init
                0x0000000008000874       0xe0 ./Core/Src/main.o
 .text.MX_TIM3_Init
                0x0000000008000954       0xe0 ./Core/Src/main.o
 .text.MX_USART2_UART_Init
                0x0000000008000a34       0x60 ./Core/Src/main.o
 .text.MX_USB_PCD_Init
                0x0000000008000a94       0x44 ./Core/Src/main.o
 .text.MX_DMA_Init
                0x0000000008000ad8       0x3c ./Core/Src/main.o
 .text.MX_GPIO_Init
                0x0000000008000b14       0xfc ./Core/Src/main.o
 .text.StartDefaultTask
                0x0000000008000c10       0x10 ./Core/Src/main.o
                0x0000000008000c10                StartDefaultTask
 .text.uartRxDiff_f
                0x0000000008000c20       0x2c ./Core/Src/main.o
                0x0000000008000c20                uartRxDiff_f
 .text.HAL_TIM_PeriodElapsedCallback
                0x0000000008000c4c       0x24 ./Core/Src/main.o
                0x0000000008000c4c                HAL_TIM_PeriodElapsedCallback
 .text.Error_Handler
                0x0000000008000c70        0xa ./Core/Src/main.o
                0x0000000008000c70                Error_Handler
 *fill*         0x0000000008000c7a        0x2 
 .text.HAL_MspInit
                0x0000000008000c7c       0x50 ./Core/Src/stm32f3xx_hal_msp.o
                0x0000000008000c7c                HAL_MspInit
 .text.HAL_I2C_MspInit
                0x0000000008000ccc       0x88 ./Core/Src/stm32f3xx_hal_msp.o
                0x0000000008000ccc                HAL_I2C_MspInit
 .text.HAL_SPI_MspInit
                0x0000000008000d54       0x84 ./Core/Src/stm32f3xx_hal_msp.o
                0x0000000008000d54                HAL_SPI_MspInit
 .text.HAL_TIM_PWM_MspInit
                0x0000000008000dd8       0x64 ./Core/Src/stm32f3xx_hal_msp.o
                0x0000000008000dd8                HAL_TIM_PWM_MspInit
 .text.HAL_TIM_MspPostInit
                0x0000000008000e3c      0x168 ./Core/Src/stm32f3xx_hal_msp.o
                0x0000000008000e3c                HAL_TIM_MspPostInit
 .text.HAL_UART_MspInit
                0x0000000008000fa4       0xec ./Core/Src/stm32f3xx_hal_msp.o
                0x0000000008000fa4                HAL_UART_MspInit
 .text.HAL_PCD_MspInit
                0x0000000008001090       0x88 ./Core/Src/stm32f3xx_hal_msp.o
                0x0000000008001090                HAL_PCD_MspInit
 .text.HAL_InitTick
                0x0000000008001118       0xe0 ./Core/Src/stm32f3xx_hal_timebase_tim.o
                0x0000000008001118                HAL_InitTick
 .text.NMI_Handler
                0x00000000080011f8        0x6 ./Core/Src/stm32f3xx_it.o
                0x00000000080011f8                NMI_Handler
 .text.HardFault_Handler
                0x00000000080011fe        0x6 ./Core/Src/stm32f3xx_it.o
                0x00000000080011fe                HardFault_Handler
 .text.MemManage_Handler
                0x0000000008001204        0x6 ./Core/Src/stm32f3xx_it.o
                0x0000000008001204                MemManage_Handler
 .text.BusFault_Handler
                0x000000000800120a        0x6 ./Core/Src/stm32f3xx_it.o
                0x000000000800120a                BusFault_Handler
 .text.UsageFault_Handler
                0x0000000008001210        0x6 ./Core/Src/stm32f3xx_it.o
                0x0000000008001210                UsageFault_Handler
 .text.DebugMon_Handler
                0x0000000008001216        0xe ./Core/Src/stm32f3xx_it.o
                0x0000000008001216                DebugMon_Handler
 .text.DMA1_Channel7_IRQHandler
                0x0000000008001224       0x14 ./Core/Src/stm32f3xx_it.o
                0x0000000008001224                DMA1_Channel7_IRQHandler
 .text.TIM1_UP_TIM16_IRQHandler
                0x0000000008001238       0x14 ./Core/Src/stm32f3xx_it.o
                0x0000000008001238                TIM1_UP_TIM16_IRQHandler
 .text.USART2_IRQHandler
                0x000000000800124c       0x14 ./Core/Src/stm32f3xx_it.o
                0x000000000800124c                USART2_IRQHandler
 .text._getpid  0x0000000008001260       0x10 ./Core/Src/syscalls.o
                0x0000000008001260                _getpid
 .text._kill    0x0000000008001270       0x20 ./Core/Src/syscalls.o
                0x0000000008001270                _kill
 .text._exit    0x0000000008001290       0x14 ./Core/Src/syscalls.o
                0x0000000008001290                _exit
 .text._read    0x00000000080012a4       0x3a ./Core/Src/syscalls.o
                0x00000000080012a4                _read
 .text._write   0x00000000080012de       0x38 ./Core/Src/syscalls.o
                0x00000000080012de                _write
 .text._close   0x0000000008001316       0x18 ./Core/Src/syscalls.o
                0x0000000008001316                _close
 .text._fstat   0x000000000800132e       0x20 ./Core/Src/syscalls.o
                0x000000000800132e                _fstat
 .text._isatty  0x000000000800134e       0x16 ./Core/Src/syscalls.o
                0x000000000800134e                _isatty
 .text._lseek   0x0000000008001364       0x1a ./Core/Src/syscalls.o
                0x0000000008001364                _lseek
 *fill*         0x000000000800137e        0x2 
 .text._sbrk    0x0000000008001380       0x6c ./Core/Src/sysmem.o
                0x0000000008001380                _sbrk
 .text.SystemInit
                0x00000000080013ec       0x24 ./Core/Src/system_stm32f3xx.o
                0x00000000080013ec                SystemInit
 .text.Reset_Handler
                0x0000000008001410       0x50 ./Core/Startup/startup_stm32f303vctx.o
                0x0000000008001410                Reset_Handler
 .text.Default_Handler
                0x0000000008001460        0x2 ./Core/Startup/startup_stm32f303vctx.o
                0x0000000008001460                RTC_Alarm_IRQHandler
                0x0000000008001460                TIM8_TRG_COM_IRQHandler
                0x0000000008001460                TIM8_CC_IRQHandler
                0x0000000008001460                TIM1_CC_IRQHandler
                0x0000000008001460                USB_HP_IRQHandler
                0x0000000008001460                PVD_IRQHandler
                0x0000000008001460                TAMP_STAMP_IRQHandler
                0x0000000008001460                EXTI3_IRQHandler
                0x0000000008001460                USB_HP_CAN_TX_IRQHandler
                0x0000000008001460                EXTI0_IRQHandler
                0x0000000008001460                I2C2_EV_IRQHandler
                0x0000000008001460                FPU_IRQHandler
                0x0000000008001460                ADC1_2_IRQHandler
                0x0000000008001460                SPI1_IRQHandler
                0x0000000008001460                CAN_SCE_IRQHandler
                0x0000000008001460                TIM6_DAC_IRQHandler
                0x0000000008001460                TIM8_UP_IRQHandler
                0x0000000008001460                DMA2_Channel2_IRQHandler
                0x0000000008001460                DMA1_Channel4_IRQHandler
                0x0000000008001460                USART3_IRQHandler
                0x0000000008001460                UART5_IRQHandler
                0x0000000008001460                ADC3_IRQHandler
                0x0000000008001460                TIM4_IRQHandler
                0x0000000008001460                CAN_RX1_IRQHandler
                0x0000000008001460                DMA2_Channel1_IRQHandler
                0x0000000008001460                I2C1_EV_IRQHandler
                0x0000000008001460                DMA1_Channel6_IRQHandler
                0x0000000008001460                UART4_IRQHandler
                0x0000000008001460                DMA2_Channel4_IRQHandler
                0x0000000008001460                TIM3_IRQHandler
                0x0000000008001460                RCC_IRQHandler
                0x0000000008001460                DMA1_Channel1_IRQHandler
                0x0000000008001460                Default_Handler
                0x0000000008001460                USBWakeUp_RMP_IRQHandler
                0x0000000008001460                EXTI15_10_IRQHandler
                0x0000000008001460                TIM7_IRQHandler
                0x0000000008001460                EXTI9_5_IRQHandler
                0x0000000008001460                RTC_WKUP_IRQHandler
                0x0000000008001460                SPI2_IRQHandler
                0x0000000008001460                USB_LP_CAN_RX0_IRQHandler
                0x0000000008001460                DMA2_Channel5_IRQHandler
                0x0000000008001460                DMA1_Channel5_IRQHandler
                0x0000000008001460                USB_LP_IRQHandler
                0x0000000008001460                EXTI4_IRQHandler
                0x0000000008001460                TIM1_TRG_COM_TIM17_IRQHandler
                0x0000000008001460                DMA1_Channel3_IRQHandler
                0x0000000008001460                ADC4_IRQHandler
                0x0000000008001460                WWDG_IRQHandler
                0x0000000008001460                TIM2_IRQHandler
                0x0000000008001460                COMP7_IRQHandler
                0x0000000008001460                COMP1_2_3_IRQHandler
                0x0000000008001460                EXTI1_IRQHandler
                0x0000000008001460                COMP4_5_6_IRQHandler
                0x0000000008001460                I2C2_ER_IRQHandler
                0x0000000008001460                DMA1_Channel2_IRQHandler
                0x0000000008001460                TIM8_BRK_IRQHandler
                0x0000000008001460                FLASH_IRQHandler
                0x0000000008001460                USART1_IRQHandler
                0x0000000008001460                SPI3_IRQHandler
                0x0000000008001460                I2C1_ER_IRQHandler
                0x0000000008001460                USBWakeUp_IRQHandler
                0x0000000008001460                DMA2_Channel3_IRQHandler
                0x0000000008001460                EXTI2_TSC_IRQHandler
                0x0000000008001460                TIM1_BRK_TIM15_IRQHandler
 *fill*         0x0000000008001462        0x2 
 .text.HAL_Init
                0x0000000008001464       0x2c ./Drivers/STM32F3xx_HAL_Driver/Src/stm32f3xx_hal.o
                0x0000000008001464                HAL_Init
 .text.HAL_IncTick
                0x0000000008001490       0x28 ./Drivers/STM32F3xx_HAL_Driver/Src/stm32f3xx_hal.o
                0x0000000008001490                HAL_IncTick
 .text.HAL_GetTick
                0x00000000080014b8       0x18 ./Drivers/STM32F3xx_HAL_Driver/Src/stm32f3xx_hal.o
                0x00000000080014b8                HAL_GetTick
 .text.__NVIC_SetPriorityGrouping
                0x00000000080014d0       0x48 ./Drivers/STM32F3xx_HAL_Driver/Src/stm32f3xx_hal_cortex.o
 .text.__NVIC_GetPriorityGrouping
                0x0000000008001518       0x1c ./Drivers/STM32F3xx_HAL_Driver/Src/stm32f3xx_hal_cortex.o
 .text.__NVIC_EnableIRQ
                0x0000000008001534       0x3c ./Drivers/STM32F3xx_HAL_Driver/Src/stm32f3xx_hal_cortex.o
 .text.__NVIC_SetPriority
                0x0000000008001570       0x54 ./Drivers/STM32F3xx_HAL_Driver/Src/stm32f3xx_hal_cortex.o
 .text.NVIC_EncodePriority
                0x00000000080015c4       0x66 ./Drivers/STM32F3xx_HAL_Driver/Src/stm32f3xx_hal_cortex.o
 .text.HAL_NVIC_SetPriorityGrouping
                0x000000000800162a       0x16 ./Drivers/STM32F3xx_HAL_Driver/Src/stm32f3xx_hal_cortex.o
                0x000000000800162a                HAL_NVIC_SetPriorityGrouping
 .text.HAL_NVIC_SetPriority
                0x0000000008001640       0x38 ./Drivers/STM32F3xx_HAL_Driver/Src/stm32f3xx_hal_cortex.o
                0x0000000008001640                HAL_NVIC_SetPriority
 .text.HAL_NVIC_EnableIRQ
                0x0000000008001678       0x1c ./Drivers/STM32F3xx_HAL_Driver/Src/stm32f3xx_hal_cortex.o
                0x0000000008001678                HAL_NVIC_EnableIRQ
 .text.HAL_DMA_Init
                0x0000000008001694       0x8e ./Drivers/STM32F3xx_HAL_Driver/Src/stm32f3xx_hal_dma.o
                0x0000000008001694                HAL_DMA_Init
 .text.HAL_DMA_Abort
                0x0000000008001722       0x72 ./Drivers/STM32F3xx_HAL_Driver/Src/stm32f3xx_hal_dma.o
                0x0000000008001722                HAL_DMA_Abort
 .text.HAL_DMA_Abort_IT
                0x0000000008001794       0x7c ./Drivers/STM32F3xx_HAL_Driver/Src/stm32f3xx_hal_dma.o
                0x0000000008001794                HAL_DMA_Abort_IT
 .text.HAL_DMA_IRQHandler
                0x0000000008001810      0x146 ./Drivers/STM32F3xx_HAL_Driver/Src/stm32f3xx_hal_dma.o
                0x0000000008001810                HAL_DMA_IRQHandler
 *fill*         0x0000000008001956        0x2 
 .text.DMA_CalcBaseAndBitshift
                0x0000000008001958       0x78 ./Drivers/STM32F3xx_HAL_Driver/Src/stm32f3xx_hal_dma.o
 .text.HAL_GPIO_Init
                0x00000000080019d0      0x2f4 ./Drivers/STM32F3xx_HAL_Driver/Src/stm32f3xx_hal_gpio.o
                0x00000000080019d0                HAL_GPIO_Init
 .text.HAL_GPIO_WritePin
                0x0000000008001cc4       0x30 ./Drivers/STM32F3xx_HAL_Driver/Src/stm32f3xx_hal_gpio.o
                0x0000000008001cc4                HAL_GPIO_WritePin
 .text.HAL_I2C_Init
                0x0000000008001cf4      0x11e ./Drivers/STM32F3xx_HAL_Driver/Src/stm32f3xx_hal_i2c.o
                0x0000000008001cf4                HAL_I2C_Init
 .text.HAL_I2CEx_ConfigAnalogFilter
                0x0000000008001e12       0x96 ./Drivers/STM32F3xx_HAL_Driver/Src/stm32f3xx_hal_i2c_ex.o
                0x0000000008001e12                HAL_I2CEx_ConfigAnalogFilter
 .text.HAL_I2CEx_ConfigDigitalFilter
                0x0000000008001ea8       0x98 ./Drivers/STM32F3xx_HAL_Driver/Src/stm32f3xx_hal_i2c_ex.o
                0x0000000008001ea8                HAL_I2CEx_ConfigDigitalFilter
 .text.HAL_PCD_Init
                0x0000000008001f40      0x1a4 ./Drivers/STM32F3xx_HAL_Driver/Src/stm32f3xx_hal_pcd.o
                0x0000000008001f40                HAL_PCD_Init
 .text.HAL_RCC_OscConfig
                0x00000000080020e4     0x107c ./Drivers/STM32F3xx_HAL_Driver/Src/stm32f3xx_hal_rcc.o
                0x00000000080020e4                HAL_RCC_OscConfig
 .text.HAL_RCC_ClockConfig
                0x0000000008003160      0x2f8 ./Drivers/STM32F3xx_HAL_Driver/Src/stm32f3xx_hal_rcc.o
                0x0000000008003160                HAL_RCC_ClockConfig
 .text.HAL_RCC_GetSysClockFreq
                0x0000000008003458       0xd4 ./Drivers/STM32F3xx_HAL_Driver/Src/stm32f3xx_hal_rcc.o
                0x0000000008003458                HAL_RCC_GetSysClockFreq
 .text.HAL_RCC_GetHCLKFreq
                0x000000000800352c       0x18 ./Drivers/STM32F3xx_HAL_Driver/Src/stm32f3xx_hal_rcc.o
                0x000000000800352c                HAL_RCC_GetHCLKFreq
 .text.HAL_RCC_GetPCLK1Freq
                0x0000000008003544       0x44 ./Drivers/STM32F3xx_HAL_Driver/Src/stm32f3xx_hal_rcc.o
                0x0000000008003544                HAL_RCC_GetPCLK1Freq
 .text.HAL_RCC_GetPCLK2Freq
                0x0000000008003588       0x44 ./Drivers/STM32F3xx_HAL_Driver/Src/stm32f3xx_hal_rcc.o
                0x0000000008003588                HAL_RCC_GetPCLK2Freq
 .text.HAL_RCC_GetClockConfig
                0x00000000080035cc       0x64 ./Drivers/STM32F3xx_HAL_Driver/Src/stm32f3xx_hal_rcc.o
                0x00000000080035cc                HAL_RCC_GetClockConfig
 .text.HAL_RCCEx_PeriphCLKConfig
                0x0000000008003630      0x360 ./Drivers/STM32F3xx_HAL_Driver/Src/stm32f3xx_hal_rcc_ex.o
                0x0000000008003630                HAL_RCCEx_PeriphCLKConfig
 .text.HAL_SPI_Init
                0x0000000008003990      0x156 ./Drivers/STM32F3xx_HAL_Driver/Src/stm32f3xx_hal_spi.o
                0x0000000008003990                HAL_SPI_Init
 .text.HAL_TIM_Base_Init
                0x0000000008003ae6       0xae ./Drivers/STM32F3xx_HAL_Driver/Src/stm32f3xx_hal_tim.o
                0x0000000008003ae6                HAL_TIM_Base_Init
 .text.HAL_TIM_Base_MspInit
                0x0000000008003b94       0x14 ./Drivers/STM32F3xx_HAL_Driver/Src/stm32f3xx_hal_tim.o
                0x0000000008003b94                HAL_TIM_Base_MspInit
 .text.HAL_TIM_Base_Start_IT
                0x0000000008003ba8       0xd4 ./Drivers/STM32F3xx_HAL_Driver/Src/stm32f3xx_hal_tim.o
                0x0000000008003ba8                HAL_TIM_Base_Start_IT
 .text.HAL_TIM_PWM_Init
                0x0000000008003c7c       0xae ./Drivers/STM32F3xx_HAL_Driver/Src/stm32f3xx_hal_tim.o
                0x0000000008003c7c                HAL_TIM_PWM_Init
 *fill*         0x0000000008003d2a        0x2 
 .text.HAL_TIM_PWM_Start
                0x0000000008003d2c      0x200 ./Drivers/STM32F3xx_HAL_Driver/Src/stm32f3xx_hal_tim.o
                0x0000000008003d2c                HAL_TIM_PWM_Start
 .text.HAL_TIM_IRQHandler
                0x0000000008003f2c      0x23e ./Drivers/STM32F3xx_HAL_Driver/Src/stm32f3xx_hal_tim.o
                0x0000000008003f2c                HAL_TIM_IRQHandler
 *fill*         0x000000000800416a        0x2 
 .text.HAL_TIM_PWM_ConfigChannel
                0x000000000800416c      0x228 ./Drivers/STM32F3xx_HAL_Driver/Src/stm32f3xx_hal_tim.o
                0x000000000800416c                HAL_TIM_PWM_ConfigChannel
 .text.HAL_TIM_OC_DelayElapsedCallback
                0x0000000008004394       0x14 ./Drivers/STM32F3xx_HAL_Driver/Src/stm32f3xx_hal_tim.o
                0x0000000008004394                HAL_TIM_OC_DelayElapsedCallback
 .text.HAL_TIM_IC_CaptureCallback
                0x00000000080043a8       0x14 ./Drivers/STM32F3xx_HAL_Driver/Src/stm32f3xx_hal_tim.o
                0x00000000080043a8                HAL_TIM_IC_CaptureCallback
 .text.HAL_TIM_PWM_PulseFinishedCallback
                0x00000000080043bc       0x14 ./Drivers/STM32F3xx_HAL_Driver/Src/stm32f3xx_hal_tim.o
                0x00000000080043bc                HAL_TIM_PWM_PulseFinishedCallback
 .text.HAL_TIM_TriggerCallback
                0x00000000080043d0       0x14 ./Drivers/STM32F3xx_HAL_Driver/Src/stm32f3xx_hal_tim.o
                0x00000000080043d0                HAL_TIM_TriggerCallback
 .text.TIM_Base_SetConfig
                0x00000000080043e4      0x120 ./Drivers/STM32F3xx_HAL_Driver/Src/stm32f3xx_hal_tim.o
                0x00000000080043e4                TIM_Base_SetConfig
 .text.TIM_OC1_SetConfig
                0x0000000008004504      0x120 ./Drivers/STM32F3xx_HAL_Driver/Src/stm32f3xx_hal_tim.o
 .text.TIM_OC2_SetConfig
                0x0000000008004624      0x114 ./Drivers/STM32F3xx_HAL_Driver/Src/stm32f3xx_hal_tim.o
                0x0000000008004624                TIM_OC2_SetConfig
 .text.TIM_OC3_SetConfig
                0x0000000008004738      0x110 ./Drivers/STM32F3xx_HAL_Driver/Src/stm32f3xx_hal_tim.o
 .text.TIM_OC4_SetConfig
                0x0000000008004848       0xd4 ./Drivers/STM32F3xx_HAL_Driver/Src/stm32f3xx_hal_tim.o
 .text.TIM_OC5_SetConfig
                0x000000000800491c       0xc8 ./Drivers/STM32F3xx_HAL_Driver/Src/stm32f3xx_hal_tim.o
 .text.TIM_OC6_SetConfig
                0x00000000080049e4       0xcc ./Drivers/STM32F3xx_HAL_Driver/Src/stm32f3xx_hal_tim.o
 .text.TIM_CCxChannelCmd
                0x0000000008004ab0       0x4a ./Drivers/STM32F3xx_HAL_Driver/Src/stm32f3xx_hal_tim.o
                0x0000000008004ab0                TIM_CCxChannelCmd
 *fill*         0x0000000008004afa        0x2 
 .text.HAL_TIMEx_MasterConfigSynchronization
                0x0000000008004afc      0x100 ./Drivers/STM32F3xx_HAL_Driver/Src/stm32f3xx_hal_tim_ex.o
                0x0000000008004afc                HAL_TIMEx_MasterConfigSynchronization
 .text.HAL_TIMEx_CommutCallback
                0x0000000008004bfc       0x14 ./Drivers/STM32F3xx_HAL_Driver/Src/stm32f3xx_hal_tim_ex.o
                0x0000000008004bfc                HAL_TIMEx_CommutCallback
 .text.HAL_TIMEx_BreakCallback
                0x0000000008004c10       0x14 ./Drivers/STM32F3xx_HAL_Driver/Src/stm32f3xx_hal_tim_ex.o
                0x0000000008004c10                HAL_TIMEx_BreakCallback
 .text.HAL_TIMEx_Break2Callback
                0x0000000008004c24       0x14 ./Drivers/STM32F3xx_HAL_Driver/Src/stm32f3xx_hal_tim_ex.o
                0x0000000008004c24                HAL_TIMEx_Break2Callback
 .text.HAL_UART_Init
                0x0000000008004c38       0x9c ./Drivers/STM32F3xx_HAL_Driver/Src/stm32f3xx_hal_uart.o
                0x0000000008004c38                HAL_UART_Init
 .text.HAL_UART_Transmit
                0x0000000008004cd4      0x114 ./Drivers/STM32F3xx_HAL_Driver/Src/stm32f3xx_hal_uart.o
                0x0000000008004cd4                HAL_UART_Transmit
 .text.HAL_UART_Receive_IT
                0x0000000008004de8       0x88 ./Drivers/STM32F3xx_HAL_Driver/Src/stm32f3xx_hal_uart.o
                0x0000000008004de8                HAL_UART_Receive_IT
 .text.HAL_UART_IRQHandler
                0x0000000008004e70      0x5cc ./Drivers/STM32F3xx_HAL_Driver/Src/stm32f3xx_hal_uart.o
                0x0000000008004e70                HAL_UART_IRQHandler
 .text.HAL_UART_TxCpltCallback
                0x000000000800543c       0x14 ./Drivers/STM32F3xx_HAL_Driver/Src/stm32f3xx_hal_uart.o
                0x000000000800543c                HAL_UART_TxCpltCallback
 .text.HAL_UART_ErrorCallback
                0x0000000008005450       0x14 ./Drivers/STM32F3xx_HAL_Driver/Src/stm32f3xx_hal_uart.o
                0x0000000008005450                HAL_UART_ErrorCallback
 .text.HAL_UARTEx_RxEventCallback
                0x0000000008005464       0x18 ./Drivers/STM32F3xx_HAL_Driver/Src/stm32f3xx_hal_uart.o
                0x0000000008005464                HAL_UARTEx_RxEventCallback
 .text.UART_SetConfig
                0x000000000800547c      0x3a8 ./Drivers/STM32F3xx_HAL_Driver/Src/stm32f3xx_hal_uart.o
                0x000000000800547c                UART_SetConfig
 .text.UART_AdvFeatureConfig
                0x0000000008005824      0x144 ./Drivers/STM32F3xx_HAL_Driver/Src/stm32f3xx_hal_uart.o
                0x0000000008005824                UART_AdvFeatureConfig
 .text.UART_CheckIdleState
                0x0000000008005968      0x150 ./Drivers/STM32F3xx_HAL_Driver/Src/stm32f3xx_hal_uart.o
                0x0000000008005968                UART_CheckIdleState
 .text.UART_WaitOnFlagUntilTimeout
                0x0000000008005ab8       0xce ./Drivers/STM32F3xx_HAL_Driver/Src/stm32f3xx_hal_uart.o
                0x0000000008005ab8                UART_WaitOnFlagUntilTimeout
 *fill*         0x0000000008005b86        0x2 
 .text.UART_Start_Receive_IT
                0x0000000008005b88      0x168 ./Drivers/STM32F3xx_HAL_Driver/Src/stm32f3xx_hal_uart.o
                0x0000000008005b88                UART_Start_Receive_IT
 .text.UART_EndRxTransfer
                0x0000000008005cf0       0xc8 ./Drivers/STM32F3xx_HAL_Driver/Src/stm32f3xx_hal_uart.o
 .text.UART_DMAAbortOnError
                0x0000000008005db8       0x2c ./Drivers/STM32F3xx_HAL_Driver/Src/stm32f3xx_hal_uart.o
 .text.UART_EndTransmit_IT
                0x0000000008005de4       0x54 ./Drivers/STM32F3xx_HAL_Driver/Src/stm32f3xx_hal_uart.o
 .text.UART_RxISR_8BIT
                0x0000000008005e38      0x1a8 ./Drivers/STM32F3xx_HAL_Driver/Src/stm32f3xx_hal_uart.o
 .text.UART_RxISR_16BIT
                0x0000000008005fe0      0x1a8 ./Drivers/STM32F3xx_HAL_Driver/Src/stm32f3xx_hal_uart.o
 .text.HAL_UARTEx_WakeupCallback
                0x0000000008006188       0x14 ./Drivers/STM32F3xx_HAL_Driver/Src/stm32f3xx_hal_uart_ex.o
                0x0000000008006188                HAL_UARTEx_WakeupCallback
 .text.USB_DisableGlobalInt
                0x000000000800619c       0x36 ./Drivers/STM32F3xx_HAL_Driver/Src/stm32f3xx_ll_usb.o
                0x000000000800619c                USB_DisableGlobalInt
 .text.USB_DevInit
                0x00000000080061d2       0x42 ./Drivers/STM32F3xx_HAL_Driver/Src/stm32f3xx_ll_usb.o
                0x00000000080061d2                USB_DevInit
 .text.osKernelInitialize
                0x0000000008006214       0x68 ./Middlewares/Third_Party/FreeRTOS/Source/CMSIS_RTOS_V2/cmsis_os2.o
                0x0000000008006214                osKernelInitialize
 .text.osKernelStart
                0x000000000800627c       0x68 ./Middlewares/Third_Party/FreeRTOS/Source/CMSIS_RTOS_V2/cmsis_os2.o
                0x000000000800627c                osKernelStart
 .text.osThreadNew
                0x00000000080062e4      0x154 ./Middlewares/Third_Party/FreeRTOS/Source/CMSIS_RTOS_V2/cmsis_os2.o
                0x00000000080062e4                osThreadNew
 .text.osDelay  0x0000000008006438       0x5c ./Middlewares/Third_Party/FreeRTOS/Source/CMSIS_RTOS_V2/cmsis_os2.o
                0x0000000008006438                osDelay
 .text.osMutexNew
                0x0000000008006494      0x134 ./Middlewares/Third_Party/FreeRTOS/Source/CMSIS_RTOS_V2/cmsis_os2.o
                0x0000000008006494                osMutexNew
 .text.osSemaphoreNew
                0x00000000080065c8      0x138 ./Middlewares/Third_Party/FreeRTOS/Source/CMSIS_RTOS_V2/cmsis_os2.o
                0x00000000080065c8                osSemaphoreNew
 .text.osSemaphoreAcquire
                0x0000000008006700       0xcc ./Middlewares/Third_Party/FreeRTOS/Source/CMSIS_RTOS_V2/cmsis_os2.o
                0x0000000008006700                osSemaphoreAcquire
 .text.osSemaphoreRelease
                0x00000000080067cc       0xb0 ./Middlewares/Third_Party/FreeRTOS/Source/CMSIS_RTOS_V2/cmsis_os2.o
                0x00000000080067cc                osSemaphoreRelease
 .text.vApplicationGetIdleTaskMemory
                0x000000000800687c       0x34 ./Middlewares/Third_Party/FreeRTOS/Source/CMSIS_RTOS_V2/cmsis_os2.o
                0x000000000800687c                vApplicationGetIdleTaskMemory
 .text.vApplicationGetTimerTaskMemory
                0x00000000080068b0       0x34 ./Middlewares/Third_Party/FreeRTOS/Source/CMSIS_RTOS_V2/cmsis_os2.o
                0x00000000080068b0                vApplicationGetTimerTaskMemory
 .text.vListInitialise
                0x00000000080068e4       0x40 ./Middlewares/Third_Party/FreeRTOS/Source/list.o
                0x00000000080068e4                vListInitialise
 .text.vListInitialiseItem
                0x0000000008006924       0x1a ./Middlewares/Third_Party/FreeRTOS/Source/list.o
                0x0000000008006924                vListInitialiseItem
 .text.vListInsertEnd
                0x000000000800693e       0x48 ./Middlewares/Third_Party/FreeRTOS/Source/list.o
                0x000000000800693e                vListInsertEnd
 .text.vListInsert
                0x0000000008006986       0x72 ./Middlewares/Third_Party/FreeRTOS/Source/list.o
                0x0000000008006986                vListInsert
 .text.uxListRemove
                0x00000000080069f8       0x54 ./Middlewares/Third_Party/FreeRTOS/Source/list.o
                0x00000000080069f8                uxListRemove
 .text.xQueueGenericReset
                0x0000000008006a4c       0xd0 ./Middlewares/Third_Party/FreeRTOS/Source/queue.o
                0x0000000008006a4c                xQueueGenericReset
 .text.xQueueGenericCreateStatic
                0x0000000008006b1c       0xee ./Middlewares/Third_Party/FreeRTOS/Source/queue.o
                0x0000000008006b1c                xQueueGenericCreateStatic
 .text.xQueueGenericCreate
                0x0000000008006c0a       0x7c ./Middlewares/Third_Party/FreeRTOS/Source/queue.o
                0x0000000008006c0a                xQueueGenericCreate
 .text.prvInitialiseNewQueue
                0x0000000008006c86       0x46 ./Middlewares/Third_Party/FreeRTOS/Source/queue.o
 .text.prvInitialiseMutex
                0x0000000008006ccc       0x34 ./Middlewares/Third_Party/FreeRTOS/Source/queue.o
 .text.xQueueCreateMutex
                0x0000000008006d00       0x30 ./Middlewares/Third_Party/FreeRTOS/Source/queue.o
                0x0000000008006d00                xQueueCreateMutex
 .text.xQueueCreateMutexStatic
                0x0000000008006d30       0x36 ./Middlewares/Third_Party/FreeRTOS/Source/queue.o
                0x0000000008006d30                xQueueCreateMutexStatic
 .text.xQueueCreateCountingSemaphoreStatic
                0x0000000008006d66       0x6e ./Middlewares/Third_Party/FreeRTOS/Source/queue.o
                0x0000000008006d66                xQueueCreateCountingSemaphoreStatic
 .text.xQueueCreateCountingSemaphore
                0x0000000008006dd4       0x66 ./Middlewares/Third_Party/FreeRTOS/Source/queue.o
                0x0000000008006dd4                xQueueCreateCountingSemaphore
 *fill*         0x0000000008006e3a        0x2 
 .text.xQueueGenericSend
                0x0000000008006e3c      0x1fc ./Middlewares/Third_Party/FreeRTOS/Source/queue.o
                0x0000000008006e3c                xQueueGenericSend
 .text.xQueueGenericSendFromISR
                0x0000000008007038      0x130 ./Middlewares/Third_Party/FreeRTOS/Source/queue.o
                0x0000000008007038                xQueueGenericSendFromISR
 .text.xQueueGiveFromISR
                0x0000000008007168      0x11a ./Middlewares/Third_Party/FreeRTOS/Source/queue.o
                0x0000000008007168                xQueueGiveFromISR
 *fill*         0x0000000008007282        0x2 
 .text.xQueueReceive
                0x0000000008007284      0x1c0 ./Middlewares/Third_Party/FreeRTOS/Source/queue.o
                0x0000000008007284                xQueueReceive
 .text.xQueueSemaphoreTake
                0x0000000008007444      0x218 ./Middlewares/Third_Party/FreeRTOS/Source/queue.o
                0x0000000008007444                xQueueSemaphoreTake
 .text.xQueueReceiveFromISR
                0x000000000800765c      0x100 ./Middlewares/Third_Party/FreeRTOS/Source/queue.o
                0x000000000800765c                xQueueReceiveFromISR
 .text.vQueueDelete
                0x000000000800775c       0x46 ./Middlewares/Third_Party/FreeRTOS/Source/queue.o
                0x000000000800775c                vQueueDelete
 .text.prvGetDisinheritPriorityAfterTimeout
                0x00000000080077a2       0x30 ./Middlewares/Third_Party/FreeRTOS/Source/queue.o
 .text.prvCopyDataToQueue
                0x00000000080077d2       0xd4 ./Middlewares/Third_Party/FreeRTOS/Source/queue.o
 .text.prvCopyDataFromQueue
                0x00000000080078a6       0x4c ./Middlewares/Third_Party/FreeRTOS/Source/queue.o
 .text.prvUnlockQueue
                0x00000000080078f2       0xa4 ./Middlewares/Third_Party/FreeRTOS/Source/queue.o
 .text.prvIsQueueEmpty
                0x0000000008007996       0x2c ./Middlewares/Third_Party/FreeRTOS/Source/queue.o
 .text.prvIsQueueFull
                0x00000000080079c2       0x30 ./Middlewares/Third_Party/FreeRTOS/Source/queue.o
 *fill*         0x00000000080079f2        0x2 
 .text.vQueueAddToRegistry
                0x00000000080079f4       0x54 ./Middlewares/Third_Party/FreeRTOS/Source/queue.o
                0x00000000080079f4                vQueueAddToRegistry
 .text.vQueueUnregisterQueue
                0x0000000008007a48       0x54 ./Middlewares/Third_Party/FreeRTOS/Source/queue.o
                0x0000000008007a48                vQueueUnregisterQueue
 .text.vQueueWaitForMessageRestricted
                0x0000000008007a9c       0x68 ./Middlewares/Third_Party/FreeRTOS/Source/queue.o
                0x0000000008007a9c                vQueueWaitForMessageRestricted
 .text.xTaskCreateStatic
                0x0000000008007b04       0xb8 ./Middlewares/Third_Party/FreeRTOS/Source/tasks.o
                0x0000000008007b04                xTaskCreateStatic
 .text.xTaskCreate
                0x0000000008007bbc       0x8a ./Middlewares/Third_Party/FreeRTOS/Source/tasks.o
                0x0000000008007bbc                xTaskCreate
 .text.prvInitialiseNewTask
                0x0000000008007c46      0x10e ./Middlewares/Third_Party/FreeRTOS/Source/tasks.o
 .text.prvAddNewTaskToReadyList
                0x0000000008007d54       0xe0 ./Middlewares/Third_Party/FreeRTOS/Source/tasks.o
 .text.vTaskDelay
                0x0000000008007e34       0x68 ./Middlewares/Third_Party/FreeRTOS/Source/tasks.o
                0x0000000008007e34                vTaskDelay
 .text.vTaskStartScheduler
                0x0000000008007e9c       0xcc ./Middlewares/Third_Party/FreeRTOS/Source/tasks.o
                0x0000000008007e9c                vTaskStartScheduler
 .text.vTaskSuspendAll
                0x0000000008007f68       0x1c ./Middlewares/Third_Party/FreeRTOS/Source/tasks.o
                0x0000000008007f68                vTaskSuspendAll
 .text.xTaskResumeAll
                0x0000000008007f84      0x13c ./Middlewares/Third_Party/FreeRTOS/Source/tasks.o
                0x0000000008007f84                xTaskResumeAll
 .text.xTaskGetTickCount
                0x00000000080080c0       0x20 ./Middlewares/Third_Party/FreeRTOS/Source/tasks.o
                0x00000000080080c0                xTaskGetTickCount
 .text.xTaskIncrementTick
                0x00000000080080e0      0x17c ./Middlewares/Third_Party/FreeRTOS/Source/tasks.o
                0x00000000080080e0                xTaskIncrementTick
 .text.vTaskSwitchContext
                0x000000000800825c       0xbc ./Middlewares/Third_Party/FreeRTOS/Source/tasks.o
                0x000000000800825c                vTaskSwitchContext
 .text.vTaskPlaceOnEventList
                0x0000000008008318       0x48 ./Middlewares/Third_Party/FreeRTOS/Source/tasks.o
                0x0000000008008318                vTaskPlaceOnEventList
 .text.vTaskPlaceOnEventListRestricted
                0x0000000008008360       0x58 ./Middlewares/Third_Party/FreeRTOS/Source/tasks.o
                0x0000000008008360                vTaskPlaceOnEventListRestricted
 .text.xTaskRemoveFromEventList
                0x00000000080083b8       0xc8 ./Middlewares/Third_Party/FreeRTOS/Source/tasks.o
                0x00000000080083b8                xTaskRemoveFromEventList
 .text.vTaskInternalSetTimeOutState
                0x0000000008008480       0x2c ./Middlewares/Third_Party/FreeRTOS/Source/tasks.o
                0x0000000008008480                vTaskInternalSetTimeOutState
 .text.xTaskCheckForTimeOut
                0x00000000080084ac       0xc4 ./Middlewares/Third_Party/FreeRTOS/Source/tasks.o
                0x00000000080084ac                xTaskCheckForTimeOut
 .text.vTaskMissedYield
                0x0000000008008570       0x18 ./Middlewares/Third_Party/FreeRTOS/Source/tasks.o
                0x0000000008008570                vTaskMissedYield
 .text.prvIdleTask
                0x0000000008008588       0x30 ./Middlewares/Third_Party/FreeRTOS/Source/tasks.o
 .text.prvInitialiseTaskLists
                0x00000000080085b8       0x80 ./Middlewares/Third_Party/FreeRTOS/Source/tasks.o
 .text.prvCheckTasksWaitingTermination
                0x0000000008008638       0x5c ./Middlewares/Third_Party/FreeRTOS/Source/tasks.o
 .text.prvDeleteTCB
                0x0000000008008694       0x5e ./Middlewares/Third_Party/FreeRTOS/Source/tasks.o
 *fill*         0x00000000080086f2        0x2 
 .text.prvResetNextTaskUnblockTime
                0x00000000080086f4       0x4c ./Middlewares/Third_Party/FreeRTOS/Source/tasks.o
 .text.xTaskGetSchedulerState
                0x0000000008008740       0x3c ./Middlewares/Third_Party/FreeRTOS/Source/tasks.o
                0x0000000008008740                xTaskGetSchedulerState
 .text.xTaskPriorityInherit
                0x000000000800877c       0xdc ./Middlewares/Third_Party/FreeRTOS/Source/tasks.o
                0x000000000800877c                xTaskPriorityInherit
 .text.xTaskPriorityDisinherit
                0x0000000008008858       0xdc ./Middlewares/Third_Party/FreeRTOS/Source/tasks.o
                0x0000000008008858                xTaskPriorityDisinherit
 .text.vTaskPriorityDisinheritAfterTimeout
                0x0000000008008934      0x10c ./Middlewares/Third_Party/FreeRTOS/Source/tasks.o
                0x0000000008008934                vTaskPriorityDisinheritAfterTimeout
 .text.pvTaskIncrementMutexHeldCount
                0x0000000008008a40       0x28 ./Middlewares/Third_Party/FreeRTOS/Source/tasks.o
                0x0000000008008a40                pvTaskIncrementMutexHeldCount
 .text.prvAddCurrentTaskToDelayedList
                0x0000000008008a68       0xa8 ./Middlewares/Third_Party/FreeRTOS/Source/tasks.o
 .text.xTimerCreateTimerTask
                0x0000000008008b10       0x90 ./Middlewares/Third_Party/FreeRTOS/Source/timers.o
                0x0000000008008b10                xTimerCreateTimerTask
 .text.xTimerGenericCommand
                0x0000000008008ba0       0x9c ./Middlewares/Third_Party/FreeRTOS/Source/timers.o
                0x0000000008008ba0                xTimerGenericCommand
 .text.prvProcessExpiredTimer
                0x0000000008008c3c       0x80 ./Middlewares/Third_Party/FreeRTOS/Source/timers.o
 .text.prvTimerTask
                0x0000000008008cbc       0x24 ./Middlewares/Third_Party/FreeRTOS/Source/timers.o
 .text.prvProcessTimerOrBlockTask
                0x0000000008008ce0       0x9c ./Middlewares/Third_Party/FreeRTOS/Source/timers.o
 .text.prvGetNextExpireTime
                0x0000000008008d7c       0x48 ./Middlewares/Third_Party/FreeRTOS/Source/timers.o
 .text.prvSampleTimeNow
                0x0000000008008dc4       0x40 ./Middlewares/Third_Party/FreeRTOS/Source/timers.o
 .text.prvInsertTimerInActiveList
                0x0000000008008e04       0x84 ./Middlewares/Third_Party/FreeRTOS/Source/timers.o
 .text.prvProcessReceivedCommands
                0x0000000008008e88      0x168 ./Middlewares/Third_Party/FreeRTOS/Source/timers.o
 .text.prvSwitchTimerLists
                0x0000000008008ff0       0xc4 ./Middlewares/Third_Party/FreeRTOS/Source/timers.o
 .text.prvCheckForValidListAndQueue
                0x00000000080090b4       0x80 ./Middlewares/Third_Party/FreeRTOS/Source/timers.o
 .text.pxPortInitialiseStack
                0x0000000008009134       0x68 ./Middlewares/Third_Party/FreeRTOS/Source/portable/GCC/ARM_CM4F/port.o
                0x0000000008009134                pxPortInitialiseStack
 .text.prvTaskExitError
                0x000000000800919c       0x58 ./Middlewares/Third_Party/FreeRTOS/Source/portable/GCC/ARM_CM4F/port.o
 *fill*         0x00000000080091f4        0xc 
 .text.SVC_Handler
                0x0000000008009200       0x28 ./Middlewares/Third_Party/FreeRTOS/Source/portable/GCC/ARM_CM4F/port.o
                0x0000000008009200                SVC_Handler
 .text.prvPortStartFirstTask
                0x0000000008009228       0x28 ./Middlewares/Third_Party/FreeRTOS/Source/portable/GCC/ARM_CM4F/port.o
 .text.xPortStartScheduler
                0x0000000008009250      0x144 ./Middlewares/Third_Party/FreeRTOS/Source/portable/GCC/ARM_CM4F/port.o
                0x0000000008009250                xPortStartScheduler
 .text.vPortEnterCritical
                0x0000000008009394       0x60 ./Middlewares/Third_Party/FreeRTOS/Source/portable/GCC/ARM_CM4F/port.o
                0x0000000008009394                vPortEnterCritical
 .text.vPortExitCritical
                0x00000000080093f4       0x54 ./Middlewares/Third_Party/FreeRTOS/Source/portable/GCC/ARM_CM4F/port.o
                0x00000000080093f4                vPortExitCritical
 *fill*         0x0000000008009448        0x8 
 .text.PendSV_Handler
                0x0000000008009450       0x68 ./Middlewares/Third_Party/FreeRTOS/Source/portable/GCC/ARM_CM4F/port.o
                0x0000000008009450                PendSV_Handler
 .text.SysTick_Handler
                0x00000000080094b8       0x44 ./Middlewares/Third_Party/FreeRTOS/Source/portable/GCC/ARM_CM4F/port.o
                0x00000000080094b8                SysTick_Handler
 .text.vPortSetupTimerInterrupt
                0x00000000080094fc       0x48 ./Middlewares/Third_Party/FreeRTOS/Source/portable/GCC/ARM_CM4F/port.o
                0x00000000080094fc                vPortSetupTimerInterrupt
 .text.vPortEnableVFP
                0x0000000008009544       0x14 ./Middlewares/Third_Party/FreeRTOS/Source/portable/GCC/ARM_CM4F/port.o
 .text.vPortValidateInterruptPriority
                0x0000000008009558       0x80 ./Middlewares/Third_Party/FreeRTOS/Source/portable/GCC/ARM_CM4F/port.o
                0x0000000008009558                vPortValidateInterruptPriority
 .text.pvPortMalloc
                0x00000000080095d8      0x188 ./Middlewares/Third_Party/FreeRTOS/Source/portable/MemMang/heap_4.o
                0x00000000080095d8                pvPortMalloc
 .text.vPortFree
                0x0000000008009760       0xb4 ./Middlewares/Third_Party/FreeRTOS/Source/portable/MemMang/heap_4.o
                0x0000000008009760                vPortFree
 .text.prvHeapInit
                0x0000000008009814       0xc4 ./Middlewares/Third_Party/FreeRTOS/Source/portable/MemMang/heap_4.o
 .text.prvInsertBlockIntoFreeList
                0x00000000080098d8       0xb4 ./Middlewares/Third_Party/FreeRTOS/Source/portable/MemMang/heap_4.o
 .text.atoi     0x000000000800998c        0x8 /home/majiddrn/st/stm32cubeide_1.11.2/plugins/com.st.stm32cube.ide.mcu.externaltools.gnu-tools-for-stm32.10.3-2021.10.linux64_1.0.100.202210260954/tools/bin/../lib/gcc/arm-none-eabi/10.3.1/../../../../arm-none-eabi/lib/thumb/v7e-m+fp/hard/libc_nano.a(lib_a-atoi.o)
                0x000000000800998c                atoi
 .text.__errno  0x0000000008009994        0xc /home/majiddrn/st/stm32cubeide_1.11.2/plugins/com.st.stm32cube.ide.mcu.externaltools.gnu-tools-for-stm32.10.3-2021.10.linux64_1.0.100.202210260954/tools/bin/../lib/gcc/arm-none-eabi/10.3.1/../../../../arm-none-eabi/lib/thumb/v7e-m+fp/hard/libc_nano.a(lib_a-errno.o)
                0x0000000008009994                __errno
 .text.__libc_init_array
                0x00000000080099a0       0x48 /home/majiddrn/st/stm32cubeide_1.11.2/plugins/com.st.stm32cube.ide.mcu.externaltools.gnu-tools-for-stm32.10.3-2021.10.linux64_1.0.100.202210260954/tools/bin/../lib/gcc/arm-none-eabi/10.3.1/../../../../arm-none-eabi/lib/thumb/v7e-m+fp/hard/libc_nano.a(lib_a-init.o)
                0x00000000080099a0                __libc_init_array
 .text.memcpy   0x00000000080099e8       0x1c /home/majiddrn/st/stm32cubeide_1.11.2/plugins/com.st.stm32cube.ide.mcu.externaltools.gnu-tools-for-stm32.10.3-2021.10.linux64_1.0.100.202210260954/tools/bin/../lib/gcc/arm-none-eabi/10.3.1/../../../../arm-none-eabi/lib/thumb/v7e-m+fp/hard/libc_nano.a(lib_a-memcpy-stub.o)
                0x00000000080099e8                memcpy
 .text.memset   0x0000000008009a04       0x10 /home/majiddrn/st/stm32cubeide_1.11.2/plugins/com.st.stm32cube.ide.mcu.externaltools.gnu-tools-for-stm32.10.3-2021.10.linux64_1.0.100.202210260954/tools/bin/../lib/gcc/arm-none-eabi/10.3.1/../../../../arm-none-eabi/lib/thumb/v7e-m+fp/hard/libc_nano.a(lib_a-memset.o)
                0x0000000008009a04                memset
 .text.sprintf  0x0000000008009a14       0x40 /home/majiddrn/st/stm32cubeide_1.11.2/plugins/com.st.stm32cube.ide.mcu.externaltools.gnu-tools-for-stm32.10.3-2021.10.linux64_1.0.100.202210260954/tools/bin/../lib/gcc/arm-none-eabi/10.3.1/../../../../arm-none-eabi/lib/thumb/v7e-m+fp/hard/libc_nano.a(lib_a-sprintf.o)
                0x0000000008009a14                sprintf
                0x0000000008009a14                siprintf
 .text.strcpy   0x0000000008009a54       0x10 /home/majiddrn/st/stm32cubeide_1.11.2/plugins/com.st.stm32cube.ide.mcu.externaltools.gnu-tools-for-stm32.10.3-2021.10.linux64_1.0.100.202210260954/tools/bin/../lib/gcc/arm-none-eabi/10.3.1/../../../../arm-none-eabi/lib/thumb/v7e-m+fp/hard/libc_nano.a(lib_a-strcpy.o)
                0x0000000008009a54                strcpy
 .text.strncmp  0x0000000008009a64       0x28 /home/majiddrn/st/stm32cubeide_1.11.2/plugins/com.st.stm32cube.ide.mcu.externaltools.gnu-tools-for-stm32.10.3-2021.10.linux64_1.0.100.202210260954/tools/bin/../lib/gcc/arm-none-eabi/10.3.1/../../../../arm-none-eabi/lib/thumb/v7e-m+fp/hard/libc_nano.a(lib_a-strncmp.o)
                0x0000000008009a64                strncmp
 .text.strstr   0x0000000008009a8c       0x2c /home/majiddrn/st/stm32cubeide_1.11.2/plugins/com.st.stm32cube.ide.mcu.externaltools.gnu-tools-for-stm32.10.3-2021.10.linux64_1.0.100.202210260954/tools/bin/../lib/gcc/arm-none-eabi/10.3.1/../../../../arm-none-eabi/lib/thumb/v7e-m+fp/hard/libc_nano.a(lib_a-strstr.o)
                0x0000000008009a8c                strstr
 .text.strtok   0x0000000008009ab8       0x68 /home/majiddrn/st/stm32cubeide_1.11.2/plugins/com.st.stm32cube.ide.mcu.externaltools.gnu-tools-for-stm32.10.3-2021.10.linux64_1.0.100.202210260954/tools/bin/../lib/gcc/arm-none-eabi/10.3.1/../../../../arm-none-eabi/lib/thumb/v7e-m+fp/hard/libc_nano.a(lib_a-strtok.o)
                0x0000000008009ab8                strtok
 .text.__strtok_r
                0x0000000008009b20       0x50 /home/majiddrn/st/stm32cubeide_1.11.2/plugins/com.st.stm32cube.ide.mcu.externaltools.gnu-tools-for-stm32.10.3-2021.10.linux64_1.0.100.202210260954/tools/bin/../lib/gcc/arm-none-eabi/10.3.1/../../../../arm-none-eabi/lib/thumb/v7e-m+fp/hard/libc_nano.a(lib_a-strtok_r.o)
                0x0000000008009b20                __strtok_r
 .text._strtol_l.constprop.0
                0x0000000008009b70      0x104 /home/majiddrn/st/stm32cubeide_1.11.2/plugins/com.st.stm32cube.ide.mcu.externaltools.gnu-tools-for-stm32.10.3-2021.10.linux64_1.0.100.202210260954/tools/bin/../lib/gcc/arm-none-eabi/10.3.1/../../../../arm-none-eabi/lib/thumb/v7e-m+fp/hard/libc_nano.a(lib_a-strtol.o)
 .text.strtol   0x0000000008009c74       0x14 /home/majiddrn/st/stm32cubeide_1.11.2/plugins/com.st.stm32cube.ide.mcu.externaltools.gnu-tools-for-stm32.10.3-2021.10.linux64_1.0.100.202210260954/tools/bin/../lib/gcc/arm-none-eabi/10.3.1/../../../../arm-none-eabi/lib/thumb/v7e-m+fp/hard/libc_nano.a(lib_a-strtol.o)
                0x0000000008009c74                strtol
 .text.__assert_func
                0x0000000008009c88       0x3c /home/majiddrn/st/stm32cubeide_1.11.2/plugins/com.st.stm32cube.ide.mcu.externaltools.gnu-tools-for-stm32.10.3-2021.10.linux64_1.0.100.202210260954/tools/bin/../lib/gcc/arm-none-eabi/10.3.1/../../../../arm-none-eabi/lib/thumb/v7e-m+fp/hard/libc_nano.a(lib_a-assert.o)
                0x0000000008009c88                __assert_func
 .text.fprintf  0x0000000008009cc4       0x24 /home/majiddrn/st/stm32cubeide_1.11.2/plugins/com.st.stm32cube.ide.mcu.externaltools.gnu-tools-for-stm32.10.3-2021.10.linux64_1.0.100.202210260954/tools/bin/../lib/gcc/arm-none-eabi/10.3.1/../../../../arm-none-eabi/lib/thumb/v7e-m+fp/hard/libc_nano.a(lib_a-fprintf.o)
                0x0000000008009cc4                fprintf
                0x0000000008009cc4                fiprintf
 .text.malloc   0x0000000008009ce8       0x10 /home/majiddrn/st/stm32cubeide_1.11.2/plugins/com.st.stm32cube.ide.mcu.externaltools.gnu-tools-for-stm32.10.3-2021.10.linux64_1.0.100.202210260954/tools/bin/../lib/gcc/arm-none-eabi/10.3.1/../../../../arm-none-eabi/lib/thumb/v7e-m+fp/hard/libc_nano.a(lib_a-malloc.o)
                0x0000000008009ce8                malloc
 .text._free_r  0x0000000008009cf8       0x98 /home/majiddrn/st/stm32cubeide_1.11.2/plugins/com.st.stm32cube.ide.mcu.externaltools.gnu-tools-for-stm32.10.3-2021.10.linux64_1.0.100.202210260954/tools/bin/../lib/gcc/arm-none-eabi/10.3.1/../../../../arm-none-eabi/lib/thumb/v7e-m+fp/hard/libc_nano.a(lib_a-nano-freer.o)
                0x0000000008009cf8                _free_r
 .text.sbrk_aligned
                0x0000000008009d90       0x40 /home/majiddrn/st/stm32cubeide_1.11.2/plugins/com.st.stm32cube.ide.mcu.externaltools.gnu-tools-for-stm32.10.3-2021.10.linux64_1.0.100.202210260954/tools/bin/../lib/gcc/arm-none-eabi/10.3.1/../../../../arm-none-eabi/lib/thumb/v7e-m+fp/hard/libc_nano.a(lib_a-nano-mallocr.o)
 .text._malloc_r
                0x0000000008009dd0       0xe8 /home/majiddrn/st/stm32cubeide_1.11.2/plugins/com.st.stm32cube.ide.mcu.externaltools.gnu-tools-for-stm32.10.3-2021.10.linux64_1.0.100.202210260954/tools/bin/../lib/gcc/arm-none-eabi/10.3.1/../../../../arm-none-eabi/lib/thumb/v7e-m+fp/hard/libc_nano.a(lib_a-nano-mallocr.o)
                0x0000000008009dd0                _malloc_r
 .text.__ssputs_r
                0x0000000008009eb8       0xb6 /home/majiddrn/st/stm32cubeide_1.11.2/plugins/com.st.stm32cube.ide.mcu.externaltools.gnu-tools-for-stm32.10.3-2021.10.linux64_1.0.100.202210260954/tools/bin/../lib/gcc/arm-none-eabi/10.3.1/../../../../arm-none-eabi/lib/thumb/v7e-m+fp/hard/libc_nano.a(lib_a-nano-svfprintf.o)
                0x0000000008009eb8                __ssputs_r
 *fill*         0x0000000008009f6e        0x2 
 .text._svfprintf_r
                0x0000000008009f70      0x200 /home/majiddrn/st/stm32cubeide_1.11.2/plugins/com.st.stm32cube.ide.mcu.externaltools.gnu-tools-for-stm32.10.3-2021.10.linux64_1.0.100.202210260954/tools/bin/../lib/gcc/arm-none-eabi/10.3.1/../../../../arm-none-eabi/lib/thumb/v7e-m+fp/hard/libc_nano.a(lib_a-nano-svfprintf.o)
                0x0000000008009f70                _svfprintf_r
                0x0000000008009f70                _svfiprintf_r
 .text.__sfputc_r
                0x000000000800a170       0x2e /home/majiddrn/st/stm32cubeide_1.11.2/plugins/com.st.stm32cube.ide.mcu.externaltools.gnu-tools-for-stm32.10.3-2021.10.linux64_1.0.100.202210260954/tools/bin/../lib/gcc/arm-none-eabi/10.3.1/../../../../arm-none-eabi/lib/thumb/v7e-m+fp/hard/libc_nano.a(lib_a-nano-vfprintf.o)
 .text.__sfputs_r
                0x000000000800a19e       0x24 /home/majiddrn/st/stm32cubeide_1.11.2/plugins/com.st.stm32cube.ide.mcu.externaltools.gnu-tools-for-stm32.10.3-2021.10.linux64_1.0.100.202210260954/tools/bin/../lib/gcc/arm-none-eabi/10.3.1/../../../../arm-none-eabi/lib/thumb/v7e-m+fp/hard/libc_nano.a(lib_a-nano-vfprintf.o)
                0x000000000800a19e                __sfputs_r
 *fill*         0x000000000800a1c2        0x2 
 .text._vfprintf_r
                0x000000000800a1c4      0x260 /home/majiddrn/st/stm32cubeide_1.11.2/plugins/com.st.stm32cube.ide.mcu.externaltools.gnu-tools-for-stm32.10.3-2021.10.linux64_1.0.100.202210260954/tools/bin/../lib/gcc/arm-none-eabi/10.3.1/../../../../arm-none-eabi/lib/thumb/v7e-m+fp/hard/libc_nano.a(lib_a-nano-vfprintf.o)
                0x000000000800a1c4                _vfiprintf_r
                0x000000000800a1c4                _vfprintf_r
 .text._printf_common
                0x000000000800a424       0xda /home/majiddrn/st/stm32cubeide_1.11.2/plugins/com.st.stm32cube.ide.mcu.externaltools.gnu-tools-for-stm32.10.3-2021.10.linux64_1.0.100.202210260954/tools/bin/../lib/gcc/arm-none-eabi/10.3.1/../../../../arm-none-eabi/lib/thumb/v7e-m+fp/hard/libc_nano.a(lib_a-nano-vfprintf_i.o)
                0x000000000800a424                _printf_common
 *fill*         0x000000000800a4fe        0x2 
 .text._printf_i
                0x000000000800a500      0x24c /home/majiddrn/st/stm32cubeide_1.11.2/plugins/com.st.stm32cube.ide.mcu.externaltools.gnu-tools-for-stm32.10.3-2021.10.linux64_1.0.100.202210260954/tools/bin/../lib/gcc/arm-none-eabi/10.3.1/../../../../arm-none-eabi/lib/thumb/v7e-m+fp/hard/libc_nano.a(lib_a-nano-vfprintf_i.o)
                0x000000000800a500                _printf_i
 .text._sbrk_r  0x000000000800a74c       0x20 /home/majiddrn/st/stm32cubeide_1.11.2/plugins/com.st.stm32cube.ide.mcu.externaltools.gnu-tools-for-stm32.10.3-2021.10.linux64_1.0.100.202210260954/tools/bin/../lib/gcc/arm-none-eabi/10.3.1/../../../../arm-none-eabi/lib/thumb/v7e-m+fp/hard/libc_nano.a(lib_a-sbrkr.o)
                0x000000000800a74c                _sbrk_r
 .text.__swbuf_r
                0x000000000800a76c       0xa4 /home/majiddrn/st/stm32cubeide_1.11.2/plugins/com.st.stm32cube.ide.mcu.externaltools.gnu-tools-for-stm32.10.3-2021.10.linux64_1.0.100.202210260954/tools/bin/../lib/gcc/arm-none-eabi/10.3.1/../../../../arm-none-eabi/lib/thumb/v7e-m+fp/hard/libc_nano.a(lib_a-wbuf.o)
                0x000000000800a76c                __swbuf_r
 .text.__swsetup_r
                0x000000000800a810       0xdc /home/majiddrn/st/stm32cubeide_1.11.2/plugins/com.st.stm32cube.ide.mcu.externaltools.gnu-tools-for-stm32.10.3-2021.10.linux64_1.0.100.202210260954/tools/bin/../lib/gcc/arm-none-eabi/10.3.1/../../../../arm-none-eabi/lib/thumb/v7e-m+fp/hard/libc_nano.a(lib_a-wsetup.o)
                0x000000000800a810                __swsetup_r
 .text.abort    0x000000000800a8ec        0xe /home/majiddrn/st/stm32cubeide_1.11.2/plugins/com.st.stm32cube.ide.mcu.externaltools.gnu-tools-for-stm32.10.3-2021.10.linux64_1.0.100.202210260954/tools/bin/../lib/gcc/arm-none-eabi/10.3.1/../../../../arm-none-eabi/lib/thumb/v7e-m+fp/hard/libc_nano.a(lib_a-abort.o)
                0x000000000800a8ec                abort
 *fill*         0x000000000800a8fa        0x2 
 .text.__sflush_r
                0x000000000800a8fc      0x10c /home/majiddrn/st/stm32cubeide_1.11.2/plugins/com.st.stm32cube.ide.mcu.externaltools.gnu-tools-for-stm32.10.3-2021.10.linux64_1.0.100.202210260954/tools/bin/../lib/gcc/arm-none-eabi/10.3.1/../../../../arm-none-eabi/lib/thumb/v7e-m+fp/hard/libc_nano.a(lib_a-fflush.o)
                0x000000000800a8fc                __sflush_r
 .text._fflush_r
                0x000000000800aa08       0x78 /home/majiddrn/st/stm32cubeide_1.11.2/plugins/com.st.stm32cube.ide.mcu.externaltools.gnu-tools-for-stm32.10.3-2021.10.linux64_1.0.100.202210260954/tools/bin/../lib/gcc/arm-none-eabi/10.3.1/../../../../arm-none-eabi/lib/thumb/v7e-m+fp/hard/libc_nano.a(lib_a-fflush.o)
                0x000000000800aa08                _fflush_r
 .text.std      0x000000000800aa80       0x48 /home/majiddrn/st/stm32cubeide_1.11.2/plugins/com.st.stm32cube.ide.mcu.externaltools.gnu-tools-for-stm32.10.3-2021.10.linux64_1.0.100.202210260954/tools/bin/../lib/gcc/arm-none-eabi/10.3.1/../../../../arm-none-eabi/lib/thumb/v7e-m+fp/hard/libc_nano.a(lib_a-findfp.o)
 .text._cleanup_r
                0x000000000800aac8        0xc /home/majiddrn/st/stm32cubeide_1.11.2/plugins/com.st.stm32cube.ide.mcu.externaltools.gnu-tools-for-stm32.10.3-2021.10.linux64_1.0.100.202210260954/tools/bin/../lib/gcc/arm-none-eabi/10.3.1/../../../../arm-none-eabi/lib/thumb/v7e-m+fp/hard/libc_nano.a(lib_a-findfp.o)
                0x000000000800aac8                _cleanup_r
 .text.__sfmoreglue
                0x000000000800aad4       0x2c /home/majiddrn/st/stm32cubeide_1.11.2/plugins/com.st.stm32cube.ide.mcu.externaltools.gnu-tools-for-stm32.10.3-2021.10.linux64_1.0.100.202210260954/tools/bin/../lib/gcc/arm-none-eabi/10.3.1/../../../../arm-none-eabi/lib/thumb/v7e-m+fp/hard/libc_nano.a(lib_a-findfp.o)
                0x000000000800aad4                __sfmoreglue
 .text.__sfp_lock_acquire
                0x000000000800ab00        0xc /home/majiddrn/st/stm32cubeide_1.11.2/plugins/com.st.stm32cube.ide.mcu.externaltools.gnu-tools-for-stm32.10.3-2021.10.linux64_1.0.100.202210260954/tools/bin/../lib/gcc/arm-none-eabi/10.3.1/../../../../arm-none-eabi/lib/thumb/v7e-m+fp/hard/libc_nano.a(lib_a-findfp.o)
                0x000000000800ab00                __sfp_lock_acquire
 .text.__sfp_lock_release
                0x000000000800ab0c        0xc /home/majiddrn/st/stm32cubeide_1.11.2/plugins/com.st.stm32cube.ide.mcu.externaltools.gnu-tools-for-stm32.10.3-2021.10.linux64_1.0.100.202210260954/tools/bin/../lib/gcc/arm-none-eabi/10.3.1/../../../../arm-none-eabi/lib/thumb/v7e-m+fp/hard/libc_nano.a(lib_a-findfp.o)
                0x000000000800ab0c                __sfp_lock_release
 .text.__sinit_lock_acquire
                0x000000000800ab18        0xc /home/majiddrn/st/stm32cubeide_1.11.2/plugins/com.st.stm32cube.ide.mcu.externaltools.gnu-tools-for-stm32.10.3-2021.10.linux64_1.0.100.202210260954/tools/bin/../lib/gcc/arm-none-eabi/10.3.1/../../../../arm-none-eabi/lib/thumb/v7e-m+fp/hard/libc_nano.a(lib_a-findfp.o)
                0x000000000800ab18                __sinit_lock_acquire
 .text.__sinit_lock_release
                0x000000000800ab24        0xc /home/majiddrn/st/stm32cubeide_1.11.2/plugins/com.st.stm32cube.ide.mcu.externaltools.gnu-tools-for-stm32.10.3-2021.10.linux64_1.0.100.202210260954/tools/bin/../lib/gcc/arm-none-eabi/10.3.1/../../../../arm-none-eabi/lib/thumb/v7e-m+fp/hard/libc_nano.a(lib_a-findfp.o)
                0x000000000800ab24                __sinit_lock_release
 .text.__sinit  0x000000000800ab30       0x70 /home/majiddrn/st/stm32cubeide_1.11.2/plugins/com.st.stm32cube.ide.mcu.externaltools.gnu-tools-for-stm32.10.3-2021.10.linux64_1.0.100.202210260954/tools/bin/../lib/gcc/arm-none-eabi/10.3.1/../../../../arm-none-eabi/lib/thumb/v7e-m+fp/hard/libc_nano.a(lib_a-findfp.o)
                0x000000000800ab30                __sinit
 .text.__sfp    0x000000000800aba0       0x8c /home/majiddrn/st/stm32cubeide_1.11.2/plugins/com.st.stm32cube.ide.mcu.externaltools.gnu-tools-for-stm32.10.3-2021.10.linux64_1.0.100.202210260954/tools/bin/../lib/gcc/arm-none-eabi/10.3.1/../../../../arm-none-eabi/lib/thumb/v7e-m+fp/hard/libc_nano.a(lib_a-findfp.o)
                0x000000000800aba0                __sfp
 .text._fwalk_reent
                0x000000000800ac2c       0x3e /home/majiddrn/st/stm32cubeide_1.11.2/plugins/com.st.stm32cube.ide.mcu.externaltools.gnu-tools-for-stm32.10.3-2021.10.linux64_1.0.100.202210260954/tools/bin/../lib/gcc/arm-none-eabi/10.3.1/../../../../arm-none-eabi/lib/thumb/v7e-m+fp/hard/libc_nano.a(lib_a-fwalk.o)
                0x000000000800ac2c                _fwalk_reent
 .text.__retarget_lock_init_recursive
                0x000000000800ac6a        0x2 /home/majiddrn/st/stm32cubeide_1.11.2/plugins/com.st.stm32cube.ide.mcu.externaltools.gnu-tools-for-stm32.10.3-2021.10.linux64_1.0.100.202210260954/tools/bin/../lib/gcc/arm-none-eabi/10.3.1/../../../../arm-none-eabi/lib/thumb/v7e-m+fp/hard/libc_nano.a(lib_a-lock.o)
                0x000000000800ac6a                __retarget_lock_init_recursive
 .text.__retarget_lock_acquire_recursive
                0x000000000800ac6c        0x2 /home/majiddrn/st/stm32cubeide_1.11.2/plugins/com.st.stm32cube.ide.mcu.externaltools.gnu-tools-for-stm32.10.3-2021.10.linux64_1.0.100.202210260954/tools/bin/../lib/gcc/arm-none-eabi/10.3.1/../../../../arm-none-eabi/lib/thumb/v7e-m+fp/hard/libc_nano.a(lib_a-lock.o)
                0x000000000800ac6c                __retarget_lock_acquire_recursive
 .text.__retarget_lock_release_recursive
                0x000000000800ac6e        0x2 /home/majiddrn/st/stm32cubeide_1.11.2/plugins/com.st.stm32cube.ide.mcu.externaltools.gnu-tools-for-stm32.10.3-2021.10.linux64_1.0.100.202210260954/tools/bin/../lib/gcc/arm-none-eabi/10.3.1/../../../../arm-none-eabi/lib/thumb/v7e-m+fp/hard/libc_nano.a(lib_a-lock.o)
                0x000000000800ac6e                __retarget_lock_release_recursive
 .text.__swhatbuf_r
                0x000000000800ac70       0x4a /home/majiddrn/st/stm32cubeide_1.11.2/plugins/com.st.stm32cube.ide.mcu.externaltools.gnu-tools-for-stm32.10.3-2021.10.linux64_1.0.100.202210260954/tools/bin/../lib/gcc/arm-none-eabi/10.3.1/../../../../arm-none-eabi/lib/thumb/v7e-m+fp/hard/libc_nano.a(lib_a-makebuf.o)
                0x000000000800ac70                __swhatbuf_r
 *fill*         0x000000000800acba        0x2 
 .text.__smakebuf_r
                0x000000000800acbc       0x80 /home/majiddrn/st/stm32cubeide_1.11.2/plugins/com.st.stm32cube.ide.mcu.externaltools.gnu-tools-for-stm32.10.3-2021.10.linux64_1.0.100.202210260954/tools/bin/../lib/gcc/arm-none-eabi/10.3.1/../../../../arm-none-eabi/lib/thumb/v7e-m+fp/hard/libc_nano.a(lib_a-makebuf.o)
                0x000000000800acbc                __smakebuf_r
 .text.memmove  0x000000000800ad3c       0x34 /home/majiddrn/st/stm32cubeide_1.11.2/plugins/com.st.stm32cube.ide.mcu.externaltools.gnu-tools-for-stm32.10.3-2021.10.linux64_1.0.100.202210260954/tools/bin/../lib/gcc/arm-none-eabi/10.3.1/../../../../arm-none-eabi/lib/thumb/v7e-m+fp/hard/libc_nano.a(lib_a-memmove.o)
                0x000000000800ad3c                memmove
 .text.__malloc_lock
                0x000000000800ad70        0xc /home/majiddrn/st/stm32cubeide_1.11.2/plugins/com.st.stm32cube.ide.mcu.externaltools.gnu-tools-for-stm32.10.3-2021.10.linux64_1.0.100.202210260954/tools/bin/../lib/gcc/arm-none-eabi/10.3.1/../../../../arm-none-eabi/lib/thumb/v7e-m+fp/hard/libc_nano.a(lib_a-mlock.o)
                0x000000000800ad70                __malloc_lock
 .text.__malloc_unlock
                0x000000000800ad7c        0xc /home/majiddrn/st/stm32cubeide_1.11.2/plugins/com.st.stm32cube.ide.mcu.externaltools.gnu-tools-for-stm32.10.3-2021.10.linux64_1.0.100.202210260954/tools/bin/../lib/gcc/arm-none-eabi/10.3.1/../../../../arm-none-eabi/lib/thumb/v7e-m+fp/hard/libc_nano.a(lib_a-mlock.o)
                0x000000000800ad7c                __malloc_unlock
 .text._realloc_r
                0x000000000800ad88       0x5e /home/majiddrn/st/stm32cubeide_1.11.2/plugins/com.st.stm32cube.ide.mcu.externaltools.gnu-tools-for-stm32.10.3-2021.10.linux64_1.0.100.202210260954/tools/bin/../lib/gcc/arm-none-eabi/10.3.1/../../../../arm-none-eabi/lib/thumb/v7e-m+fp/hard/libc_nano.a(lib_a-nano-reallocr.o)
                0x000000000800ad88                _realloc_r
 .text._raise_r
                0x000000000800ade6       0x50 /home/majiddrn/st/stm32cubeide_1.11.2/plugins/com.st.stm32cube.ide.mcu.externaltools.gnu-tools-for-stm32.10.3-2021.10.linux64_1.0.100.202210260954/tools/bin/../lib/gcc/arm-none-eabi/10.3.1/../../../../arm-none-eabi/lib/thumb/v7e-m+fp/hard/libc_nano.a(lib_a-signal.o)
                0x000000000800ade6                _raise_r
 *fill*         0x000000000800ae36        0x2 
 .text.raise    0x000000000800ae38       0x10 /home/majiddrn/st/stm32cubeide_1.11.2/plugins/com.st.stm32cube.ide.mcu.externaltools.gnu-tools-for-stm32.10.3-2021.10.linux64_1.0.100.202210260954/tools/bin/../lib/gcc/arm-none-eabi/10.3.1/../../../../arm-none-eabi/lib/thumb/v7e-m+fp/hard/libc_nano.a(lib_a-signal.o)
                0x000000000800ae38                raise
 .text._kill_r  0x000000000800ae48       0x24 /home/majiddrn/st/stm32cubeide_1.11.2/plugins/com.st.stm32cube.ide.mcu.externaltools.gnu-tools-for-stm32.10.3-2021.10.linux64_1.0.100.202210260954/tools/bin/../lib/gcc/arm-none-eabi/10.3.1/../../../../arm-none-eabi/lib/thumb/v7e-m+fp/hard/libc_nano.a(lib_a-signalr.o)
                0x000000000800ae48                _kill_r
 .text._getpid_r
                0x000000000800ae6c        0x4 /home/majiddrn/st/stm32cubeide_1.11.2/plugins/com.st.stm32cube.ide.mcu.externaltools.gnu-tools-for-stm32.10.3-2021.10.linux64_1.0.100.202210260954/tools/bin/../lib/gcc/arm-none-eabi/10.3.1/../../../../arm-none-eabi/lib/thumb/v7e-m+fp/hard/libc_nano.a(lib_a-signalr.o)
                0x000000000800ae6c                _getpid_r
 .text.__sread  0x000000000800ae70       0x22 /home/majiddrn/st/stm32cubeide_1.11.2/plugins/com.st.stm32cube.ide.mcu.externaltools.gnu-tools-for-stm32.10.3-2021.10.linux64_1.0.100.202210260954/tools/bin/../lib/gcc/arm-none-eabi/10.3.1/../../../../arm-none-eabi/lib/thumb/v7e-m+fp/hard/libc_nano.a(lib_a-stdio.o)
                0x000000000800ae70                __sread
 .text.__swrite
                0x000000000800ae92       0x38 /home/majiddrn/st/stm32cubeide_1.11.2/plugins/com.st.stm32cube.ide.mcu.externaltools.gnu-tools-for-stm32.10.3-2021.10.linux64_1.0.100.202210260954/tools/bin/../lib/gcc/arm-none-eabi/10.3.1/../../../../arm-none-eabi/lib/thumb/v7e-m+fp/hard/libc_nano.a(lib_a-stdio.o)
                0x000000000800ae92                __swrite
 .text.__sseek  0x000000000800aeca       0x24 /home/majiddrn/st/stm32cubeide_1.11.2/plugins/com.st.stm32cube.ide.mcu.externaltools.gnu-tools-for-stm32.10.3-2021.10.linux64_1.0.100.202210260954/tools/bin/../lib/gcc/arm-none-eabi/10.3.1/../../../../arm-none-eabi/lib/thumb/v7e-m+fp/hard/libc_nano.a(lib_a-stdio.o)
                0x000000000800aeca                __sseek
 .text.__sclose
                0x000000000800aeee        0x8 /home/majiddrn/st/stm32cubeide_1.11.2/plugins/com.st.stm32cube.ide.mcu.externaltools.gnu-tools-for-stm32.10.3-2021.10.linux64_1.0.100.202210260954/tools/bin/../lib/gcc/arm-none-eabi/10.3.1/../../../../arm-none-eabi/lib/thumb/v7e-m+fp/hard/libc_nano.a(lib_a-stdio.o)
                0x000000000800aeee                __sclose
 *fill*         0x000000000800aef6        0x2 
 .text._write_r
                0x000000000800aef8       0x24 /home/majiddrn/st/stm32cubeide_1.11.2/plugins/com.st.stm32cube.ide.mcu.externaltools.gnu-tools-for-stm32.10.3-2021.10.linux64_1.0.100.202210260954/tools/bin/../lib/gcc/arm-none-eabi/10.3.1/../../../../arm-none-eabi/lib/thumb/v7e-m+fp/hard/libc_nano.a(lib_a-writer.o)
                0x000000000800aef8                _write_r
 .text._close_r
                0x000000000800af1c       0x20 /home/majiddrn/st/stm32cubeide_1.11.2/plugins/com.st.stm32cube.ide.mcu.externaltools.gnu-tools-for-stm32.10.3-2021.10.linux64_1.0.100.202210260954/tools/bin/../lib/gcc/arm-none-eabi/10.3.1/../../../../arm-none-eabi/lib/thumb/v7e-m+fp/hard/libc_nano.a(lib_a-closer.o)
                0x000000000800af1c                _close_r
 .text._fstat_r
                0x000000000800af3c       0x24 /home/majiddrn/st/stm32cubeide_1.11.2/plugins/com.st.stm32cube.ide.mcu.externaltools.gnu-tools-for-stm32.10.3-2021.10.linux64_1.0.100.202210260954/tools/bin/../lib/gcc/arm-none-eabi/10.3.1/../../../../arm-none-eabi/lib/thumb/v7e-m+fp/hard/libc_nano.a(lib_a-fstatr.o)
                0x000000000800af3c                _fstat_r
 .text._isatty_r
                0x000000000800af60       0x20 /home/majiddrn/st/stm32cubeide_1.11.2/plugins/com.st.stm32cube.ide.mcu.externaltools.gnu-tools-for-stm32.10.3-2021.10.linux64_1.0.100.202210260954/tools/bin/../lib/gcc/arm-none-eabi/10.3.1/../../../../arm-none-eabi/lib/thumb/v7e-m+fp/hard/libc_nano.a(lib_a-isattyr.o)
                0x000000000800af60                _isatty_r
 .text._lseek_r
                0x000000000800af80       0x24 /home/majiddrn/st/stm32cubeide_1.11.2/plugins/com.st.stm32cube.ide.mcu.externaltools.gnu-tools-for-stm32.10.3-2021.10.linux64_1.0.100.202210260954/tools/bin/../lib/gcc/arm-none-eabi/10.3.1/../../../../arm-none-eabi/lib/thumb/v7e-m+fp/hard/libc_nano.a(lib_a-lseekr.o)
                0x000000000800af80                _lseek_r
 .text._malloc_usable_size_r
                0x000000000800afa4       0x10 /home/majiddrn/st/stm32cubeide_1.11.2/plugins/com.st.stm32cube.ide.mcu.externaltools.gnu-tools-for-stm32.10.3-2021.10.linux64_1.0.100.202210260954/tools/bin/../lib/gcc/arm-none-eabi/10.3.1/../../../../arm-none-eabi/lib/thumb/v7e-m+fp/hard/libc_nano.a(lib_a-nano-msizer.o)
                0x000000000800afa4                _malloc_usable_size_r
 .text._read_r  0x000000000800afb4       0x24 /home/majiddrn/st/stm32cubeide_1.11.2/plugins/com.st.stm32cube.ide.mcu.externaltools.gnu-tools-for-stm32.10.3-2021.10.linux64_1.0.100.202210260954/tools/bin/../lib/gcc/arm-none-eabi/10.3.1/../../../../arm-none-eabi/lib/thumb/v7e-m+fp/hard/libc_nano.a(lib_a-readr.o)
                0x000000000800afb4                _read_r
 *(.glue_7)
 .glue_7        0x000000000800afd8        0x0 linker stubs
 *(.glue_7t)
 .glue_7t       0x000000000800afd8        0x0 linker stubs
 *(.eh_frame)
 .eh_frame      0x000000000800afd8        0x0 /home/majiddrn/st/stm32cubeide_1.11.2/plugins/com.st.stm32cube.ide.mcu.externaltools.gnu-tools-for-stm32.10.3-2021.10.linux64_1.0.100.202210260954/tools/bin/../lib/gcc/arm-none-eabi/10.3.1/thumb/v7e-m+fp/hard/crtbegin.o
 *(.init)
 .init          0x000000000800afd8        0x4 /home/majiddrn/st/stm32cubeide_1.11.2/plugins/com.st.stm32cube.ide.mcu.externaltools.gnu-tools-for-stm32.10.3-2021.10.linux64_1.0.100.202210260954/tools/bin/../lib/gcc/arm-none-eabi/10.3.1/thumb/v7e-m+fp/hard/crti.o
                0x000000000800afd8                _init
 .init          0x000000000800afdc        0x8 /home/majiddrn/st/stm32cubeide_1.11.2/plugins/com.st.stm32cube.ide.mcu.externaltools.gnu-tools-for-stm32.10.3-2021.10.linux64_1.0.100.202210260954/tools/bin/../lib/gcc/arm-none-eabi/10.3.1/thumb/v7e-m+fp/hard/crtn.o
 *(.fini)
 .fini          0x000000000800afe4        0x4 /home/majiddrn/st/stm32cubeide_1.11.2/plugins/com.st.stm32cube.ide.mcu.externaltools.gnu-tools-for-stm32.10.3-2021.10.linux64_1.0.100.202210260954/tools/bin/../lib/gcc/arm-none-eabi/10.3.1/thumb/v7e-m+fp/hard/crti.o
                0x000000000800afe4                _fini
 .fini          0x000000000800afe8        0x8 /home/majiddrn/st/stm32cubeide_1.11.2/plugins/com.st.stm32cube.ide.mcu.externaltools.gnu-tools-for-stm32.10.3-2021.10.linux64_1.0.100.202210260954/tools/bin/../lib/gcc/arm-none-eabi/10.3.1/thumb/v7e-m+fp/hard/crtn.o
                0x000000000800aff0                . = ALIGN (0x4)
                0x000000000800aff0                _etext = .

.vfp11_veneer   0x000000000800aff0        0x0
 .vfp11_veneer  0x000000000800aff0        0x0 linker stubs

.v4_bx          0x000000000800aff0        0x0
 .v4_bx         0x000000000800aff0        0x0 linker stubs

.iplt           0x000000000800aff0        0x0
 .iplt          0x000000000800aff0        0x0 /home/majiddrn/st/stm32cubeide_1.11.2/plugins/com.st.stm32cube.ide.mcu.externaltools.gnu-tools-for-stm32.10.3-2021.10.linux64_1.0.100.202210260954/tools/bin/../lib/gcc/arm-none-eabi/10.3.1/thumb/v7e-m+fp/hard/crtbegin.o

.rodata         0x000000000800aff0      0x394
                0x000000000800aff0                . = ALIGN (0x4)
 *(.rodata)
 .rodata        0x000000000800aff0       0x3b ./Core/Src/Handler.o
 *fill*         0x000000000800b02b        0x1 
 .rodata        0x000000000800b02c       0x48 ./Core/Src/main.o
 .rodata        0x000000000800b074        0x5 ./Middlewares/Third_Party/FreeRTOS/Source/tasks.o
 *fill*         0x000000000800b079        0x3 
 .rodata        0x000000000800b07c        0xd ./Middlewares/Third_Party/FreeRTOS/Source/timers.o
 *(.rodata*)
 *fill*         0x000000000800b089        0x3 
 .rodata.defaultTask_attributes
                0x000000000800b08c       0x24 ./Core/Src/main.o
                0x000000000800b08c                defaultTask_attributes
 .rodata.uartRxDiff_attributes
                0x000000000800b0b0       0x24 ./Core/Src/main.o
                0x000000000800b0b0                uartRxDiff_attributes
 .rodata.diffBufferRead_attributes
                0x000000000800b0d4       0x10 ./Core/Src/main.o
                0x000000000800b0d4                diffBufferRead_attributes
 .rodata.diffRxData_attributes
                0x000000000800b0e4       0x10 ./Core/Src/main.o
                0x000000000800b0e4                diffRxData_attributes
 .rodata.dataBufferSemaphore_attributes
                0x000000000800b0f4       0x10 ./Core/Src/main.o
                0x000000000800b0f4                dataBufferSemaphore_attributes
 .rodata.AHBPrescTable
                0x000000000800b104       0x10 ./Core/Src/system_stm32f3xx.o
                0x000000000800b104                AHBPrescTable
 .rodata.APBPrescTable
                0x000000000800b114        0x8 ./Core/Src/system_stm32f3xx.o
                0x000000000800b114                APBPrescTable
 .rodata.aPLLMULFactorTable
                0x000000000800b11c       0x10 ./Drivers/STM32F3xx_HAL_Driver/Src/stm32f3xx_hal_rcc.o
 .rodata.aPredivFactorTable
                0x000000000800b12c       0x10 ./Drivers/STM32F3xx_HAL_Driver/Src/stm32f3xx_hal_rcc.o
 .rodata._global_impure_ptr
                0x000000000800b13c        0x4 /home/majiddrn/st/stm32cubeide_1.11.2/plugins/com.st.stm32cube.ide.mcu.externaltools.gnu-tools-for-stm32.10.3-2021.10.linux64_1.0.100.202210260954/tools/bin/../lib/gcc/arm-none-eabi/10.3.1/../../../../arm-none-eabi/lib/thumb/v7e-m+fp/hard/libc_nano.a(lib_a-impure.o)
                0x000000000800b13c                _global_impure_ptr
 .rodata.strtok.str1.1
                0x000000000800b140       0x74 /home/majiddrn/st/stm32cubeide_1.11.2/plugins/com.st.stm32cube.ide.mcu.externaltools.gnu-tools-for-stm32.10.3-2021.10.linux64_1.0.100.202210260954/tools/bin/../lib/gcc/arm-none-eabi/10.3.1/../../../../arm-none-eabi/lib/thumb/v7e-m+fp/hard/libc_nano.a(lib_a-strtok.o)
 .rodata.__assert_func.str1.1
                0x000000000800b1b4       0x3c /home/majiddrn/st/stm32cubeide_1.11.2/plugins/com.st.stm32cube.ide.mcu.externaltools.gnu-tools-for-stm32.10.3-2021.10.linux64_1.0.100.202210260954/tools/bin/../lib/gcc/arm-none-eabi/10.3.1/../../../../arm-none-eabi/lib/thumb/v7e-m+fp/hard/libc_nano.a(lib_a-assert.o)
                                         0x3d (size before relaxing)
 .rodata._ctype_
                0x000000000800b1f0      0x101 /home/majiddrn/st/stm32cubeide_1.11.2/plugins/com.st.stm32cube.ide.mcu.externaltools.gnu-tools-for-stm32.10.3-2021.10.linux64_1.0.100.202210260954/tools/bin/../lib/gcc/arm-none-eabi/10.3.1/../../../../arm-none-eabi/lib/thumb/v7e-m+fp/hard/libc_nano.a(lib_a-ctype_.o)
                0x000000000800b1f0                _ctype_
 .rodata._svfprintf_r.str1.1
                0x000000000800b2f1       0x11 /home/majiddrn/st/stm32cubeide_1.11.2/plugins/com.st.stm32cube.ide.mcu.externaltools.gnu-tools-for-stm32.10.3-2021.10.linux64_1.0.100.202210260954/tools/bin/../lib/gcc/arm-none-eabi/10.3.1/../../../../arm-none-eabi/lib/thumb/v7e-m+fp/hard/libc_nano.a(lib_a-nano-svfprintf.o)
 .rodata._vfprintf_r.str1.1
                0x000000000800b302       0x11 /home/majiddrn/st/stm32cubeide_1.11.2/plugins/com.st.stm32cube.ide.mcu.externaltools.gnu-tools-for-stm32.10.3-2021.10.linux64_1.0.100.202210260954/tools/bin/../lib/gcc/arm-none-eabi/10.3.1/../../../../arm-none-eabi/lib/thumb/v7e-m+fp/hard/libc_nano.a(lib_a-nano-vfprintf.o)
 .rodata._printf_i.str1.1
                0x000000000800b302       0x22 /home/majiddrn/st/stm32cubeide_1.11.2/plugins/com.st.stm32cube.ide.mcu.externaltools.gnu-tools-for-stm32.10.3-2021.10.linux64_1.0.100.202210260954/tools/bin/../lib/gcc/arm-none-eabi/10.3.1/../../../../arm-none-eabi/lib/thumb/v7e-m+fp/hard/libc_nano.a(lib_a-nano-vfprintf_i.o)
 .rodata.__sf_fake_stderr
                0x000000000800b324       0x20 /home/majiddrn/st/stm32cubeide_1.11.2/plugins/com.st.stm32cube.ide.mcu.externaltools.gnu-tools-for-stm32.10.3-2021.10.linux64_1.0.100.202210260954/tools/bin/../lib/gcc/arm-none-eabi/10.3.1/../../../../arm-none-eabi/lib/thumb/v7e-m+fp/hard/libc_nano.a(lib_a-findfp.o)
                0x000000000800b324                __sf_fake_stderr
 .rodata.__sf_fake_stdin
                0x000000000800b344       0x20 /home/majiddrn/st/stm32cubeide_1.11.2/plugins/com.st.stm32cube.ide.mcu.externaltools.gnu-tools-for-stm32.10.3-2021.10.linux64_1.0.100.202210260954/tools/bin/../lib/gcc/arm-none-eabi/10.3.1/../../../../arm-none-eabi/lib/thumb/v7e-m+fp/hard/libc_nano.a(lib_a-findfp.o)
                0x000000000800b344                __sf_fake_stdin
 .rodata.__sf_fake_stdout
                0x000000000800b364       0x20 /home/majiddrn/st/stm32cubeide_1.11.2/plugins/com.st.stm32cube.ide.mcu.externaltools.gnu-tools-for-stm32.10.3-2021.10.linux64_1.0.100.202210260954/tools/bin/../lib/gcc/arm-none-eabi/10.3.1/../../../../arm-none-eabi/lib/thumb/v7e-m+fp/hard/libc_nano.a(lib_a-findfp.o)
                0x000000000800b364                __sf_fake_stdout
                0x000000000800b384                . = ALIGN (0x4)

.rel.dyn        0x000000000800b384        0x0
 .rel.iplt      0x000000000800b384        0x0 /home/majiddrn/st/stm32cubeide_1.11.2/plugins/com.st.stm32cube.ide.mcu.externaltools.gnu-tools-for-stm32.10.3-2021.10.linux64_1.0.100.202210260954/tools/bin/../lib/gcc/arm-none-eabi/10.3.1/thumb/v7e-m+fp/hard/crtbegin.o

.ARM.extab      0x000000000800b384        0x0
                0x000000000800b384                . = ALIGN (0x4)
 *(.ARM.extab* .gnu.linkonce.armextab.*)
                0x000000000800b384                . = ALIGN (0x4)

.ARM            0x000000000800b384        0x0
                0x000000000800b384                . = ALIGN (0x4)
                0x000000000800b384                __exidx_start = .
 *(.ARM.exidx*)
                0x000000000800b384                __exidx_end = .
                0x000000000800b384                . = ALIGN (0x4)

.preinit_array  0x000000000800b384        0x0
                0x000000000800b384                . = ALIGN (0x4)
                0x000000000800b384                PROVIDE (__preinit_array_start = .)
 *(.preinit_array*)
                0x000000000800b384                PROVIDE (__preinit_array_end = .)
                0x000000000800b384                . = ALIGN (0x4)

.init_array     0x000000000800b384        0x4
                0x000000000800b384                . = ALIGN (0x4)
                0x000000000800b384                PROVIDE (__init_array_start = .)
 *(SORT_BY_NAME(.init_array.*))
 *(.init_array*)
 .init_array    0x000000000800b384        0x4 /home/majiddrn/st/stm32cubeide_1.11.2/plugins/com.st.stm32cube.ide.mcu.externaltools.gnu-tools-for-stm32.10.3-2021.10.linux64_1.0.100.202210260954/tools/bin/../lib/gcc/arm-none-eabi/10.3.1/thumb/v7e-m+fp/hard/crtbegin.o
                0x000000000800b388                PROVIDE (__init_array_end = .)
                0x000000000800b388                . = ALIGN (0x4)

.fini_array     0x000000000800b388        0x4
                0x000000000800b388                . = ALIGN (0x4)
                [!provide]                        PROVIDE (__fini_array_start = .)
 *(SORT_BY_NAME(.fini_array.*))
 *(.fini_array*)
 .fini_array    0x000000000800b388        0x4 /home/majiddrn/st/stm32cubeide_1.11.2/plugins/com.st.stm32cube.ide.mcu.externaltools.gnu-tools-for-stm32.10.3-2021.10.linux64_1.0.100.202210260954/tools/bin/../lib/gcc/arm-none-eabi/10.3.1/thumb/v7e-m+fp/hard/crtbegin.o
                [!provide]                        PROVIDE (__fini_array_end = .)
                0x000000000800b38c                . = ALIGN (0x4)
                0x000000000800b38c                _sidata = LOADADDR (.data)

.data           0x0000000020000000       0x88 load address 0x000000000800b38c
                0x0000000020000000                . = ALIGN (0x4)
                0x0000000020000000                _sdata = .
 *(.data)
 *(.data*)
 .data.rgbLeds  0x0000000020000000       0x10 ./Core/Src/Handler.o
                0x0000000020000000                rgbLeds
 .data.rgbLedsCount
                0x0000000020000010        0x1 ./Core/Src/Handler.o
                0x0000000020000010                rgbLedsCount
 *fill*         0x0000000020000011        0x3 
 .data.SystemCoreClock
                0x0000000020000014        0x4 ./Core/Src/system_stm32f3xx.o
                0x0000000020000014                SystemCoreClock
 .data.uwTickPrio
                0x0000000020000018        0x4 ./Drivers/STM32F3xx_HAL_Driver/Src/stm32f3xx_hal.o
                0x0000000020000018                uwTickPrio
 .data.uwTickFreq
                0x000000002000001c        0x1 ./Drivers/STM32F3xx_HAL_Driver/Src/stm32f3xx_hal.o
                0x000000002000001c                uwTickFreq
 *fill*         0x000000002000001d        0x3 
 .data.uxCriticalNesting
                0x0000000020000020        0x4 ./Middlewares/Third_Party/FreeRTOS/Source/portable/GCC/ARM_CM4F/port.o
 .data._impure_ptr
                0x0000000020000024        0x4 /home/majiddrn/st/stm32cubeide_1.11.2/plugins/com.st.stm32cube.ide.mcu.externaltools.gnu-tools-for-stm32.10.3-2021.10.linux64_1.0.100.202210260954/tools/bin/../lib/gcc/arm-none-eabi/10.3.1/../../../../arm-none-eabi/lib/thumb/v7e-m+fp/hard/libc_nano.a(lib_a-impure.o)
                0x0000000020000024                _impure_ptr
 .data.impure_data
                0x0000000020000028       0x60 /home/majiddrn/st/stm32cubeide_1.11.2/plugins/com.st.stm32cube.ide.mcu.externaltools.gnu-tools-for-stm32.10.3-2021.10.linux64_1.0.100.202210260954/tools/bin/../lib/gcc/arm-none-eabi/10.3.1/../../../../arm-none-eabi/lib/thumb/v7e-m+fp/hard/libc_nano.a(lib_a-impure.o)
 *(.RamFunc)
 *(.RamFunc*)
                0x0000000020000088                . = ALIGN (0x4)
                0x0000000020000088                _edata = .
                0x000000000800b414                _siccmram = LOADADDR (.ccmram)

.igot.plt       0x0000000020000088        0x0 load address 0x000000000800b414
 .igot.plt      0x0000000020000088        0x0 /home/majiddrn/st/stm32cubeide_1.11.2/plugins/com.st.stm32cube.ide.mcu.externaltools.gnu-tools-for-stm32.10.3-2021.10.linux64_1.0.100.202210260954/tools/bin/../lib/gcc/arm-none-eabi/10.3.1/thumb/v7e-m+fp/hard/crtbegin.o

.ccmram         0x0000000010000000        0x0 load address 0x000000000800b414
                0x0000000010000000                . = ALIGN (0x4)
                0x0000000010000000                _sccmram = .
 *(.ccmram)
 *(.ccmram*)
                0x0000000010000000                . = ALIGN (0x4)
                0x0000000010000000                _eccmram = .
                0x0000000010000000                . = ALIGN (0x4)

.bss            0x0000000020000088     0x1f7c
                0x0000000020000088                _sbss = .
                0x0000000020000088                __bss_start__ = _sbss
 *(.bss)
 .bss           0x0000000020000088       0x1c /home/majiddrn/st/stm32cubeide_1.11.2/plugins/com.st.stm32cube.ide.mcu.externaltools.gnu-tools-for-stm32.10.3-2021.10.linux64_1.0.100.202210260954/tools/bin/../lib/gcc/arm-none-eabi/10.3.1/thumb/v7e-m+fp/hard/crtbegin.o
 *(.bss*)
 .bss.hi2c1     0x00000000200000a4       0x54 ./Core/Src/main.o
                0x00000000200000a4                hi2c1
 .bss.hspi1     0x00000000200000f8       0x64 ./Core/Src/main.o
                0x00000000200000f8                hspi1
 .bss.htim2     0x000000002000015c       0x4c ./Core/Src/main.o
                0x000000002000015c                htim2
 .bss.htim3     0x00000000200001a8       0x4c ./Core/Src/main.o
                0x00000000200001a8                htim3
 .bss.huart2    0x00000000200001f4       0x88 ./Core/Src/main.o
                0x00000000200001f4                huart2
 .bss.hdma_usart2_tx
                0x000000002000027c       0x44 ./Core/Src/main.o
                0x000000002000027c                hdma_usart2_tx
 .bss.hpcd_USB_FS
                0x00000000200002c0      0x2ec ./Core/Src/main.o
                0x00000000200002c0                hpcd_USB_FS
 .bss.defaultTaskHandle
                0x00000000200005ac        0x4 ./Core/Src/main.o
                0x00000000200005ac                defaultTaskHandle
 .bss.uartRxDiffHandle
                0x00000000200005b0        0x4 ./Core/Src/main.o
                0x00000000200005b0                uartRxDiffHandle
 .bss.diffBufferReadHandle
                0x00000000200005b4        0x4 ./Core/Src/main.o
                0x00000000200005b4                diffBufferReadHandle
 .bss.diffRxDataHandle
                0x00000000200005b8        0x4 ./Core/Src/main.o
                0x00000000200005b8                diffRxDataHandle
 .bss.dataBufferSemaphoreHandle
                0x00000000200005bc        0x4 ./Core/Src/main.o
                0x00000000200005bc                dataBufferSemaphoreHandle
 .bss.data      0x00000000200005c0       0x96 ./Core/Src/main.o
                0x00000000200005c0                data
 .bss.data_c    0x0000000020000656        0x1 ./Core/Src/main.o
                0x0000000020000656                data_c
 .bss.data_c_idx
                0x0000000020000657        0x1 ./Core/Src/main.o
                0x0000000020000657                data_c_idx
 .bss.htim1     0x0000000020000658       0x4c ./Core/Src/stm32f3xx_hal_timebase_tim.o
                0x0000000020000658                htim1
 .bss.__sbrk_heap_end
                0x00000000200006a4        0x4 ./Core/Src/sysmem.o
 .bss.uwTick    0x00000000200006a8        0x4 ./Drivers/STM32F3xx_HAL_Driver/Src/stm32f3xx_hal.o
                0x00000000200006a8                uwTick
 .bss.KernelState
                0x00000000200006ac        0x4 ./Middlewares/Third_Party/FreeRTOS/Source/CMSIS_RTOS_V2/cmsis_os2.o
 .bss.Idle_TCB  0x00000000200006b0       0x5c ./Middlewares/Third_Party/FreeRTOS/Source/CMSIS_RTOS_V2/cmsis_os2.o
 .bss.Idle_Stack
                0x000000002000070c      0x200 ./Middlewares/Third_Party/FreeRTOS/Source/CMSIS_RTOS_V2/cmsis_os2.o
 .bss.Timer_TCB
                0x000000002000090c       0x5c ./Middlewares/Third_Party/FreeRTOS/Source/CMSIS_RTOS_V2/cmsis_os2.o
 .bss.Timer_Stack
                0x0000000020000968      0x400 ./Middlewares/Third_Party/FreeRTOS/Source/CMSIS_RTOS_V2/cmsis_os2.o
 .bss.xQueueRegistry
                0x0000000020000d68       0x40 ./Middlewares/Third_Party/FreeRTOS/Source/queue.o
                0x0000000020000d68                xQueueRegistry
 .bss.pxCurrentTCB
                0x0000000020000da8        0x4 ./Middlewares/Third_Party/FreeRTOS/Source/tasks.o
                0x0000000020000da8                pxCurrentTCB
 .bss.pxReadyTasksLists
                0x0000000020000dac      0x460 ./Middlewares/Third_Party/FreeRTOS/Source/tasks.o
 .bss.xDelayedTaskList1
                0x000000002000120c       0x14 ./Middlewares/Third_Party/FreeRTOS/Source/tasks.o
 .bss.xDelayedTaskList2