Archive member included to satisfy reference by file (symbol)

/home/majiddrn/st/stm32cubeide_1.11.2/plugins/com.st.stm32cube.ide.mcu.externaltools.gnu-tools-for-stm32.10.3-2021.10.linux64_1.0.100.202210260954/tools/bin/../lib/gcc/arm-none-eabi/10.3.1/../../../../arm-none-eabi/lib/thumb/v7e-m+fp/hard/libc_nano.a(lib_a-atoi.o)
                              ./Core/Src/Handler.o (atoi)
/home/majiddrn/st/stm32cubeide_1.11.2/plugins/com.st.stm32cube.ide.mcu.externaltools.gnu-tools-for-stm32.10.3-2021.10.linux64_1.0.100.202210260954/tools/bin/../lib/gcc/arm-none-eabi/10.3.1/../../../../arm-none-eabi/lib/thumb/v7e-m+fp/hard/libc_nano.a(lib_a-errno.o)
                              ./Core/Src/syscalls.o (__errno)
/home/majiddrn/st/stm32cubeide_1.11.2/plugins/com.st.stm32cube.ide.mcu.externaltools.gnu-tools-for-stm32.10.3-2021.10.linux64_1.0.100.202210260954/tools/bin/../lib/gcc/arm-none-eabi/10.3.1/../../../../arm-none-eabi/lib/thumb/v7e-m+fp/hard/libc_nano.a(lib_a-exit.o)
                              /home/majiddrn/st/stm32cubeide_1.11.2/plugins/com.st.stm32cube.ide.mcu.externaltools.gnu-tools-for-stm32.10.3-2021.10.linux64_1.0.100.202210260954/tools/bin/../lib/gcc/arm-none-eabi/10.3.1/../../../../arm-none-eabi/lib/thumb/v7e-m+fp/hard/crt0.o (exit)
/home/majiddrn/st/stm32cubeide_1.11.2/plugins/com.st.stm32cube.ide.mcu.externaltools.gnu-tools-for-stm32.10.3-2021.10.linux64_1.0.100.202210260954/tools/bin/../lib/gcc/arm-none-eabi/10.3.1/../../../../arm-none-eabi/lib/thumb/v7e-m+fp/hard/libc_nano.a(lib_a-impure.o)
                              /home/majiddrn/st/stm32cubeide_1.11.2/plugins/com.st.stm32cube.ide.mcu.externaltools.gnu-tools-for-stm32.10.3-2021.10.linux64_1.0.100.202210260954/tools/bin/../lib/gcc/arm-none-eabi/10.3.1/../../../../arm-none-eabi/lib/thumb/v7e-m+fp/hard/libc_nano.a(lib_a-exit.o) (_global_impure_ptr)
/home/majiddrn/st/stm32cubeide_1.11.2/plugins/com.st.stm32cube.ide.mcu.externaltools.gnu-tools-for-stm32.10.3-2021.10.linux64_1.0.100.202210260954/tools/bin/../lib/gcc/arm-none-eabi/10.3.1/../../../../arm-none-eabi/lib/thumb/v7e-m+fp/hard/libc_nano.a(lib_a-init.o)
                              /home/majiddrn/st/stm32cubeide_1.11.2/plugins/com.st.stm32cube.ide.mcu.externaltools.gnu-tools-for-stm32.10.3-2021.10.linux64_1.0.100.202210260954/tools/bin/../lib/gcc/arm-none-eabi/10.3.1/../../../../arm-none-eabi/lib/thumb/v7e-m+fp/hard/crt0.o (__libc_init_array)
/home/majiddrn/st/stm32cubeide_1.11.2/plugins/com.st.stm32cube.ide.mcu.externaltools.gnu-tools-for-stm32.10.3-2021.10.linux64_1.0.100.202210260954/tools/bin/../lib/gcc/arm-none-eabi/10.3.1/../../../../arm-none-eabi/lib/thumb/v7e-m+fp/hard/libc_nano.a(lib_a-memcpy-stub.o)
                              ./Middlewares/Third_Party/FreeRTOS/Source/CMSIS_RTOS_V2/cmsis_os2.o (memcpy)
/home/majiddrn/st/stm32cubeide_1.11.2/plugins/com.st.stm32cube.ide.mcu.externaltools.gnu-tools-for-stm32.10.3-2021.10.linux64_1.0.100.202210260954/tools/bin/../lib/gcc/arm-none-eabi/10.3.1/../../../../arm-none-eabi/lib/thumb/v7e-m+fp/hard/libc_nano.a(lib_a-memset.o)
                              /home/majiddrn/st/stm32cubeide_1.11.2/plugins/com.st.stm32cube.ide.mcu.externaltools.gnu-tools-for-stm32.10.3-2021.10.linux64_1.0.100.202210260954/tools/bin/../lib/gcc/arm-none-eabi/10.3.1/../../../../arm-none-eabi/lib/thumb/v7e-m+fp/hard/crt0.o (memset)
/home/majiddrn/st/stm32cubeide_1.11.2/plugins/com.st.stm32cube.ide.mcu.externaltools.gnu-tools-for-stm32.10.3-2021.10.linux64_1.0.100.202210260954/tools/bin/../lib/gcc/arm-none-eabi/10.3.1/../../../../arm-none-eabi/lib/thumb/v7e-m+fp/hard/libc_nano.a(lib_a-qsort.o)
                              ./Core/Src/main.o (qsort)
/home/majiddrn/st/stm32cubeide_1.11.2/plugins/com.st.stm32cube.ide.mcu.externaltools.gnu-tools-for-stm32.10.3-2021.10.linux64_1.0.100.202210260954/tools/bin/../lib/gcc/arm-none-eabi/10.3.1/../../../../arm-none-eabi/lib/thumb/v7e-m+fp/hard/libc_nano.a(lib_a-sprintf.o)
                              ./Core/Src/AvoidHandler.o (sprintf)
/home/majiddrn/st/stm32cubeide_1.11.2/plugins/com.st.stm32cube.ide.mcu.externaltools.gnu-tools-for-stm32.10.3-2021.10.linux64_1.0.100.202210260954/tools/bin/../lib/gcc/arm-none-eabi/10.3.1/../../../../arm-none-eabi/lib/thumb/v7e-m+fp/hard/libc_nano.a(lib_a-strcpy.o)
                              ./Core/Src/Handler.o (strcpy)
/home/majiddrn/st/stm32cubeide_1.11.2/plugins/com.st.stm32cube.ide.mcu.externaltools.gnu-tools-for-stm32.10.3-2021.10.linux64_1.0.100.202210260954/tools/bin/../lib/gcc/arm-none-eabi/10.3.1/../../../../arm-none-eabi/lib/thumb/v7e-m+fp/hard/libc_nano.a(lib_a-strlen.o)
                              ./Core/Src/AvoidHandler.o (strlen)
/home/majiddrn/st/stm32cubeide_1.11.2/plugins/com.st.stm32cube.ide.mcu.externaltools.gnu-tools-for-stm32.10.3-2021.10.linux64_1.0.100.202210260954/tools/bin/../lib/gcc/arm-none-eabi/10.3.1/../../../../arm-none-eabi/lib/thumb/v7e-m+fp/hard/libc_nano.a(lib_a-strncmp.o)
                              ./Core/Src/Handler.o (strncmp)
[...]
Memory Configuration

Name             Origin             Length             Attributes
CCMRAM           0x0000000010000000 0x0000000000002000 xrw
RAM              0x0000000020000000 0x000000000000a000 xrw
FLASH            0x0000000008000000 0x0000000000040000 xr
*default*        0x0000000000000000 0xffffffffffffffff

Linker script and memory map

LOAD /home/majiddrn/st/stm32cubeide_1.11.2/plugins/com.st.stm32cube.ide.mcu.externaltools.gnu-tools-for-stm32.10.3-2021.10.linux64_1.0.100.202210260954/tools/bin/../lib/gcc/arm-none-eabi/10.3.1/thumb/v7e-m+fp/hard/crti.o
LOAD /home/majiddrn/st/stm32cubeide_1.11.2/plugins/com.st.stm32cube.ide.mcu.externaltools.gnu-tools-for-stm32.10.3-2021.10.linux64_1.0.100.202210260954/tools/bin/../lib/gcc/arm-none-eabi/10.3.1/thumb/v7e-m+fp/hard/crtbegin.o
LOAD /home/majiddrn/st/stm32cubeide_1.11.2/plugins/com.st.stm32cube.ide.mcu.externaltools.gnu-tools-for-stm32.10.3-2021.10.linux64_1.0.100.202210260954/tools/bin/../lib/gcc/arm-none-eabi/10.3.1/../../../../arm-none-eabi/lib/thumb/v7e-m+fp/hard/crt0.o
LOAD ./Core/Src/AvoidHandler.o
LOAD ./Core/Src/Callbacks.o
LOAD ./Core/Src/Handler.o
LOAD ./Core/Src/PIRHandler.o
LOAD ./Core/Src/RGBHandler.o
LOAD ./Core/Src/freertos.o
LOAD ./Core/Src/main.o
LOAD ./Core/Src/stm32f3xx_hal_msp.o
LOAD ./Core/Src/stm32f3xx_hal_timebase_tim.o
LOAD ./Core/Src/stm32f3xx_it.o
LOAD ./Core/Src/syscalls.o
LOAD ./Core/Src/sysmem.o
LOAD ./Core/Src/system_stm32f3xx.o
LOAD ./Core/Startup/startup_stm32f303vctx.o
LOAD ./Drivers/STM32F3xx_HAL_Driver/Src/stm32f3xx_hal.o
LOAD ./Drivers/STM32F3xx_HAL_Driver/Src/stm32f3xx_hal_adc.o
LOAD ./Drivers/STM32F3xx_HAL_Driver/Src/stm32f3xx_hal_adc_ex.o
LOAD ./Drivers/STM32F3xx_HAL_Driver/Src/stm32f3xx_hal_cortex.o
LOAD ./Drivers/STM32F3xx_HAL_Driver/Src/stm32f3xx_hal_dma.o
LOAD ./Drivers/STM32F3xx_HAL_Driver/Src/stm32f3xx_hal_exti.o
LOAD ./Drivers/STM32F3xx_HAL_Driver/Src/stm32f3xx_hal_flash.o
LOAD ./Drivers/STM32F3xx_HAL_Driver/Src/stm32f3xx_hal_flash_ex.o
LOAD ./Drivers/STM32F3xx_HAL_Driver/Src/stm32f3xx_hal_gpio.o
LOAD ./Drivers/STM32F3xx_HAL_Driver/Src/stm32f3xx_hal_i2c.o
LOAD ./Drivers/STM32F3xx_HAL_Driver/Src/stm32f3xx_hal_i2c_ex.o
LOAD ./Drivers/STM32F3xx_HAL_Driver/Src/stm32f3xx_hal_pcd.o
LOAD ./Drivers/STM32F3xx_HAL_Driver/Src/stm32f3xx_hal_pcd_ex.o
LOAD ./Drivers/STM32F3xx_HAL_Driver/Src/stm32f3xx_hal_pwr.o
LOAD ./Drivers/STM32F3xx_HAL_Driver/Src/stm32f3xx_hal_pwr_ex.o
LOAD ./Drivers/STM32F3xx_HAL_Driver/Src/stm32f3xx_hal_rcc.o
LOAD ./Drivers/STM32F3xx_HAL_Driver/Src/stm32f3xx_hal_rcc_ex.o
LOAD ./Drivers/STM32F3xx_HAL_Driver/Src/stm32f3xx_hal_spi.o
LOAD ./Drivers/STM32F3xx_HAL_Driver/Src/stm32f3xx_hal_spi_ex.o
LOAD ./Drivers/STM32F3xx_HAL_Driver/Src/stm32f3xx_hal_tim.o
LOAD ./Drivers/STM32F3xx_HAL_Driver/Src/stm32f3xx_hal_tim_ex.o
LOAD ./Drivers/STM32F3xx_HAL_Driver/Src/stm32f3xx_hal_uart.o
LOAD ./Drivers/STM32F3xx_HAL_Driver/Src/stm32f3xx_hal_uart_ex.o
LOAD ./Drivers/STM32F3xx_HAL_Driver/Src/stm32f3xx_ll_usb.o
LOAD ./Middlewares/Third_Party/FreeRTOS/Source/CMSIS_RTOS_V2/cmsis_os2.o
LOAD ./Middlewares/Third_Party/FreeRTOS/Source/croutine.o
LOAD ./Middlewares/Third_Party/FreeRTOS/Source/event_groups.o
LOAD ./Middlewares/Third_Party/FreeRTOS/Source/list.o
LOAD ./Middlewares/Third_Party/FreeRTOS/Source/queue.o
LOAD ./Middlewares/Third_Party/FreeRTOS/Source/stream_buffer.o
LOAD ./Middlewares/Third_Party/FreeRTOS/Source/tasks.o
LOAD ./Middlewares/Third_Party/FreeRTOS/Source/timers.o
LOAD ./Middlewares/Third_Party/FreeRTOS/Source/portable/GCC/ARM_CM4F/port.o
LOAD ./Middlewares/Third_Party/FreeRTOS/Source/portable/MemMang/heap_4.o
START GROUP
LOAD /home/majiddrn/st/stm32cubeide_1.11.2/plugins/com.st.stm32cube.ide.mcu.externaltools.gnu-tools-for-stm32.10.3-2021.10.linux64_1.0.100.202210260954/tools/bin/../lib/gcc/arm-none-eabi/10.3.1/../../../../arm-none-eabi/lib/thumb/v7e-m+fp/hard/libstdc++_nano.a
LOAD /home/majiddrn/st/stm32cubeide_1.11.2/plugins/com.st.stm32cube.ide.mcu.externaltools.gnu-tools-for-stm32.10.3-2021.10.linux64_1.0.100.202210260954/tools/bin/../lib/gcc/arm-none-eabi/10.3.1/../../../../arm-none-eabi/lib/thumb/v7e-m+fp/hard/libsupc++_nano.a
END GROUP
LOAD /home/majiddrn/st/stm32cubeide_1.11.2/plugins/com.st.stm32cube.ide.mcu.externaltools.gnu-tools-for-stm32.10.3-2021.10.linux64_1.0.100.202210260954/tools/bin/../lib/gcc/arm-none-eabi/10.3.1/../../../../arm-none-eabi/lib/thumb/v7e-m+fp/hard/libstdc++_nano.a
LOAD /home/majiddrn/st/stm32cubeide_1.11.2/plugins/com.st.stm32cube.ide.mcu.externaltools.gnu-tools-for-stm32.10.3-2021.10.linux64_1.0.100.202210260954/tools/bin/../lib/gcc/arm-none-eabi/10.3.1/../../../../arm-none-eabi/lib/thumb/v7e-m+fp/hard/libm.a
LOAD /home/majiddrn/st/stm32cubeide_1.11.2/plugins/com.st.stm32cube.ide.mcu.externaltools.gnu-tools-for-stm32.10.3-2021.10.linux64_1.0.100.202210260954/tools/bin/../lib/gcc/arm-none-eabi/10.3.1/../../../../arm-none-eabi/lib/thumb/v7e-m+fp/hard/libc_nano.a
START GROUP
LOAD /home/majiddrn/st/stm32cubeide_1.11.2/plugins/com.st.stm32cube.ide.mcu.externaltools.gnu-tools-for-stm32.10.3-2021.10.linux64_1.0.100.202210260954/tools/bin/../lib/gcc/arm-none-eabi/10.3.1/thumb/v7e-m+fp/hard/libgcc.a
LOAD /home/majiddrn/st/stm32cubeide_1.11.2/plugins/com.st.stm32cube.ide.mcu.externaltools.gnu-tools-for-stm32.10.3-2021.10.linux64_1.0.100.202210260954/tools/bin/../lib/gcc/arm-none-eabi/10.3.1/../../../../arm-none-eabi/lib/thumb/v7e-m+fp/hard/libc_nano.a
END GROUP
START GROUP
LOAD /home/majiddrn/st/stm32cubeide_1.11.2/plugins/com.st.stm32cube.ide.mcu.externaltools.gnu-tools-for-stm32.10.3-2021.10.linux64_1.0.100.202210260954/tools/bin/../lib/gcc/arm-none-eabi/10.3.1/thumb/v7e-m+fp/hard/libgcc.a
LOAD /home/majiddrn/st/stm32cubeide_1.11.2/plugins/com.st.stm32cube.ide.mcu.externaltools.gnu-tools-for-stm32.10.3-2021.10.linux64_1.0.100.202210260954/tools/bin/../lib/gcc/arm-none-eabi/10.3.1/../../../../arm-none-eabi/lib/thumb/v7e-m+fp/hard/libc_nano.a
LOAD /home/majiddrn/st/stm32cubeide_1.11.2/plugins/com.st.stm32cube.ide.mcu.externaltools.gnu-tools-for-stm32.10.3-2021.10.linux64_1.0.100.202210260954/tools/bin/../lib/gcc/arm-none-eabi/10.3.1/../../../../arm-none-eabi/lib/thumb/v7e-m+fp/hard/libnosys.a
END GROUP
START GROUP
LOAD /home/majiddrn/st/stm32cubeide_1.11.2/plugins/com.st.stm32cube.ide.mcu.externaltools.gnu-tools-for-stm32.10.3-2021.10.linux64_1.0.100.202210260954/tools/bin/../lib/gcc/arm-none-eabi/10.3.1/thumb/v7e-m+fp/hard/libgcc.a
LOAD /home/majiddrn/st/stm32cubeide_1.11.2/plugins/com.st.stm32cube.ide.mcu.externaltools.gnu-tools-for-stm32.10.3-2021.10.linux64_1.0.100.202210260954/tools/bin/../lib/gcc/arm-none-eabi/10.3.1/../../../../arm-none-eabi/lib/thumb/v7e-m+fp/hard/libc_nano.a
LOAD /home/majiddrn/st/stm32cubeide_1.11.2/plugins/com.st.stm32cube.ide.mcu.externaltools.gnu-tools-for-stm32.10.3-2021.10.linux64_1.0.100.202210260954/tools/bin/../lib/gcc/arm-none-eabi/10.3.1/../../../../arm-none-eabi/lib/thumb/v7e-m+fp/hard/libnosys.a
END GROUP
LOAD /home/majiddrn/st/stm32cubeide_1.11.2/plugins/com.st.stm32cube.ide.mcu.externaltools.gnu-tools-for-stm32.10.3-2021.10.linux64_1.0.100.202210260954/tools/bin/../lib/gcc/arm-none-eabi/10.3.1/thumb/v7e-m+fp/hard/crtend.o
LOAD /home/majiddrn/st/stm32cubeide_1.11.2/plugins/com.st.stm32cube.ide.mcu.externaltools.gnu-tools-for-stm32.10.3-2021.10.linux64_1.0.100.202210260954/tools/bin/../lib/gcc/arm-none-eabi/10.3.1/thumb/v7e-m+fp/hard/crtn.o
                0x000000002000a000                _estack = (ORIGIN (RAM) + LENGTH (RAM))
                0x0000000000000200                _Min_Heap_Size = 0x200
                0x0000000000000400                _Min_Stack_Size = 0x400

.isr_vector     0x0000000008000000      0x188
                0x0000000008000000                . = ALIGN (0x4)
 *(.isr_vector)
 .isr_vector    0x0000000008000000      0x188 ./Core/Startup/startup_stm32f303vctx.o
                0x0000000008000000                g_pfnVectors
                0x0000000008000188                . = ALIGN (0x4)

.text           0x0000000008000190     0xd4d0
                0x0000000008000190                . = ALIGN (0x4)
 *(.text)
 .text          0x0000000008000190       0x40 /home/majiddrn/st/stm32cubeide_1.11.2/plugins/com.st.stm32cube.ide.mcu.externaltools.gnu-tools-for-stm32.10.3-2021.10.linux64_1.0.100.202210260954/tools/bin/../lib/gcc/arm-none-eabi/10.3.1/thumb/v7e-m+fp/hard/crtbegin.o
 .text          0x00000000080001d0       0x10 /home/majiddrn/st/stm32cubeide_1.11.2/plugins/com.st.stm32cube.ide.mcu.externaltools.gnu-tools-for-stm32.10.3-2021.10.linux64_1.0.100.202210260954/tools/bin/../lib/gcc/arm-none-eabi/10.3.1/../../../../arm-none-eabi/lib/thumb/v7e-m+fp/hard/libc_nano.a(lib_a-strlen.o)
                0x00000000080001d0                strlen
 .text          0x00000000080001e0       0xa0 /home/majiddrn/st/stm32cubeide_1.11.2/plugins/com.st.stm32cube.ide.mcu.externaltools.gnu-tools-for-stm32.10.3-2021.10.linux64_1.0.100.202210260954/tools/bin/../lib/gcc/arm-none-eabi/10.3.1/../../../../arm-none-eabi/lib/thumb/v7e-m+fp/hard/libc_nano.a(lib_a-memchr.o)
                0x00000000080001e0                memchr
 .text          0x0000000008000280      0x378 /home/majiddrn/st/stm32cubeide_1.11.2/plugins/com.st.stm32cube.ide.mcu.externaltools.gnu-tools-for-stm32.10.3-2021.10.linux64_1.0.100.202210260954/tools/bin/../lib/gcc/arm-none-eabi/10.3.1/thumb/v7e-m+fp/hard/libgcc.a(_arm_addsubdf3.o)
                0x0000000008000280                __aeabi_drsub
                0x0000000008000288                __aeabi_dsub
                0x0000000008000288                __subdf3
                0x000000000800028c                __adddf3
                0x000000000800028c                __aeabi_dadd
                0x0000000008000504                __aeabi_ui2d
                0x0000000008000504                __floatunsidf
                0x0000000008000524                __floatsidf
                0x0000000008000524                __aeabi_i2d
                0x0000000008000548                __extendsfdf2
                0x0000000008000548                __aeabi_f2d
                0x000000000800058c                __aeabi_ul2d
                0x000000000800058c                __floatundidf
                0x000000000800059c                __floatdidf
                0x000000000800059c                __aeabi_l2d
 .text          0x00000000080005f8      0x424 /home/majiddrn/st/stm32cubeide_1.11.2/plugins/com.st.stm32cube.ide.mcu.externaltools.gnu-tools-for-stm32.10.3-2021.10.linux64_1.0.100.202210260954/tools/bin/../lib/gcc/arm-none-eabi/10.3.1/thumb/v7e-m+fp/hard/libgcc.a(_arm_muldivdf3.o)
                0x00000000080005f8                __aeabi_dmul
                0x00000000080005f8                __muldf3
                0x000000000800084c                __aeabi_ddiv
                0x000000000800084c                __divdf3
 .text          0x0000000008000a1c       0x40 /home/majiddrn/st/stm32cubeide_1.11.2/plugins/com.st.stm32cube.ide.mcu.externaltools.gnu-tools-for-stm32.10.3-2021.10.linux64_1.0.100.202210260954/tools/bin/../lib/gcc/arm-none-eabi/10.3.1/thumb/v7e-m+fp/hard/libgcc.a(_arm_fixunsdfsi.o)
                0x0000000008000a1c                __fixunsdfsi
                0x0000000008000a1c                __aeabi_d2uiz
 *(.text*)
 .text.doAVOIDFunc
                0x0000000008000a5c       0xd0 ./Core/Src/AvoidHandler.o
                0x0000000008000a5c                doAVOIDFunc
 .text.getAvoidDistance
                0x0000000008000b2c       0xcc ./Core/Src/AvoidHandler.o
                0x0000000008000b2c                getAvoidDistance
 .text.HAL_UART_RxCpltCallback
                0x0000000008000bf8       0x7c ./Core/Src/Callbacks.o
                0x0000000008000bf8                HAL_UART_RxCpltCallback
 .text.HAL_GPIO_EXTI_Callback
                0x0000000008000c74       0x74 ./Core/Src/Callbacks.o
                0x0000000008000c74                HAL_GPIO_EXTI_Callback
 .text.getMessageType
                0x0000000008000ce8       0x5c ./Core/Src/Handler.o
                0x0000000008000ce8                getMessageType
 .text.parseLedMessage
                0x0000000008000d44       0x88 ./Core/Src/Handler.o
                0x0000000008000d44                parseLedMessage
 .text.parsePirMessage
                0x0000000008000dcc       0x88 ./Core/Src/Handler.o
                0x0000000008000dcc                parsePirMessage
 .text.parseAvoidMessage
                0x0000000008000e54       0x88 ./Core/Src/Handler.o
                0x0000000008000e54                parseAvoidMessage
 .text.parseMessage
                0x0000000008000edc       0x5a ./Core/Src/Handler.o
                0x0000000008000edc                parseMessage
 .text.addToHandler
                0x0000000008000f36       0x9e ./Core/Src/Handler.o
                0x0000000008000f36                addToHandler
 .text.sendACK  0x0000000008000fd4       0xa8 ./Core/Src/Handler.o
                0x0000000008000fd4                sendACK
 .text.doPIRFunc
                0x000000000800107c       0xd0 ./Core/Src/PIRHandler.o
                0x000000000800107c                doPIRFunc
 .text.doLEDFunc
                0x000000000800114c      0x128 ./Core/Src/RGBHandler.o
                0x000000000800114c                doLEDFunc
 .text.compare  0x0000000008001274       0x28 ./Core/Src/main.o
                0x0000000008001274                compare
 .text.getMedian
                0x000000000800129c       0x8c ./Core/Src/main.o
                0x000000000800129c                getMedian
 .text.main     0x0000000008001328      0x1c4 ./Core/Src/main.o
                0x0000000008001328                main
 .text.SystemClock_Config
                0x00000000080014ec       0xd0 ./Core/Src/main.o
                0x00000000080014ec                SystemClock_Config
 .text.MX_ADC1_Init
                0x00000000080015bc       0xe0 ./Core/Src/main.o
 .text.MX_I2C1_Init
                0x000000000800169c       0x80 ./Core/Src/main.o
 .text.MX_SPI1_Init
                0x000000000800171c       0x7c ./Core/Src/main.o
 .text.MX_TIM2_Init
                0x0000000008001798       0xe0 ./Core/Src/main.o
 .text.MX_TIM3_Init
                0x0000000008001878       0xe0 ./Core/Src/main.o
 .text.MX_TIM4_Init
                0x0000000008001958       0x9c ./Core/Src/main.o
 .text.MX_TIM8_Init
                0x00000000080019f4       0xa8 ./Core/Src/main.o
 .text.MX_USART2_UART_Init
                0x0000000008001a9c       0x60 ./Core/Src/main.o
 .text.MX_USB_PCD_Init
                0x0000000008001afc       0x44 ./Core/Src/main.o
 .text.MX_GPIO_Init
                0x0000000008001b40      0x1f8 ./Core/Src/main.o
 .text.StartDefaultTask
                0x0000000008001d38       0x10 ./Core/Src/main.o
                0x0000000008001d38                StartDefaultTask
 .text.uartRxDiff_f
                0x0000000008001d48       0x2c ./Core/Src/main.o
                0x0000000008001d48                uartRxDiff_f
 .text.AvoidPIRHandler_f
                0x0000000008001d74       0xe0 ./Core/Src/main.o
                0x0000000008001d74                AvoidPIRHandler_f
 .text.HAL_TIM_PeriodElapsedCallback
                0x0000000008001e54       0x24 ./Core/Src/main.o
                0x0000000008001e54                HAL_TIM_PeriodElapsedCallback
 .text.Error_Handler
                0x0000000008001e78        0xa ./Core/Src/main.o
                0x0000000008001e78                Error_Handler
 *fill*         0x0000000008001e82        0x2 
 .text.HAL_MspInit
                0x0000000008001e84       0x50 ./Core/Src/stm32f3xx_hal_msp.o
                0x0000000008001e84                HAL_MspInit
 .text.HAL_ADC_MspInit
                0x0000000008001ed4       0x78 ./Core/Src/stm32f3xx_hal_msp.o
                0x0000000008001ed4                HAL_ADC_MspInit
 .text.HAL_I2C_MspInit
                0x0000000008001f4c       0x88 ./Core/Src/stm32f3xx_hal_msp.o
                0x0000000008001f4c                HAL_I2C_MspInit
 .text.HAL_SPI_MspInit
                0x0000000008001fd4       0x84 ./Core/Src/stm32f3xx_hal_msp.o
                0x0000000008001fd4                HAL_SPI_MspInit
 .text.HAL_TIM_PWM_MspInit
                0x0000000008002058       0x64 ./Core/Src/stm32f3xx_hal_msp.o
                0x0000000008002058                HAL_TIM_PWM_MspInit
 .text.HAL_TIM_Base_MspInit
                0x00000000080020bc       0x68 ./Core/Src/stm32f3xx_hal_msp.o
                0x00000000080020bc                HAL_TIM_Base_MspInit
 .text.HAL_TIM_MspPostInit
                0x0000000008002124      0x1a4 ./Core/Src/stm32f3xx_hal_msp.o
                0x0000000008002124                HAL_TIM_MspPostInit
 .text.HAL_UART_MspInit
                0x00000000080022c8       0xd0 ./Core/Src/stm32f3xx_hal_msp.o
                0x00000000080022c8                HAL_UART_MspInit
 .text.HAL_PCD_MspInit
                0x0000000008002398       0x88 ./Core/Src/stm32f3xx_hal_msp.o
                0x0000000008002398                HAL_PCD_MspInit
 .text.HAL_InitTick
                0x0000000008002420       0xe0 ./Core/Src/stm32f3xx_hal_timebase_tim.o
                0x0000000008002420                HAL_InitTick
 .text.NMI_Handler
                0x0000000008002500        0x6 ./Core/Src/stm32f3xx_it.o
                0x0000000008002500                NMI_Handler
 .text.HardFault_Handler
                0x0000000008002506        0x6 ./Core/Src/stm32f3xx_it.o
                0x0000000008002506                HardFault_Handler
 .text.MemManage_Handler
                0x000000000800250c        0x6 ./Core/Src/stm32f3xx_it.o
                0x000000000800250c                MemManage_Handler
 .text.BusFault_Handler
                0x0000000008002512        0x6 ./Core/Src/stm32f3xx_it.o
                0x0000000008002512                BusFault_Handler
 .text.UsageFault_Handler
                0x0000000008002518        0x6 ./Core/Src/stm32f3xx_it.o
                0x0000000008002518                UsageFault_Handler
 .text.DebugMon_Handler
                0x000000000800251e        0xe ./Core/Src/stm32f3xx_it.o
                0x000000000800251e                DebugMon_Handler
 .text.EXTI9_5_IRQHandler
                0x000000000800252c       0x10 ./Core/Src/stm32f3xx_it.o
                0x000000000800252c                EXTI9_5_IRQHandler
 .text.TIM1_UP_TIM16_IRQHandler
                0x000000000800253c       0x14 ./Core/Src/stm32f3xx_it.o
                0x000000000800253c                TIM1_UP_TIM16_IRQHandler
 .text.USART2_IRQHandler
                0x0000000008002550       0x14 ./Core/Src/stm32f3xx_it.o
                0x0000000008002550                USART2_IRQHandler
 .text.EXTI15_10_IRQHandler
                0x0000000008002564       0x10 ./Core/Src/stm32f3xx_it.o
                0x0000000008002564                EXTI15_10_IRQHandler
 .text._getpid  0x0000000008002574       0x10 ./Core/Src/syscalls.o
                0x0000000008002574                _getpid
 .text._kill    0x0000000008002584       0x20 ./Core/Src/syscalls.o
                0x0000000008002584                _kill
 .text._exit    0x00000000080025a4       0x14 ./Core/Src/syscalls.o
                0x00000000080025a4                _exit
 .text._read    0x00000000080025b8       0x3a ./Core/Src/syscalls.o
                0x00000000080025b8                _read
 .text._write   0x00000000080025f2       0x38 ./Core/Src/syscalls.o
                0x00000000080025f2                _write
 .text._close   0x000000000800262a       0x18 ./Core/Src/syscalls.o
                0x000000000800262a                _close
 .text._fstat   0x0000000008002642       0x20 ./Core/Src/syscalls.o
                0x0000000008002642                _fstat
 .text._isatty  0x0000000008002662       0x16 ./Core/Src/syscalls.o
                0x0000000008002662                _isatty
 .text._lseek   0x0000000008002678       0x1a ./Core/Src/syscalls.o
                0x0000000008002678                _lseek
 *fill*         0x0000000008002692        0x2 
 .text._sbrk    0x0000000008002694       0x6c ./Core/Src/sysmem.o
                0x0000000008002694                _sbrk
 .text.SystemInit
                0x0000000008002700       0x24 ./Core/Src/system_stm32f3xx.o
                0x0000000008002700                SystemInit
 .text.Reset_Handler
                0x0000000008002724       0x50 ./Core/Startup/startup_stm32f303vctx.o
                0x0000000008002724                Reset_Handler
 .text.Default_Handler
                0x0000000008002774        0x2 ./Core/Startup/startup_stm32f303vctx.o
                0x0000000008002774                RTC_Alarm_IRQHandler
                0x0000000008002774                TIM8_TRG_COM_IRQHandler
                0x0000000008002774                TIM8_CC_IRQHandler
                0x0000000008002774                TIM1_CC_IRQHandler
                0x0000000008002774                USB_HP_IRQHandler
                0x0000000008002774                PVD_IRQHandler
                0x0000000008002774                TAMP_STAMP_IRQHandler
                0x0000000008002774                EXTI3_IRQHandler
                0x0000000008002774                USB_HP_CAN_TX_IRQHandler
                0x0000000008002774                EXTI0_IRQHandler
                0x0000000008002774                I2C2_EV_IRQHandler
                0x0000000008002774                FPU_IRQHandler
                0x0000000008002774                ADC1_2_IRQHandler
                0x0000000008002774                SPI1_IRQHandler
                0x0000000008002774                CAN_SCE_IRQHandler
                0x0000000008002774                TIM6_DAC_IRQHandler
                0x0000000008002774                TIM8_UP_IRQHandler
                0x0000000008002774                DMA2_Channel2_IRQHandler
                0x0000000008002774                DMA1_Channel4_IRQHandler
                0x0000000008002774                USART3_IRQHandler
                0x0000000008002774                DMA1_Channel7_IRQHandler
                0x0000000008002774                UART5_IRQHandler
                0x0000000008002774                ADC3_IRQHandler
                0x0000000008002774                TIM4_IRQHandler
                0x0000000008002774                CAN_RX1_IRQHandler
                0x0000000008002774                DMA2_Channel1_IRQHandler
                0x0000000008002774                I2C1_EV_IRQHandler
                0x0000000008002774                DMA1_Channel6_IRQHandler
                0x0000000008002774                UART4_IRQHandler
                0x0000000008002774                DMA2_Channel4_IRQHandler
                0x0000000008002774                TIM3_IRQHandler
                0x0000000008002774                RCC_IRQHandler
                0x0000000008002774                DMA1_Channel1_IRQHandler
                0x0000000008002774                Default_Handler
                0x0000000008002774                USBWakeUp_RMP_IRQHandler
                0x0000000008002774                TIM7_IRQHandler
                0x0000000008002774                RTC_WKUP_IRQHandler
                0x0000000008002774                SPI2_IRQHandler
                0x0000000008002774                USB_LP_CAN_RX0_IRQHandler
                0x0000000008002774                DMA2_Channel5_IRQHandler
                0x0000000008002774                DMA1_Channel5_IRQHandler
                0x0000000008002774                USB_LP_IRQHandler
                0x0000000008002774                EXTI4_IRQHandler
                0x0000000008002774                TIM1_TRG_COM_TIM17_IRQHandler
                0x0000000008002774                DMA1_Channel3_IRQHandler
                0x0000000008002774                ADC4_IRQHandler
                0x0000000008002774                WWDG_IRQHandler
                0x0000000008002774                TIM2_IRQHandler
                0x0000000008002774                COMP7_IRQHandler
                0x0000000008002774                COMP1_2_3_IRQHandler
                0x0000000008002774                EXTI1_IRQHandler
                0x0000000008002774                COMP4_5_6_IRQHandler
                0x0000000008002774                I2C2_ER_IRQHandler
                0x0000000008002774                DMA1_Channel2_IRQHandler
                0x0000000008002774                TIM8_BRK_IRQHandler
                0x0000000008002774                FLASH_IRQHandler
                0x0000000008002774                USART1_IRQHandler
                0x0000000008002774                SPI3_IRQHandler
                0x0000000008002774                I2C1_ER_IRQHandler
                0x0000000008002774                USBWakeUp_IRQHandler
                0x0000000008002774                DMA2_Channel3_IRQHandler
                0x0000000008002774                EXTI2_TSC_IRQHandler
                0x0000000008002774                TIM1_BRK_TIM15_IRQHandler
 *fill*         0x0000000008002776        0x2 
 .text.HAL_Init
                0x0000000008002778       0x2c ./Drivers/STM32F3xx_HAL_Driver/Src/stm32f3xx_hal.o
                0x0000000008002778                HAL_Init
 .text.HAL_IncTick
                0x00000000080027a4       0x28 ./Drivers/STM32F3xx_HAL_Driver/Src/stm32f3xx_hal.o
                0x00000000080027a4                HAL_IncTick
 .text.HAL_GetTick
                0x00000000080027cc       0x18 ./Drivers/STM32F3xx_HAL_Driver/Src/stm32f3xx_hal.o
                0x00000000080027cc                HAL_GetTick
 .text.HAL_ADC_Init
                0x00000000080027e4      0x3c0 ./Drivers/STM32F3xx_HAL_Driver/Src/stm32f3xx_hal_adc_ex.o
                0x00000000080027e4                HAL_ADC_Init
 .text.HAL_ADC_ConfigChannel
                0x0000000008002ba4      0x5d8 ./Drivers/STM32F3xx_HAL_Driver/Src/stm32f3xx_hal_adc_ex.o
                0x0000000008002ba4                HAL_ADC_ConfigChannel
 .text.HAL_ADCEx_MultiModeConfigChannel
                0x000000000800317c      0x1e4 ./Drivers/STM32F3xx_HAL_Driver/Src/stm32f3xx_hal_adc_ex.o
                0x000000000800317c                HAL_ADCEx_MultiModeConfigChannel
 .text.ADC_Disable
                0x0000000008003360       0xcc ./Drivers/STM32F3xx_HAL_Driver/Src/stm32f3xx_hal_adc_ex.o
 .text.__NVIC_SetPriorityGrouping
                0x000000000800342c       0x48 ./Drivers/STM32F3xx_HAL_Driver/Src/stm32f3xx_hal_cortex.o
 .text.__NVIC_GetPriorityGrouping
                0x0000000008003474       0x1c ./Drivers/STM32F3xx_HAL_Driver/Src/stm32f3xx_hal_cortex.o
 .text.__NVIC_EnableIRQ
                0x0000000008003490       0x3c ./Drivers/STM32F3xx_HAL_Driver/Src/stm32f3xx_hal_cortex.o
 .text.__NVIC_SetPriority
                0x00000000080034cc       0x54 ./Drivers/STM32F3xx_HAL_Driver/Src/stm32f3xx_hal_cortex.o
 .text.NVIC_EncodePriority
                0x0000000008003520       0x66 ./Drivers/STM32F3xx_HAL_Driver/Src/stm32f3xx_hal_cortex.o
 .text.HAL_NVIC_SetPriorityGrouping
                0x0000000008003586       0x16 ./Drivers/STM32F3xx_HAL_Driver/Src/stm32f3xx_hal_cortex.o
                0x0000000008003586                HAL_NVIC_SetPriorityGrouping
 .text.HAL_NVIC_SetPriority
                0x000000000800359c       0x38 ./Drivers/STM32F3xx_HAL_Driver/Src/stm32f3xx_hal_cortex.o
                0x000000000800359c                HAL_NVIC_SetPriority
 .text.HAL_NVIC_EnableIRQ
                0x00000000080035d4       0x1c ./Drivers/STM32F3xx_HAL_Driver/Src/stm32f3xx_hal_cortex.o
                0x00000000080035d4                HAL_NVIC_EnableIRQ
 .text.HAL_DMA_Abort
                0x00000000080035f0       0x72 ./Drivers/STM32F3xx_HAL_Driver/Src/stm32f3xx_hal_dma.o
                0x00000000080035f0                HAL_DMA_Abort
 .text.HAL_DMA_Abort_IT
                0x0000000008003662       0x7c ./Drivers/STM32F3xx_HAL_Driver/Src/stm32f3xx_hal_dma.o
                0x0000000008003662                HAL_DMA_Abort_IT
 *fill*         0x00000000080036de        0x2 
 .text.HAL_GPIO_Init
                0x00000000080036e0      0x2f4 ./Drivers/STM32F3xx_HAL_Driver/Src/stm32f3xx_hal_gpio.o
                0x00000000080036e0                HAL_GPIO_Init
 .text.HAL_GPIO_ReadPin
                0x00000000080039d4       0x30 ./Drivers/STM32F3xx_HAL_Driver/Src/stm32f3xx_hal_gpio.o
                0x00000000080039d4                HAL_GPIO_ReadPin
 .text.HAL_GPIO_WritePin
                0x0000000008003a04       0x30 ./Drivers/STM32F3xx_HAL_Driver/Src/stm32f3xx_hal_gpio.o
                0x0000000008003a04                HAL_GPIO_WritePin
 .text.HAL_GPIO_TogglePin
                0x0000000008003a34       0x34 ./Drivers/STM32F3xx_HAL_Driver/Src/stm32f3xx_hal_gpio.o
                0x0000000008003a34                HAL_GPIO_TogglePin
 .text.HAL_GPIO_EXTI_IRQHandler
                0x0000000008003a68       0x30 ./Drivers/STM32F3xx_HAL_Driver/Src/stm32f3xx_hal_gpio.o
                0x0000000008003a68                HAL_GPIO_EXTI_IRQHandler
 .text.HAL_I2C_Init
                0x0000000008003a98      0x11e ./Drivers/STM32F3xx_HAL_Driver/Src/stm32f3xx_hal_i2c.o
                0x0000000008003a98                HAL_I2C_Init
 .text.HAL_I2CEx_ConfigAnalogFilter
                0x0000000008003bb6       0x96 ./Drivers/STM32F3xx_HAL_Driver/Src/stm32f3xx_hal_i2c_ex.o
                0x0000000008003bb6                HAL_I2CEx_ConfigAnalogFilter
 .text.HAL_I2CEx_ConfigDigitalFilter
                0x0000000008003c4c       0x98 ./Drivers/STM32F3xx_HAL_Driver/Src/stm32f3xx_hal_i2c_ex.o
                0x0000000008003c4c                HAL_I2CEx_ConfigDigitalFilter
 .text.HAL_PCD_Init
                0x0000000008003ce4      0x1a4 ./Drivers/STM32F3xx_HAL_Driver/Src/stm32f3xx_hal_pcd.o
                0x0000000008003ce4                HAL_PCD_Init
 .text.HAL_RCC_OscConfig
                0x0000000008003e88     0x107c ./Drivers/STM32F3xx_HAL_Driver/Src/stm32f3xx_hal_rcc.o
                0x0000000008003e88                HAL_RCC_OscConfig
 .text.HAL_RCC_ClockConfig
                0x0000000008004f04      0x2f8 ./Drivers/STM32F3xx_HAL_Driver/Src/stm32f3xx_hal_rcc.o
                0x0000000008004f04                HAL_RCC_ClockConfig
 .text.HAL_RCC_GetSysClockFreq
                0x00000000080051fc       0xd4 ./Drivers/STM32F3xx_HAL_Driver/Src/stm32f3xx_hal_rcc.o
                0x00000000080051fc                HAL_RCC_GetSysClockFreq
 .text.HAL_RCC_GetHCLKFreq
                0x00000000080052d0       0x18 ./Drivers/STM32F3xx_HAL_Driver/Src/stm32f3xx_hal_rcc.o
                0x00000000080052d0                HAL_RCC_GetHCLKFreq
 .text.HAL_RCC_GetPCLK1Freq
                0x00000000080052e8       0x44 ./Drivers/STM32F3xx_HAL_Driver/Src/stm32f3xx_hal_rcc.o
                0x00000000080052e8                HAL_RCC_GetPCLK1Freq
 .text.HAL_RCC_GetPCLK2Freq
                0x000000000800532c       0x44 ./Drivers/STM32F3xx_HAL_Driver/Src/stm32f3xx_hal_rcc.o
                0x000000000800532c                HAL_RCC_GetPCLK2Freq
 .text.HAL_RCC_GetClockConfig
                0x0000000008005370       0x64 ./Drivers/STM32F3xx_HAL_Driver/Src/stm32f3xx_hal_rcc.o
                0x0000000008005370                HAL_RCC_GetClockConfig
 .text.HAL_RCCEx_PeriphCLKConfig
                0x00000000080053d4      0x360 ./Drivers/STM32F3xx_HAL_Driver/Src/stm32f3xx_hal_rcc_ex.o
                0x00000000080053d4                HAL_RCCEx_PeriphCLKConfig
 .text.HAL_SPI_Init
                0x0000000008005734      0x156 ./Drivers/STM32F3xx_HAL_Driver/Src/stm32f3xx_hal_spi.o
                0x0000000008005734                HAL_SPI_Init
 .text.HAL_TIM_Base_Init
                0x000000000800588a       0xae ./Drivers/STM32F3xx_HAL_Driver/Src/stm32f3xx_hal_tim.o
                0x000000000800588a                HAL_TIM_Base_Init
 .text.HAL_TIM_Base_Start
                0x0000000008005938       0xc4 ./Drivers/STM32F3xx_HAL_Driver/Src/stm32f3xx_hal_tim.o
                0x0000000008005938                HAL_TIM_Base_Start
 .text.HAL_TIM_Base_Start_IT
                0x00000000080059fc       0xd4 ./Drivers/STM32F3xx_HAL_Driver/Src/stm32f3xx_hal_tim.o
                0x00000000080059fc                HAL_TIM_Base_Start_IT
 .text.HAL_TIM_PWM_Init
                0x0000000008005ad0       0xae ./Drivers/STM32F3xx_HAL_Driver/Src/stm32f3xx_hal_tim.o
                0x0000000008005ad0                HAL_TIM_PWM_Init
 *fill*         0x0000000008005b7e        0x2 
 .text.HAL_TIM_PWM_Start
                0x0000000008005b80      0x200 ./Drivers/STM32F3xx_HAL_Driver/Src/stm32f3xx_hal_tim.o
                0x0000000008005b80                HAL_TIM_PWM_Start
 .text.HAL_TIM_IRQHandler
                0x0000000008005d80      0x23e ./Drivers/STM32F3xx_HAL_Driver/Src/stm32f3xx_hal_tim.o
                0x0000000008005d80                HAL_TIM_IRQHandler
 *fill*         0x0000000008005fbe        0x2 
 .text.HAL_TIM_PWM_ConfigChannel
                0x0000000008005fc0      0x228 ./Drivers/STM32F3xx_HAL_Driver/Src/stm32f3xx_hal_tim.o
                0x0000000008005fc0                HAL_TIM_PWM_ConfigChannel
 .text.HAL_TIM_ConfigClockSource
                0x00000000080061e8      0x192 ./Drivers/STM32F3xx_HAL_Driver/Src/stm32f3xx_hal_tim.o
                0x00000000080061e8                HAL_TIM_ConfigClockSource
 .text.HAL_TIM_OC_DelayElapsedCallback
                0x000000000800637a       0x14 ./Drivers/STM32F3xx_HAL_Driver/Src/stm32f3xx_hal_tim.o
                0x000000000800637a                HAL_TIM_OC_DelayElapsedCallback
 .text.HAL_TIM_IC_CaptureCallback
                0x000000000800638e       0x14 ./Drivers/STM32F3xx_HAL_Driver/Src/stm32f3xx_hal_tim.o
                0x000000000800638e                HAL_TIM_IC_CaptureCallback
 .text.HAL_TIM_PWM_PulseFinishedCallback
                0x00000000080063a2       0x14 ./Drivers/STM32F3xx_HAL_Driver/Src/stm32f3xx_hal_tim.o
                0x00000000080063a2                HAL_TIM_PWM_PulseFinishedCallback
 .text.HAL_TIM_TriggerCallback
                0x00000000080063b6       0x14 ./Drivers/STM32F3xx_HAL_Driver/Src/stm32f3xx_hal_tim.o
                0x00000000080063b6                HAL_TIM_TriggerCallback
 *fill*         0x00000000080063ca        0x2 
 .text.TIM_Base_SetConfig
                0x00000000080063cc      0x120 ./Drivers/STM32F3xx_HAL_Driver/Src/stm32f3xx_hal_tim.o
                0x00000000080063cc                TIM_Base_SetConfig
 .text.TIM_OC1_SetConfig
                0x00000000080064ec      0x120 ./Drivers/STM32F3xx_HAL_Driver/Src/stm32f3xx_hal_tim.o
 .text.TIM_OC2_SetConfig
                0x000000000800660c      0x114 ./Drivers/STM32F3xx_HAL_Driver/Src/stm32f3xx_hal_tim.o
                0x000000000800660c                TIM_OC2_SetConfig
 .text.TIM_OC3_SetConfig
                0x0000000008006720      0x110 ./Drivers/STM32F3xx_HAL_Driver/Src/stm32f3xx_hal_tim.o
 .text.TIM_OC4_SetConfig
                0x0000000008006830       0xd4 ./Drivers/STM32F3xx_HAL_Driver/Src/stm32f3xx_hal_tim.o
 .text.TIM_OC5_SetConfig
                0x0000000008006904       0xc8 ./Drivers/STM32F3xx_HAL_Driver/Src/stm32f3xx_hal_tim.o
 .text.TIM_OC6_SetConfig
                0x00000000080069cc       0xcc ./Drivers/STM32F3xx_HAL_Driver/Src/stm32f3xx_hal_tim.o
 .text.TIM_TI1_ConfigInputStage
                0x0000000008006a98       0x5e ./Drivers/STM32F3xx_HAL_Driver/Src/stm32f3xx_hal_tim.o
 .text.TIM_TI2_ConfigInputStage
                0x0000000008006af6       0x60 ./Drivers/STM32F3xx_HAL_Driver/Src/stm32f3xx_hal_tim.o
 .text.TIM_ITRx_SetConfig
                0x0000000008006b56       0x36 ./Drivers/STM32F3xx_HAL_Driver/Src/stm32f3xx_hal_tim.o
 .text.TIM_ETR_SetConfig
                0x0000000008006b8c       0x40 ./Drivers/STM32F3xx_HAL_Driver/Src/stm32f3xx_hal_tim.o
                0x0000000008006b8c                TIM_ETR_SetConfig
 .text.TIM_CCxChannelCmd
                0x0000000008006bcc       0x4a ./Drivers/STM32F3xx_HAL_Driver/Src/stm32f3xx_hal_tim.o
                0x0000000008006bcc                TIM_CCxChannelCmd
 *fill*         0x0000000008006c16        0x2 
 .text.HAL_TIMEx_MasterConfigSynchronization
                0x0000000008006c18      0x100 ./Drivers/STM32F3xx_HAL_Driver/Src/stm32f3xx_hal_tim_ex.o
                0x0000000008006c18                HAL_TIMEx_MasterConfigSynchronization
 .text.HAL_TIMEx_CommutCallback
                0x0000000008006d18       0x14 ./Drivers/STM32F3xx_HAL_Driver/Src/stm32f3xx_hal_tim_ex.o
                0x0000000008006d18                HAL_TIMEx_CommutCallback
 .text.HAL_TIMEx_BreakCallback
                0x0000000008006d2c       0x14 ./Drivers/STM32F3xx_HAL_Driver/Src/stm32f3xx_hal_tim_ex.o
                0x0000000008006d2c                HAL_TIMEx_BreakCallback
 .text.HAL_TIMEx_Break2Callback
                0x0000000008006d40       0x14 ./Drivers/STM32F3xx_HAL_Driver/Src/stm32f3xx_hal_tim_ex.o
                0x0000000008006d40                HAL_TIMEx_Break2Callback
 .text.HAL_UART_Init
                0x0000000008006d54       0x9c ./Drivers/STM32F3xx_HAL_Driver/Src/stm32f3xx_hal_uart.o
                0x0000000008006d54                HAL_UART_Init
 .text.HAL_UART_Transmit
                0x0000000008006df0      0x114 ./Drivers/STM32F3xx_HAL_Driver/Src/stm32f3xx_hal_uart.o
                0x0000000008006df0                HAL_UART_Transmit
 .text.HAL_UART_Receive_IT
                0x0000000008006f04       0x88 ./Drivers/STM32F3xx_HAL_Driver/Src/stm32f3xx_hal_uart.o
                0x0000000008006f04                HAL_UART_Receive_IT
 .text.HAL_UART_IRQHandler
                0x0000000008006f8c      0x5cc ./Drivers/STM32F3xx_HAL_Driver/Src/stm32f3xx_hal_uart.o
                0x0000000008006f8c                HAL_UART_IRQHandler
 .text.HAL_UART_TxCpltCallback
                0x0000000008007558       0x14 ./Drivers/STM32F3xx_HAL_Driver/Src/stm32f3xx_hal_uart.o
                0x0000000008007558                HAL_UART_TxCpltCallback
 .text.HAL_UART_ErrorCallback
                0x000000000800756c       0x14 ./Drivers/STM32F3xx_HAL_Driver/Src/stm32f3xx_hal_uart.o
                0x000000000800756c                HAL_UART_ErrorCallback
 .text.HAL_UARTEx_RxEventCallback
                0x0000000008007580       0x18 ./Drivers/STM32F3xx_HAL_Driver/Src/stm32f3xx_hal_uart.o
                0x0000000008007580                HAL_UARTEx_RxEventCallback
 .text.UART_SetConfig
                0x0000000008007598      0x3a8 ./Drivers/STM32F3xx_HAL_Driver/Src/stm32f3xx_hal_uart.o
                0x0000000008007598                UART_SetConfig
 .text.UART_AdvFeatureConfig
                0x0000000008007940      0x144 ./Drivers/STM32F3xx_HAL_Driver/Src/stm32f3xx_hal_uart.o
                0x0000000008007940                UART_AdvFeatureConfig
 .text.UART_CheckIdleState
                0x0000000008007a84      0x150 ./Drivers/STM32F3xx_HAL_Driver/Src/stm32f3xx_hal_uart.o
                0x0000000008007a84                UART_CheckIdleState
 .text.UART_WaitOnFlagUntilTimeout
                0x0000000008007bd4       0xce ./Drivers/STM32F3xx_HAL_Driver/Src/stm32f3xx_hal_uart.o
                0x0000000008007bd4                UART_WaitOnFlagUntilTimeout
 *fill*         0x0000000008007ca2        0x2 
 .text.UART_Start_Receive_IT
                0x0000000008007ca4      0x168 ./Drivers/STM32F3xx_HAL_Driver/Src/stm32f3xx_hal_uart.o
                0x0000000008007ca4                UART_Start_Receive_IT
 .text.UART_EndRxTransfer
                0x0000000008007e0c       0xc8 ./Drivers/STM32F3xx_HAL_Driver/Src/stm32f3xx_hal_uart.o
 .text.UART_DMAAbortOnError
                0x0000000008007ed4       0x2c ./Drivers/STM32F3xx_HAL_Driver/Src/stm32f3xx_hal_uart.o
 .text.UART_EndTransmit_IT
                0x0000000008007f00       0x54 ./Drivers/STM32F3xx_HAL_Driver/Src/stm32f3xx_hal_uart.o
 .text.UART_RxISR_8BIT
                0x0000000008007f54      0x1a8 ./Drivers/STM32F3xx_HAL_Driver/Src/stm32f3xx_hal_uart.o
 .text.UART_RxISR_16BIT
                0x00000000080080fc      0x1a8 ./Drivers/STM32F3xx_HAL_Driver/Src/stm32f3xx_hal_uart.o
 .text.HAL_UARTEx_WakeupCallback
                0x00000000080082a4       0x14 ./Drivers/STM32F3xx_HAL_Driver/Src/stm32f3xx_hal_uart_ex.o
                0x00000000080082a4                HAL_UARTEx_WakeupCallback
 .text.USB_DisableGlobalInt
                0x00000000080082b8       0x36 ./Drivers/STM32F3xx_HAL_Driver/Src/stm32f3xx_ll_usb.o
                0x00000000080082b8                USB_DisableGlobalInt
 .text.USB_DevInit
                0x00000000080082ee       0x42 ./Drivers/STM32F3xx_HAL_Driver/Src/stm32f3xx_ll_usb.o
                0x00000000080082ee                USB_DevInit
 .text.osKernelInitialize
                0x0000000008008330       0x68 ./Middlewares/Third_Party/FreeRTOS/Source/CMSIS_RTOS_V2/cmsis_os2.o
                0x0000000008008330                osKernelInitialize
 .text.osKernelStart
                0x0000000008008398       0x68 ./Middlewares/Third_Party/FreeRTOS/Source/CMSIS_RTOS_V2/cmsis_os2.o
                0x0000000008008398                osKernelStart
 .text.osThreadNew
                0x0000000008008400      0x154 ./Middlewares/Third_Party/FreeRTOS/Source/CMSIS_RTOS_V2/cmsis_os2.o
                0x0000000008008400                osThreadNew
 .text.osDelay  0x0000000008008554       0x5c ./Middlewares/Third_Party/FreeRTOS/Source/CMSIS_RTOS_V2/cmsis_os2.o
                0x0000000008008554                osDelay
 .text.osMutexNew
                0x00000000080085b0      0x134 ./Middlewares/Third_Party/FreeRTOS/Source/CMSIS_RTOS_V2/cmsis_os2.o
                0x00000000080085b0                osMutexNew
 .text.osMutexAcquire
                0x00000000080086e4       0xbc ./Middlewares/Third_Party/FreeRTOS/Source/CMSIS_RTOS_V2/cmsis_os2.o
                0x00000000080086e4                osMutexAcquire
 .text.osMutexRelease
                0x00000000080087a0       0xa0 ./Middlewares/Third_Party/FreeRTOS/Source/CMSIS_RTOS_V2/cmsis_os2.o
                0x00000000080087a0                osMutexRelease
 .text.osSemaphoreNew
                0x0000000008008840      0x138 ./Middlewares/Third_Party/FreeRTOS/Source/CMSIS_RTOS_V2/cmsis_os2.o
                0x0000000008008840                osSemaphoreNew
 .text.osSemaphoreAcquire
                0x0000000008008978       0xcc ./Middlewares/Third_Party/FreeRTOS/Source/CMSIS_RTOS_V2/cmsis_os2.o
                0x0000000008008978                osSemaphoreAcquire
 .text.osSemaphoreRelease
                0x0000000008008a44       0xb0 ./Middlewares/Third_Party/FreeRTOS/Source/CMSIS_RTOS_V2/cmsis_os2.o
                0x0000000008008a44                osSemaphoreRelease
 .text.vApplicationGetIdleTaskMemory
                0x0000000008008af4       0x34 ./Middlewares/Third_Party/FreeRTOS/Source/CMSIS_RTOS_V2/cmsis_os2.o
                0x0000000008008af4                vApplicationGetIdleTaskMemory
 .text.vApplicationGetTimerTaskMemory
                0x0000000008008b28       0x34 ./Middlewares/Third_Party/FreeRTOS/Source/CMSIS_RTOS_V2/cmsis_os2.o
                0x0000000008008b28                vApplicationGetTimerTaskMemory
 .text.vListInitialise
                0x0000000008008b5c       0x40 ./Middlewares/Third_Party/FreeRTOS/Source/list.o
                0x0000000008008b5c                vListInitialise
 .text.vListInitialiseItem
                0x0000000008008b9c       0x1a ./Middlewares/Third_Party/FreeRTOS/Source/list.o
                0x0000000008008b9c                vListInitialiseItem
 .text.vListInsertEnd
                0x0000000008008bb6       0x48 ./Middlewares/Third_Party/FreeRTOS/Source/list.o
                0x0000000008008bb6                vListInsertEnd
 .text.vListInsert
                0x0000000008008bfe       0x72 ./Middlewares/Third_Party/FreeRTOS/Source/list.o
                0x0000000008008bfe                vListInsert
 .text.uxListRemove
                0x0000000008008c70       0x54 ./Middlewares/Third_Party/FreeRTOS/Source/list.o
                0x0000000008008c70                uxListRemove
 .text.xQueueGenericReset
                0x0000000008008cc4       0xd0 ./Middlewares/Third_Party/FreeRTOS/Source/queue.o
                0x0000000008008cc4                xQueueGenericReset
 .text.xQueueGenericCreateStatic
                0x0000000008008d94       0xee ./Middlewares/Third_Party/FreeRTOS/Source/queue.o
                0x0000000008008d94                xQueueGenericCreateStatic
 .text.xQueueGenericCreate
                0x0000000008008e82       0x7c ./Middlewares/Third_Party/FreeRTOS/Source/queue.o
                0x0000000008008e82                xQueueGenericCreate
 .text.prvInitialiseNewQueue
                0x0000000008008efe       0x46 ./Middlewares/Third_Party/FreeRTOS/Source/queue.o
 .text.prvInitialiseMutex
                0x0000000008008f44       0x34 ./Middlewares/Third_Party/FreeRTOS/Source/queue.o
 .text.xQueueCreateMutex
                0x0000000008008f78       0x30 ./Middlewares/Third_Party/FreeRTOS/Source/queue.o
                0x0000000008008f78                xQueueCreateMutex
 .text.xQueueCreateMutexStatic
                0x0000000008008fa8       0x36 ./Middlewares/Third_Party/FreeRTOS/Source/queue.o
                0x0000000008008fa8                xQueueCreateMutexStatic
 .text.xQueueGiveMutexRecursive
                0x0000000008008fde       0x68 ./Middlewares/Third_Party/FreeRTOS/Source/queue.o
                0x0000000008008fde                xQueueGiveMutexRecursive
 .text.xQueueTakeMutexRecursive
                0x0000000008009046       0x6c ./Middlewares/Third_Party/FreeRTOS/Source/queue.o
                0x0000000008009046                xQueueTakeMutexRecursive
 .text.xQueueCreateCountingSemaphoreStatic
                0x00000000080090b2       0x6e ./Middlewares/Third_Party/FreeRTOS/Source/queue.o
                0x00000000080090b2                xQueueCreateCountingSemaphoreStatic
 .text.xQueueCreateCountingSemaphore
                0x0000000008009120       0x66 ./Middlewares/Third_Party/FreeRTOS/Source/queue.o
                0x0000000008009120                xQueueCreateCountingSemaphore
 *fill*         0x0000000008009186        0x2 
 .text.xQueueGenericSend
                0x0000000008009188      0x1fc ./Middlewares/Third_Party/FreeRTOS/Source/queue.o
                0x0000000008009188                xQueueGenericSend
 .text.xQueueGenericSendFromISR
                0x0000000008009384      0x130 ./Middlewares/Third_Party/FreeRTOS/Source/queue.o
                0x0000000008009384                xQueueGenericSendFromISR
 .text.xQueueGiveFromISR
                0x00000000080094b4      0x11a ./Middlewares/Third_Party/FreeRTOS/Source/queue.o
                0x00000000080094b4                xQueueGiveFromISR
 *fill*         0x00000000080095ce        0x2 
 .text.xQueueReceive
                0x00000000080095d0      0x1c0 ./Middlewares/Third_Party/FreeRTOS/Source/queue.o
                0x00000000080095d0                xQueueReceive
 .text.xQueueSemaphoreTake
                0x0000000008009790      0x218 ./Middlewares/Third_Party/FreeRTOS/Source/queue.o
                0x0000000008009790                xQueueSemaphoreTake
 .text.xQueueReceiveFromISR
                0x00000000080099a8      0x100 ./Middlewares/Third_Party/FreeRTOS/Source/queue.o
                0x00000000080099a8                xQueueReceiveFromISR
 .text.vQueueDelete
                0x0000000008009aa8       0x46 ./Middlewares/Third_Party/FreeRTOS/Source/queue.o
                0x0000000008009aa8                vQueueDelete
 .text.prvGetDisinheritPriorityAfterTimeout
                0x0000000008009aee       0x30 ./Middlewares/Third_Party/FreeRTOS/Source/queue.o
 .text.prvCopyDataToQueue
                0x0000000008009b1e       0xd4 ./Middlewares/Third_Party/FreeRTOS/Source/queue.o
 .text.prvCopyDataFromQueue
                0x0000000008009bf2       0x4c ./Middlewares/Third_Party/FreeRTOS/Source/queue.o
 .text.prvUnlockQueue
                0x0000000008009c3e       0xa4 ./Middlewares/Third_Party/FreeRTOS/Source/queue.o
 .text.prvIsQueueEmpty
                0x0000000008009ce2       0x2c ./Middlewares/Third_Party/FreeRTOS/Source/queue.o
 .text.prvIsQueueFull
                0x0000000008009d0e       0x30 ./Middlewares/Third_Party/FreeRTOS/Source/queue.o
 *fill*         0x0000000008009d3e        0x2 
 .text.vQueueAddToRegistry
                0x0000000008009d40       0x54 ./Middlewares/Third_Party/FreeRTOS/Source/queue.o
                0x0000000008009d40                vQueueAddToRegistry
 .text.vQueueUnregisterQueue
                0x0000000008009d94       0x54 ./Middlewares/Third_Party/FreeRTOS/Source/queue.o
                0x0000000008009d94                vQueueUnregisterQueue
 .text.vQueueWaitForMessageRestricted
                0x0000000008009de8       0x68 ./Middlewares/Third_Party/FreeRTOS/Source/queue.o
                0x0000000008009de8                vQueueWaitForMessageRestricted
 .text.xTaskCreateStatic
                0x0000000008009e50       0xb8 ./Middlewares/Third_Party/FreeRTOS/Source/tasks.o
                0x0000000008009e50                xTaskCreateStatic
 .text.xTaskCreate
                0x0000000008009f08       0x8a ./Middlewares/Third_Party/FreeRTOS/Source/tasks.o
                0x0000000008009f08                xTaskCreate
 .text.prvInitialiseNewTask
                0x0000000008009f92      0x10e ./Middlewares/Third_Party/FreeRTOS/Source/tasks.o
 .text.prvAddNewTaskToReadyList
                0x000000000800a0a0       0xe0 ./Middlewares/Third_Party/FreeRTOS/Source/tasks.o
 .text.vTaskDelay
                0x000000000800a180       0x68 ./Middlewares/Third_Party/FreeRTOS/Source/tasks.o
                0x000000000800a180                vTaskDelay
 .text.vTaskStartScheduler
                0x000000000800a1e8       0xcc ./Middlewares/Third_Party/FreeRTOS/Source/tasks.o
                0x000000000800a1e8                vTaskStartScheduler
 .text.vTaskSuspendAll
                0x000000000800a2b4       0x1c ./Middlewares/Third_Party/FreeRTOS/Source/tasks.o
                0x000000000800a2b4                vTaskSuspendAll
 .text.xTaskResumeAll
                0x000000000800a2d0      0x13c ./Middlewares/Third_Party/FreeRTOS/Source/tasks.o
                0x000000000800a2d0                xTaskResumeAll
 .text.xTaskGetTickCount
                0x000000000800a40c       0x20 ./Middlewares/Third_Party/FreeRTOS/Source/tasks.o
                0x000000000800a40c                xTaskGetTickCount
 .text.xTaskIncrementTick
                0x000000000800a42c      0x17c ./Middlewares/Third_Party/FreeRTOS/Source/tasks.o
                0x000000000800a42c                xTaskIncrementTick
 .text.vTaskSwitchContext
                0x000000000800a5a8       0xbc ./Middlewares/Third_Party/FreeRTOS/Source/tasks.o
                0x000000000800a5a8                vTaskSwitchContext
 .text.vTaskPlaceOnEventList
                0x000000000800a664       0x48 ./Middlewares/Third_Party/FreeRTOS/Source/tasks.o
                0x000000000800a664                vTaskPlaceOnEventList
 .text.vTaskPlaceOnEventListRestricted
                0x000000000800a6ac       0x58 ./Middlewares/Third_Party/FreeRTOS/Source/tasks.o
                0x000000000800a6ac                vTaskPlaceOnEventListRestricted
 .text.xTaskRemoveFromEventList
                0x000000000800a704       0xc8 ./Middlewares/Third_Party/FreeRTOS/Source/tasks.o
                0x000000000800a704                xTaskRemoveFromEventList
 .text.vTaskInternalSetTimeOutState
                0x000000000800a7cc       0x2c ./Middlewares/Third_Party/FreeRTOS/Source/tasks.o
                0x000000000800a7cc                vTaskInternalSetTimeOutState
 .text.xTaskCheckForTimeOut
                0x000000000800a7f8       0xc4 ./Middlewares/Third_Party/FreeRTOS/Source/tasks.o
                0x000000000800a7f8                xTaskCheckForTimeOut
 .text.vTaskMissedYield
                0x000000000800a8bc       0x18 ./Middlewares/Third_Party/FreeRTOS/Source/tasks.o
                0x000000000800a8bc                vTaskMissedYield
 .text.prvIdleTask
                0x000000000800a8d4       0x30 ./Middlewares/Third_Party/FreeRTOS/Source/tasks.o
 .text.prvInitialiseTaskLists
                0x000000000800a904       0x80 ./Middlewares/Third_Party/FreeRTOS/Source/tasks.o
 .text.prvCheckTasksWaitingTermination
                0x000000000800a984       0x5c ./Middlewares/Third_Party/FreeRTOS/Source/tasks.o
 .text.prvDeleteTCB
                0x000000000800a9e0       0x5e ./Middlewares/Third_Party/FreeRTOS/Source/tasks.o
 *fill*         0x000000000800aa3e        0x2 
 .text.prvResetNextTaskUnblockTime
                0x000000000800aa40       0x4c ./Middlewares/Third_Party/FreeRTOS/Source/tasks.o
 .text.xTaskGetCurrentTaskHandle
                0x000000000800aa8c       0x20 ./Middlewares/Third_Party/FreeRTOS/Source/tasks.o
                0x000000000800aa8c                xTaskGetCurrentTaskHandle
 .text.xTaskGetSchedulerState
                0x000000000800aaac       0x3c ./Middlewares/Third_Party/FreeRTOS/Source/tasks.o
                0x000000000800aaac                xTaskGetSchedulerState
 .text.xTaskPriorityInherit
                0x000000000800aae8       0xdc ./Middlewares/Third_Party/FreeRTOS/Source/tasks.o
                0x000000000800aae8                xTaskPriorityInherit
 .text.xTaskPriorityDisinherit
                0x000000000800abc4       0xdc ./Middlewares/Third_Party/FreeRTOS/Source/tasks.o
                0x000000000800abc4                xTaskPriorityDisinherit
 .text.vTaskPriorityDisinheritAfterTimeout
                0x000000000800aca0      0x10c ./Middlewares/Third_Party/FreeRTOS/Source/tasks.o
                0x000000000800aca0                vTaskPriorityDisinheritAfterTimeout
 .text.pvTaskIncrementMutexHeldCount
                0x000000000800adac       0x28 ./Middlewares/Third_Party/FreeRTOS/Source/tasks.o
                0x000000000800adac                pvTaskIncrementMutexHeldCount
 .text.prvAddCurrentTaskToDelayedList
                0x000000000800add4       0xa8 ./Middlewares/Third_Party/FreeRTOS/Source/tasks.o
 .text.xTimerCreateTimerTask
                0x000000000800ae7c       0x90 ./Middlewares/Third_Party/FreeRTOS/Source/timers.o
                0x000000000800ae7c                xTimerCreateTimerTask
 .text.xTimerGenericCommand
                0x000000000800af0c       0x9c ./Middlewares/Third_Party/FreeRTOS/Source/timers.o
                0x000000000800af0c                xTimerGenericCommand
 .text.prvProcessExpiredTimer
                0x000000000800afa8       0x80 ./Middlewares/Third_Party/FreeRTOS/Source/timers.o
 .text.prvTimerTask
                0x000000000800b028       0x24 ./Middlewares/Third_Party/FreeRTOS/Source/timers.o
 .text.prvProcessTimerOrBlockTask
                0x000000000800b04c       0x9c ./Middlewares/Third_Party/FreeRTOS/Source/timers.o
 .text.prvGetNextExpireTime
                0x000000000800b0e8       0x48 ./Middlewares/Third_Party/FreeRTOS/Source/timers.o
 .text.prvSampleTimeNow
                0x000000000800b130       0x40 ./Middlewares/Third_Party/FreeRTOS/Source/timers.o
 .text.prvInsertTimerInActiveList
                0x000000000800b170       0x84 ./Middlewares/Third_Party/FreeRTOS/Source/timers.o
 .text.prvProcessReceivedCommands
                0x000000000800b1f4      0x168 ./Middlewares/Third_Party/FreeRTOS/Source/timers.o
 .text.prvSwitchTimerLists
                0x000000000800b35c       0xc4 ./Middlewares/Third_Party/FreeRTOS/Source/timers.o
 .text.prvCheckForValidListAndQueue
                0x000000000800b420       0x80 ./Middlewares/Third_Party/FreeRTOS/Source/timers.o
 .text.pxPortInitialiseStack
                0x000000000800b4a0       0x68 ./Middlewares/Third_Party/FreeRTOS/Source/portable/GCC/ARM_CM4F/port.o
                0x000000000800b4a0                pxPortInitialiseStack
 .text.prvTaskExitError
                0x000000000800b508       0x58 ./Middlewares/Third_Party/FreeRTOS/Source/portable/GCC/ARM_CM4F/port.o
 .text.SVC_Handler
                0x000000000800b560       0x28 ./Middlewares/Third_Party/FreeRTOS/Source/portable/GCC/ARM_CM4F/port.o
                0x000000000800b560                SVC_Handler
 .text.prvPortStartFirstTask
                0x000000000800b588       0x28 ./Middlewares/Third_Party/FreeRTOS/Source/portable/GCC/ARM_CM4F/port.o
 .text.xPortStartScheduler
                0x000000000800b5b0      0x144 ./Middlewares/Third_Party/FreeRTOS/Source/portable/GCC/ARM_CM4F/port.o
                0x000000000800b5b0                xPortStartScheduler
 .text.vPortEnterCritical
                0x000000000800b6f4       0x60 ./Middlewares/Third_Party/FreeRTOS/Source/portable/GCC/ARM_CM4F/port.o
                0x000000000800b6f4                vPortEnterCritical
 .text.vPortExitCritical
                0x000000000800b754       0x54 ./Middlewares/Third_Party/FreeRTOS/Source/portable/GCC/ARM_CM4F/port.o
                0x000000000800b754                vPortExitCritical
 *fill*         0x000000000800b7a8        0x8 
 .text.PendSV_Handler
                0x000000000800b7b0       0x68 ./Middlewares/Third_Party/FreeRTOS/Source/portable/GCC/ARM_CM4F/port.o
                0x000000000800b7b0                PendSV_Handler
 .text.SysTick_Handler
                0x000000000800b818       0x44 ./Middlewares/Third_Party/FreeRTOS/Source/portable/GCC/ARM_CM4F/port.o
                0x000000000800b818                SysTick_Handler
 .text.vPortSetupTimerInterrupt
                0x000000000800b85c       0x48 ./Middlewares/Third_Party/FreeRTOS/Source/portable/GCC/ARM_CM4F/port.o
                0x000000000800b85c                vPortSetupTimerInterrupt
 .text.vPortEnableVFP
                0x000000000800b8a4       0x14 ./Middlewares/Third_Party/FreeRTOS/Source/portable/GCC/ARM_CM4F/port.o
 .text.vPortValidateInterruptPriority
                0x000000000800b8b8       0x80 ./Middlewares/Third_Party/FreeRTOS/Source/portable/GCC/ARM_CM4F/port.o
                0x000000000800b8b8                vPortValidateInterruptPriority
 .text.pvPortMalloc
                0x000000000800b938      0x188 ./Middlewares/Third_Party/FreeRTOS/Source/portable/MemMang/heap_4.o
                0x000000000800b938                pvPortMalloc
 .text.vPortFree
                0x000000000800bac0       0xb4 ./Middlewares/Third_Party/FreeRTOS/Source/portable/MemMang/heap_4.o
                0x000000000800bac0                vPortFree
 .text.prvHeapInit
                0x000000000800bb74       0xc4 ./Middlewares/Third_Party/FreeRTOS/Source/portable/MemMang/heap_4.o
 .text.prvInsertBlockIntoFreeList
                0x000000000800bc38       0xb4 ./Middlewares/Third_Party/FreeRTOS/Source/portable/MemMang/heap_4.o
 .text.atoi     0x000000000800bcec        0x8 /home/majiddrn/st/stm32cubeide_1.11.2/plugins/com.st.stm32cube.ide.mcu.externaltools.gnu-tools-for-stm32.10.3-2021.10.linux64_1.0.100.202210260954/tools/bin/../lib/gcc/arm-none-eabi/10.3.1/../../../../arm-none-eabi/lib/thumb/v7e-m+fp/hard/libc_nano.a(lib_a-atoi.o)
                0x000000000800bcec                atoi
 .text.__errno  0x000000000800bcf4        0xc /home/majiddrn/st/stm32cubeide_1.11.2/plugins/com.st.stm32cube.ide.mcu.externaltools.gnu-tools-for-stm32.10.3-2021.10.linux64_1.0.100.202210260954/tools/bin/../lib/gcc/arm-none-eabi/10.3.1/../../../../arm-none-eabi/lib/thumb/v7e-m+fp/hard/libc_nano.a(lib_a-errno.o)
                0x000000000800bcf4                __errno
 .text.__libc_init_array
                0x000000000800bd00       0x48 /home/majiddrn/st/stm32cubeide_1.11.2/plugins/com.st.stm32cube.ide.mcu.externaltools.gnu-tools-for-stm32.10.3-2021.10.linux64_1.0.100.202210260954/tools/bin/../lib/gcc/arm-none-eabi/10.3.1/../../../../arm-none-eabi/lib/thumb/v7e-m+fp/hard/libc_nano.a(lib_a-init.o)
                0x000000000800bd00                __libc_init_array
 .text.memcpy   0x000000000800bd48       0x1c /home/majiddrn/st/stm32cubeide_1.11.2/plugins/com.st.stm32cube.ide.mcu.externaltools.gnu-tools-for-stm32.10.3-2021.10.linux64_1.0.100.202210260954/tools/bin/../lib/gcc/arm-none-eabi/10.3.1/../../../../arm-none-eabi/lib/thumb/v7e-m+fp/hard/libc_nano.a(lib_a-memcpy-stub.o)
                0x000000000800bd48                memcpy
 .text.memset   0x000000000800bd64       0x10 /home/majiddrn/st/stm32cubeide_1.11.2/plugins/com.st.stm32cube.ide.mcu.externaltools.gnu-tools-for-stm32.10.3-2021.10.linux64_1.0.100.202210260954/tools/bin/../lib/gcc/arm-none-eabi/10.3.1/../../../../arm-none-eabi/lib/thumb/v7e-m+fp/hard/libc_nano.a(lib_a-memset.o)
                0x000000000800bd64                memset
 .text.swapfunc
                0x000000000800bd74       0x32 /home/majiddrn/st/stm32cubeide_1.11.2/plugins/com.st.stm32cube.ide.mcu.externaltools.gnu-tools-for-stm32.10.3-2021.10.linux64_1.0.100.202210260954/tools/bin/../lib/gcc/arm-none-eabi/10.3.1/../../../../arm-none-eabi/lib/thumb/v7e-m+fp/hard/libc_nano.a(lib_a-qsort.o)
 .text.med3.constprop.0
                0x000000000800bda6       0x3e /home/majiddrn/st/stm32cubeide_1.11.2/plugins/com.st.stm32cube.ide.mcu.externaltools.gnu-tools-for-stm32.10.3-2021.10.linux64_1.0.100.202210260954/tools/bin/../lib/gcc/arm-none-eabi/10.3.1/../../../../arm-none-eabi/lib/thumb/v7e-m+fp/hard/libc_nano.a(lib_a-qsort.o)
 .text.qsort    0x000000000800bde4      0x2a0 /home/majiddrn/st/stm32cubeide_1.11.2/plugins/com.st.stm32cube.ide.mcu.externaltools.gnu-tools-for-stm32.10.3-2021.10.linux64_1.0.100.202210260954/tools/bin/../lib/gcc/arm-none-eabi/10.3.1/../../../../arm-none-eabi/lib/thumb/v7e-m+fp/hard/libc_nano.a(lib_a-qsort.o)
                0x000000000800bde4                qsort
 .text.sprintf  0x000000000800c084       0x40 /home/majiddrn/st/stm32cubeide_1.11.2/plugins/com.st.stm32cube.ide.mcu.externaltools.gnu-tools-for-stm32.10.3-2021.10.linux64_1.0.100.202210260954/tools/bin/../lib/gcc/arm-none-eabi/10.3.1/../../../../arm-none-eabi/lib/thumb/v7e-m+fp/hard/libc_nano.a(lib_a-sprintf.o)
                0x000000000800c084                sprintf
                0x000000000800c084                siprintf
 .text.strcpy   0x000000000800c0c4       0x10 /home/majiddrn/st/stm32cubeide_1.11.2/plugins/com.st.stm32cube.ide.mcu.externaltools.gnu-tools-for-stm32.10.3-2021.10.linux64_1.0.100.202210260954/tools/bin/../lib/gcc/arm-none-eabi/10.3.1/../../../../arm-none-eabi/lib/thumb/v7e-m+fp/hard/libc_nano.a(lib_a-strcpy.o)
                0x000000000800c0c4                strcpy
 .text.strncmp  0x000000000800c0d4       0x28 /home/majiddrn/st/stm32cubeide_1.11.2/plugins/com.st.stm32cube.ide.mcu.externaltools.gnu-tools-for-stm32.10.3-2021.10.linux64_1.0.100.202210260954/tools/bin/../lib/gcc/arm-none-eabi/10.3.1/../../../../arm-none-eabi/lib/thumb/v7e-m+fp/hard/libc_nano.a(lib_a-strncmp.o)
                0x000000000800c0d4                strncmp
 .text.strstr   0x000000000800c0fc       0x2c /home/majiddrn/st/stm32cubeide_1.11.2/plugins/com.st.stm32cube.ide.mcu.externaltools.gnu-tools-for-stm32.10.3-2021.10.linux64_1.0.100.202210260954/tools/bin/../lib/gcc/arm-none-eabi/10.3.1/../../../../arm-none-eabi/lib/thumb/v7e-m+fp/hard/libc_nano.a(lib_a-strstr.o)
                0x000000000800c0fc                strstr
 .text.strtok   0x000000000800c128       0x68 /home/majiddrn/st/stm32cubeide_1.11.2/plugins/com.st.stm32cube.ide.mcu.externaltools.gnu-tools-for-stm32.10.3-2021.10.linux64_1.0.100.202210260954/tools/bin/../lib/gcc/arm-none-eabi/10.3.1/../../../../arm-none-eabi/lib/thumb/v7e-m+fp/hard/libc_nano.a(lib_a-strtok.o)
                0x000000000800c128                strtok
 .text.__strtok_r
                0x000000000800c190       0x50 /home/majiddrn/st/stm32cubeide_1.11.2/plugins/com.st.stm32cube.ide.mcu.externaltools.gnu-tools-for-stm32.10.3-2021.10.linux64_1.0.100.202210260954/tools/bin/../lib/gcc/arm-none-eabi/10.3.1/../../../../arm-none-eabi/lib/thumb/v7e-m+fp/hard/libc_nano.a(lib_a-strtok_r.o)
                0x000000000800c190                __strtok_r
 .text._strtol_l.constprop.0
                0x000000000800c1e0      0x104 /home/majiddrn/st/stm32cubeide_1.11.2/plugins/com.st.stm32cube.ide.mcu.externaltools.gnu-tools-for-stm32.10.3-2021.10.linux64_1.0.100.202210260954/tools/bin/../lib/gcc/arm-none-eabi/10.3.1/../../../../arm-none-eabi/lib/thumb/v7e-m+fp/hard/libc_nano.a(lib_a-strtol.o)
 .text.strtol   0x000000000800c2e4       0x14 /home/majiddrn/st/stm32cubeide_1.11.2/plugins/com.st.stm32cube.ide.mcu.externaltools.gnu-tools-for-stm32.10.3-2021.10.linux64_1.0.100.202210260954/tools/bin/../lib/gcc/arm-none-eabi/10.3.1/../../../../arm-none-eabi/lib/thumb/v7e-m+fp/hard/libc_nano.a(lib_a-strtol.o)
                0x000000000800c2e4                strtol
 .text.__assert_func
                0x000000000800c2f8       0x3c /home/majiddrn/st/stm32cubeide_1.11.2/plugins/com.st.stm32cube.ide.mcu.externaltools.gnu-tools-for-stm32.10.3-2021.10.linux64_1.0.100.202210260954/tools/bin/../lib/gcc/arm-none-eabi/10.3.1/../../../../arm-none-eabi/lib/thumb/v7e-m+fp/hard/libc_nano.a(lib_a-assert.o)
                0x000000000800c2f8                __assert_func
 .text.fprintf  0x000000000800c334       0x24 /home/majiddrn/st/stm32cubeide_1.11.2/plugins/com.st.stm32cube.ide.mcu.externaltools.gnu-tools-for-stm32.10.3-2021.10.linux64_1.0.100.202210260954/tools/bin/../lib/gcc/arm-none-eabi/10.3.1/../../../../arm-none-eabi/lib/thumb/v7e-m+fp/hard/libc_nano.a(lib_a-fprintf.o)
                0x000000000800c334                fprintf
                0x000000000800c334                fiprintf
 .text.malloc   0x000000000800c358       0x10 /home/majiddrn/st/stm32cubeide_1.11.2/plugins/com.st.stm32cube.ide.mcu.externaltools.gnu-tools-for-stm32.10.3-2021.10.linux64_1.0.100.202210260954/tools/bin/../lib/gcc/arm-none-eabi/10.3.1/../../../../arm-none-eabi/lib/thumb/v7e-m+fp/hard/libc_nano.a(lib_a-malloc.o)
                0x000000000800c358                malloc
 .text._free_r  0x000000000800c368       0x98 /home/majiddrn/st/stm32cubeide_1.11.2/plugins/com.st.stm32cube.ide.mcu.externaltools.gnu-tools-for-stm32.10.3-2021.10.linux64_1.0.100.202210260954/tools/bin/../lib/gcc/arm-none-eabi/10.3.1/../../../../arm-none-eabi/lib/thumb/v7e-m+fp/hard/libc_nano.a(lib_a-nano-freer.o)
                0x000000000800c368                _free_r
 .text.sbrk_aligned
                0x000000000800c400       0x40 /home/majiddrn/st/stm32cubeide_1.11.2/plugins/com.st.stm32cube.ide.mcu.externaltools.gnu-tools-for-stm32.10.3-2021.10.linux64_1.0.100.202210260954/tools/bin/../lib/gcc/arm-none-eabi/10.3.1/../../../../arm-none-eabi/lib/thumb/v7e-m+fp/hard/libc_nano.a(lib_a-nano-mallocr.o)
 .text._malloc_r
                0x000000000800c440       0xe8 /home/majiddrn/st/stm32cubeide_1.11.2/plugins/com.st.stm32cube.ide.mcu.externaltools.gnu-tools-for-stm32.10.3-2021.10.linux64_1.0.100.202210260954/tools/bin/../lib/gcc/arm-none-eabi/10.3.1/../../../../arm-none-eabi/lib/thumb/v7e-m+fp/hard/libc_nano.a(lib_a-nano-mallocr.o)
                0x000000000800c440                _malloc_r
 .text.__ssputs_r
                0x000000000800c528       0xb6 /home/majiddrn/st/stm32cubeide_1.11.2/plugins/com.st.stm32cube.ide.mcu.externaltools.gnu-tools-for-stm32.10.3-2021.10.linux64_1.0.100.202210260954/tools/bin/../lib/gcc/arm-none-eabi/10.3.1/../../../../arm-none-eabi/lib/thumb/v7e-m+fp/hard/libc_nano.a(lib_a-nano-svfprintf.o)
                0x000000000800c528                __ssputs_r
 *fill*         0x000000000800c5de        0x2 
 .text._svfprintf_r
                0x000000000800c5e0      0x200 /home/majiddrn/st/stm32cubeide_1.11.2/plugins/com.st.stm32cube.ide.mcu.externaltools.gnu-tools-for-stm32.10.3-2021.10.linux64_1.0.100.202210260954/tools/bin/../lib/gcc/arm-none-eabi/10.3.1/../../../../arm-none-eabi/lib/thumb/v7e-m+fp/hard/libc_nano.a(lib_a-nano-svfprintf.o)
                0x000000000800c5e0                _svfprintf_r
                0x000000000800c5e0                _svfiprintf_r
 .text.__sfputc_r
                0x000000000800c7e0       0x2e /home/majiddrn/st/stm32cubeide_1.11.2/plugins/com.st.stm32cube.ide.mcu.externaltools.gnu-tools-for-stm32.10.3-2021.10.linux64_1.0.100.202210260954/tools/bin/../lib/gcc/arm-none-eabi/10.3.1/../../../../arm-none-eabi/lib/thumb/v7e-m+fp/hard/libc_nano.a(lib_a-nano-vfprintf.o)
 .text.__sfputs_r
                0x000000000800c80e       0x24 /home/majiddrn/st/stm32cubeide_1.11.2/plugins/com.st.stm32cube.ide.mcu.externaltools.gnu-tools-for-stm32.10.3-2021.10.linux64_1.0.100.202210260954/tools/bin/../lib/gcc/arm-none-eabi/10.3.1/../../../../arm-none-eabi/lib/thumb/v7e-m+fp/hard/libc_nano.a(lib_a-nano-vfprintf.o)
                0x000000000800c80e                __sfputs_r
 *fill*         0x000000000800c832        0x2 
 .text._vfprintf_r
                0x000000000800c834      0x260 /home/majiddrn/st/stm32cubeide_1.11.2/plugins/com.st.stm32cube.ide.mcu.externaltools.gnu-tools-for-stm32.10.3-2021.10.linux64_1.0.100.202210260954/tools/bin/../lib/gcc/arm-none-eabi/10.3.1/../../../../arm-none-eabi/lib/thumb/v7e-m+fp/hard/libc_nano.a(lib_a-nano-vfprintf.o)
                0x000000000800c834                _vfiprintf_r
                0x000000000800c834                _vfprintf_r
 .text._printf_common
                0x000000000800ca94       0xda /home/majiddrn/st/stm32cubeide_1.11.2/plugins/com.st.stm32cube.ide.mcu.externaltools.gnu-tools-for-stm32.10.3-2021.10.linux64_1.0.100.202210260954/tools/bin/../lib/gcc/arm-none-eabi/10.3.1/../../../../arm-none-eabi/lib/thumb/v7e-m+fp/hard/libc_nano.a(lib_a-nano-vfprintf_i.o)
                0x000000000800ca94                _printf_common
 *fill*         0x000000000800cb6e        0x2 
 .text._printf_i
                0x000000000800cb70      0x24c /home/majiddrn/st/stm32cubeide_1.11.2/plugins/com.st.stm32cube.ide.mcu.externaltools.gnu-tools-for-stm32.10.3-2021.10.linux64_1.0.100.202210260954/tools/bin/../lib/gcc/arm-none-eabi/10.3.1/../../../../arm-none-eabi/lib/thumb/v7e-m+fp/hard/libc_nano.a(lib_a-nano-vfprintf_i.o)
                0x000000000800cb70                _printf_i
 .text._sbrk_r  0x000000000800cdbc       0x20 /home/majiddrn/st/stm32cubeide_1.11.2/plugins/com.st.stm32cube.ide.mcu.externaltools.gnu-tools-for-stm32.10.3-2021.10.linux64_1.0.100.202210260954/tools/bin/../lib/gcc/arm-none-eabi/10.3.1/../../../../arm-none-eabi/lib/thumb/v7e-m+fp/hard/libc_nano.a(lib_a-sbrkr.o)
                0x000000000800cdbc                _sbrk_r
 .text.__swbuf_r
                0x000000000800cddc       0xa4 /home/majiddrn/st/stm32cubeide_1.11.2/plugins/com.st.stm32cube.ide.mcu.externaltools.gnu-tools-for-stm32.10.3-2021.10.linux64_1.0.100.202210260954/tools/bin/../lib/gcc/arm-none-eabi/10.3.1/../../../../arm-none-eabi/lib/thumb/v7e-m+fp/hard/libc_nano.a(lib_a-wbuf.o)
                0x000000000800cddc                __swbuf_r
 .text.__swsetup_r
                0x000000000800ce80       0xdc /home/majiddrn/st/stm32cubeide_1.11.2/plugins/com.st.stm32cube.ide.mcu.externaltools.gnu-tools-for-stm32.10.3-2021.10.linux64_1.0.100.202210260954/tools/bin/../lib/gcc/arm-none-eabi/10.3.1/../../../../arm-none-eabi/lib/thumb/v7e-m+fp/hard/libc_nano.a(lib_a-wsetup.o)
                0x000000000800ce80                __swsetup_r
 .text.abort    0x000000000800cf5c        0xe /home/majiddrn/st/stm32cubeide_1.11.2/plugins/com.st.stm32cube.ide.mcu.externaltools.gnu-tools-for-stm32.10.3-2021.10.linux64_1.0.100.202210260954/tools/bin/../lib/gcc/arm-none-eabi/10.3.1/../../../../arm-none-eabi/lib/thumb/v7e-m+fp/hard/libc_nano.a(lib_a-abort.o)
                0x000000000800cf5c                abort
 *fill*         0x000000000800cf6a        0x2 
 .text.__sflush_r
                0x000000000800cf6c      0x10c /home/majiddrn/st/stm32cubeide_1.11.2/plugins/com.st.stm32cube.ide.mcu.externaltools.gnu-tools-for-stm32.10.3-2021.10.linux64_1.0.100.202210260954/tools/bin/../lib/gcc/arm-none-eabi/10.3.1/../../../../arm-none-eabi/lib/thumb/v7e-m+fp/hard/libc_nano.a(lib_a-fflush.o)
                0x000000000800cf6c                __sflush_r
 .text._fflush_r
                0x000000000800d078       0x78 /home/majiddrn/st/stm32cubeide_1.11.2/plugins/com.st.stm32cube.ide.mcu.externaltools.gnu-tools-for-stm32.10.3-2021.10.linux64_1.0.100.202210260954/tools/bin/../lib/gcc/arm-none-eabi/10.3.1/../../../../arm-none-eabi/lib/thumb/v7e-m+fp/hard/libc_nano.a(lib_a-fflush.o)
                0x000000000800d078                _fflush_r
 .text.std      0x000000000800d0f0       0x48 /home/majiddrn/st/stm32cubeide_1.11.2/plugins/com.st.stm32cube.ide.mcu.externaltools.gnu-tools-for-stm32.10.3-2021.10.linux64_1.0.100.202210260954/tools/bin/../lib/gcc/arm-none-eabi/10.3.1/../../../../arm-none-eabi/lib/thumb/v7e-m+fp/hard/libc_nano.a(lib_a-findfp.o)
 .text._cleanup_r
                0x000000000800d138        0xc /home/majiddrn/st/stm32cubeide_1.11.2/plugins/com.st.stm32cube.ide.mcu.externaltools.gnu-tools-for-stm32.10.3-2021.10.linux64_1.0.100.202210260954/tools/bin/../lib/gcc/arm-none-eabi/10.3.1/../../../../arm-none-eabi/lib/thumb/v7e-m+fp/hard/libc_nano.a(lib_a-findfp.o)
                0x000000000800d138                _cleanup_r
 .text.__sfmoreglue
                0x000000000800d144       0x2c /home/majiddrn/st/stm32cubeide_1.11.2/plugins/com.st.stm32cube.ide.mcu.externaltools.gnu-tools-for-stm32.10.3-2021.10.linux64_1.0.100.202210260954/tools/bin/../lib/gcc/arm-none-eabi/10.3.1/../../../../arm-none-eabi/lib/thumb/v7e-m+fp/hard/libc_nano.a(lib_a-findfp.o)
                0x000000000800d144                __sfmoreglue
 .text.__sfp_lock_acquire
                0x000000000800d170        0xc /home/majiddrn/st/stm32cubeide_1.11.2/plugins/com.st.stm32cube.ide.mcu.externaltools.gnu-tools-for-stm32.10.3-2021.10.linux64_1.0.100.202210260954/tools/bin/../lib/gcc/arm-none-eabi/10.3.1/../../../../arm-none-eabi/lib/thumb/v7e-m+fp/hard/libc_nano.a(lib_a-findfp.o)
                0x000000000800d170                __sfp_lock_acquire
 .text.__sfp_lock_release
                0x000000000800d17c        0xc /home/majiddrn/st/stm32cubeide_1.11.2/plugins/com.st.stm32cube.ide.mcu.externaltools.gnu-tools-for-stm32.10.3-2021.10.linux64_1.0.100.202210260954/tools/bin/../lib/gcc/arm-none-eabi/10.3.1/../../../../arm-none-eabi/lib/thumb/v7e-m+fp/hard/libc_nano.a(lib_a-findfp.o)
                0x000000000800d17c                __sfp_lock_release
 .text.__sinit_lock_acquire
                0x000000000800d188        0xc /home/majiddrn/st/stm32cubeide_1.11.2/plugins/com.st.stm32cube.ide.mcu.externaltools.gnu-tools-for-stm32.10.3-2021.10.linux64_1.0.100.202210260954/tools/bin/../lib/gcc/arm-none-eabi/10.3.1/../../../../arm-none-eabi/lib/thumb/v7e-m+fp/hard/libc_nano.a(lib_a-findfp.o)
                0x000000000800d188                __sinit_lock_acquire
 .text.__sinit_lock_release
                0x000000000800d194        0xc /home/majiddrn/st/stm32cubeide_1.11.2/plugins/com.st.stm32cube.ide.mcu.externaltools.gnu-tools-for-stm32.10.3-2021.10.linux64_1.0.100.202210260954/tools/bin/../lib/gcc/arm-none-eabi/10.3.1/../../../../arm-none-eabi/lib/thumb/v7e-m+fp/hard/libc_nano.a(lib_a-findfp.o)
                0x000000000800d194                __sinit_lock_release
 .text.__sinit  0x000000000800d1a0       0x70 /home/majiddrn/st/stm32cubeide_1.11.2/plugins/com.st.stm32cube.ide.mcu.externaltools.gnu-tools-for-stm32.10.3-2021.10.linux64_1.0.100.202210260954/tools/bin/../lib/gcc/arm-none-eabi/10.3.1/../../../../arm-none-eabi/lib/thumb/v7e-m+fp/hard/libc_nano.a(lib_a-findfp.o)
                0x000000000800d1a0                __sinit
 .text.__sfp    0x000000000800d210       0x8c /home/majiddrn/st/stm32cubeide_1.11.2/plugins/com.st.stm32cube.ide.mcu.externaltools.gnu-tools-for-stm32.10.3-2021.10.linux64_1.0.100.202210260954/tools/bin/../lib/gcc/arm-none-eabi/10.3.1/../../../../arm-none-eabi/lib/thumb/v7e-m+fp/hard/libc_nano.a(lib_a-findfp.o)
                0x000000000800d210                __sfp
 .text._fwalk_reent
                0x000000000800d29c       0x3e /home/majiddrn/st/stm32cubeide_1.11.2/plugins/com.st.stm32cube.ide.mcu.externaltools.gnu-tools-for-stm32.10.3-2021.10.linux64_1.0.100.202210260954/tools/bin/../lib/gcc/arm-none-eabi/10.3.1/../../../../arm-none-eabi/lib/thumb/v7e-m+fp/hard/libc_nano.a(lib_a-fwalk.o)
                0x000000000800d29c                _fwalk_reent
 .text.__retarget_lock_init_recursive
                0x000000000800d2da        0x2 /home/majiddrn/st/stm32cubeide_1.11.2/plugins/com.st.stm32cube.ide.mcu.externaltools.gnu-tools-for-stm32.10.3-2021.10.linux64_1.0.100.202210260954/tools/bin/../lib/gcc/arm-none-eabi/10.3.1/../../../../arm-none-eabi/lib/thumb/v7e-m+fp/hard/libc_nano.a(lib_a-lock.o)
                0x000000000800d2da                __retarget_lock_init_recursive
 .text.__retarget_lock_acquire_recursive
                0x000000000800d2dc        0x2 /home/majiddrn/st/stm32cubeide_1.11.2/plugins/com.st.stm32cube.ide.mcu.externaltools.gnu-tools-for-stm32.10.3-2021.10.linux64_1.0.100.202210260954/tools/bin/../lib/gcc/arm-none-eabi/10.3.1/../../../../arm-none-eabi/lib/thumb/v7e-m+fp/hard/libc_nano.a(lib_a-lock.o)
                0x000000000800d2dc                __retarget_lock_acquire_recursive
 .text.__retarget_lock_release_recursive
                0x000000000800d2de        0x2 /home/majiddrn/st/stm32cubeide_1.11.2/plugins/com.st.stm32cube.ide.mcu.externaltools.gnu-tools-for-stm32.10.3-2021.10.linux64_1.0.100.202210260954/tools/bin/../lib/gcc/arm-none-eabi/10.3.1/../../../../arm-none-eabi/lib/thumb/v7e-m+fp/hard/libc_nano.a(lib_a-lock.o)
                0x000000000800d2de                __retarget_lock_release_recursive
 .text.__swhatbuf_r
                0x000000000800d2e0       0x4a /home/majiddrn/st/stm32cubeide_1.11.2/plugins/com.st.stm32cube.ide.mcu.externaltools.gnu-tools-for-stm32.10.3-2021.10.linux64_1.0.100.202210260954/tools/bin/../lib/gcc/arm-none-eabi/10.3.1/../../../../arm-none-eabi/lib/thumb/v7e-m+fp/hard/libc_nano.a(lib_a-makebuf.o)
                0x000000000800d2e0                __swhatbuf_r
 *fill*         0x000000000800d32a        0x2 
 .text.__smakebuf_r
                0x000000000800d32c       0x80 /home/majiddrn/st/stm32cubeide_1.11.2/plugins/com.st.stm32cube.ide.mcu.externaltools.gnu-tools-for-stm32.10.3-2021.10.linux64_1.0.100.202210260954/tools/bin/../lib/gcc/arm-none-eabi/10.3.1/../../../../arm-none-eabi/lib/thumb/v7e-m+fp/hard/libc_nano.a(lib_a-makebuf.o)
                0x000000000800d32c                __smakebuf_r
 .text.memmove  0x000000000800d3ac       0x34 /home/majiddrn/st/stm32cubeide_1.11.2/plugins/com.st.stm32cube.ide.mcu.externaltools.gnu-tools-for-stm32.10.3-2021.10.linux64_1.0.100.202210260954/tools/bin/../lib/gcc/arm-none-eabi/10.3.1/../../../../arm-none-eabi/lib/thumb/v7e-m+fp/hard/libc_nano.a(lib_a-memmove.o)
                0x000000000800d3ac                memmove
 .text.__malloc_lock
                0x000000000800d3e0        0xc /home/majiddrn/st/stm32cubeide_1.11.2/plugins/com.st.stm32cube.ide.mcu.externaltools.gnu-tools-for-stm32.10.3-2021.10.linux64_1.0.100.202210260954/tools/bin/../lib/gcc/arm-none-eabi/10.3.1/../../../../arm-none-eabi/lib/thumb/v7e-m+fp/hard/libc_nano.a(lib_a-mlock.o)
                0x000000000800d3e0                __malloc_lock
 .text.__malloc_unlock
                0x000000000800d3ec        0xc /home/majiddrn/st/stm32cubeide_1.11.2/plugins/com.st.stm32cube.ide.mcu.externaltools.gnu-tools-for-stm32.10.3-2021.10.linux64_1.0.100.202210260954/tools/bin/../lib/gcc/arm-none-eabi/10.3.1/../../../../arm-none-eabi/lib/thumb/v7e-m+fp/hard/libc_nano.a(lib_a-mlock.o)
                0x000000000800d3ec                __malloc_unlock
 .text._realloc_r
                0x000000000800d3f8       0x5e /home/majiddrn/st/stm32cubeide_1.11.2/plugins/com.st.stm32cube.ide.mcu.externaltools.gnu-tools-for-stm32.10.3-2021.10.linux64_1.0.100.202210260954/tools/bin/../lib/gcc/arm-none-eabi/10.3.1/../../../../arm-none-eabi/lib/thumb/v7e-m+fp/hard/libc_nano.a(lib_a-nano-reallocr.o)
                0x000000000800d3f8                _realloc_r
 .text._raise_r
                0x000000000800d456       0x50 /home/majiddrn/st/stm32cubeide_1.11.2/plugins/com.st.stm32cube.ide.mcu.externaltools.gnu-tools-for-stm32.10.3-2021.10.linux64_1.0.100.202210260954/tools/bin/../lib/gcc/arm-none-eabi/10.3.1/../../../../arm-none-eabi/lib/thumb/v7e-m+fp/hard/libc_nano.a(lib_a-signal.o)
                0x000000000800d456                _raise_r
 *fill*         0x000000000800d4a6        0x2 
 .text.raise    0x000000000800d4a8       0x10 /home/majiddrn/st/stm32cubeide_1.11.2/plugins/com.st.stm32cube.ide.mcu.externaltools.gnu-tools-for-stm32.10.3-2021.10.linux64_1.0.100.202210260954/tools/bin/../lib/gcc/arm-none-eabi/10.3.1/../../../../arm-none-eabi/lib/thumb/v7e-m+fp/hard/libc_nano.a(lib_a-signal.o)
                0x000000000800d4a8                raise
 .text._kill_r  0x000000000800d4b8       0x24 /home/majiddrn/st/stm32cubeide_1.11.2/plugins/com.st.stm32cube.ide.mcu.externaltools.gnu-tools-for-stm32.10.3-2021.10.linux64_1.0.100.202210260954/tools/bin/../lib/gcc/arm-none-eabi/10.3.1/../../../../arm-none-eabi/lib/thumb/v7e-m+fp/hard/libc_nano.a(lib_a-signalr.o)
                0x000000000800d4b8                _kill_r
 .text._getpid_r
                0x000000000800d4dc        0x4 /home/majiddrn/st/stm32cubeide_1.11.2/plugins/com.st.stm32cube.ide.mcu.externaltools.gnu-tools-for-stm32.10.3-2021.10.linux64_1.0.100.202210260954/tools/bin/../lib/gcc/arm-none-eabi/10.3.1/../../../../arm-none-eabi/lib/thumb/v7e-m+fp/hard/libc_nano.a(lib_a-signalr.o)
                0x000000000800d4dc                _getpid_r
 .text.__sread  0x000000000800d4e0       0x22 /home/majiddrn/st/stm32cubeide_1.11.2/plugins/com.st.stm32cube.ide.mcu.externaltools.gnu-tools-for-stm32.10.3-2021.10.linux64_1.0.100.202210260954/tools/bin/../lib/gcc/arm-none-eabi/10.3.1/../../../../arm-none-eabi/lib/thumb/v7e-m+fp/hard/libc_nano.a(lib_a-stdio.o)
                0x000000000800d4e0                __sread
 .text.__swrite
                0x000000000800d502       0x38 /home/majiddrn/st/stm32cubeide_1.11.2/plugins/com.st.stm32cube.ide.mcu.externaltools.gnu-tools-for-stm32.10.3-2021.10.linux64_1.0.100.202210260954/tools/bin/../lib/gcc/arm-none-eabi/10.3.1/../../../../arm-none-eabi/lib/thumb/v7e-m+fp/hard/libc_nano.a(lib_a-stdio.o)
                0x000000000800d502                __swrite
 .text.__sseek  0x000000000800d53a       0x24 /home/majiddrn/st/stm32cubeide_1.11.2/plugins/com.st.stm32cube.ide.mcu.externaltools.gnu-tools-for-stm32.10.3-2021.10.linux64_1.0.100.202210260954/tools/bin/../lib/gcc/arm-none-eabi/10.3.1/../../../../arm-none-eabi/lib/thumb/v7e-m+fp/hard/libc_nano.a(lib_a-stdio.o)
                0x000000000800d53a                __sseek
 .text.__sclose
                0x000000000800d55e        0x8 /home/majiddrn/st/stm32cubeide_1.11.2/plugins/com.st.stm32cube.ide.mcu.externaltools.gnu-tools-for-stm32.10.3-2021.10.linux64_1.0.100.202210260954/tools/bin/../lib/gcc/arm-none-eabi/10.3.1/../../../../arm-none-eabi/lib/thumb/v7e-m+fp/hard/libc_nano.a(lib_a-stdio.o)
                0x000000000800d55e                __sclose
 *fill*         0x000000000800d566        0x2 
 .text._write_r
                0x000000000800d568       0x24 /home/majiddrn/st/stm32cubeide_1.11.2/plugins/com.st.stm32cube.ide.mcu.externaltools.gnu-tools-for-stm32.10.3-2021.10.linux64_1.0.100.202210260954/tools/bin/../lib/gcc/arm-none-eabi/10.3.1/../../../../arm-none-eabi/lib/thumb/v7e-m+fp/hard/libc_nano.a(lib_a-writer.o)
                0x000000000800d568                _write_r
 .text._close_r
                0x000000000800d58c       0x20 /home/majiddrn/st/stm32cubeide_1.11.2/plugins/com.st.stm32cube.ide.mcu.externaltools.gnu-tools-for-stm32.10.3-2021.10.linux64_1.0.100.202210260954/tools/bin/../lib/gcc/arm-none-eabi/10.3.1/../../../../arm-none-eabi/lib/thumb/v7e-m+fp/hard/libc_nano.a(lib_a-closer.o)
                0x000000000800d58c                _close_r
 .text._fstat_r
                0x000000000800d5ac       0x24 /home/majiddrn/st/stm32cubeide_1.11.2/plugins/com.st.stm32cube.ide.mcu.externaltools.gnu-tools-for-stm32.10.3-2021.10.linux64_1.0.100.202210260954/tools/bin/../lib/gcc/arm-none-eabi/10.3.1/../../../../arm-none-eabi/lib/thumb/v7e-m+fp/hard/libc_nano.a(lib_a-fstatr.o)
                0x000000000800d5ac                _fstat_r
 .text._isatty_r
                0x000000000800d5d0       0x20 /home/majiddrn/st/stm32cubeide_1.11.2/plugins/com.st.stm32cube.ide.mcu.externaltools.gnu-tools-for-stm32.10.3-2021.10.linux64_1.0.100.202210260954/tools/bin/../lib/gcc/arm-none-eabi/10.3.1/../../../../arm-none-eabi/lib/thumb/v7e-m+fp/hard/libc_nano.a(lib_a-isattyr.o)
                0x000000000800d5d0                _isatty_r
 .text._lseek_r
                0x000000000800d5f0       0x24 /home/majiddrn/st/stm32cubeide_1.11.2/plugins/com.st.stm32cube.ide.mcu.externaltools.gnu-tools-for-stm32.10.3-2021.10.linux64_1.0.100.202210260954/tools/bin/../lib/gcc/arm-none-eabi/10.3.1/../../../../arm-none-eabi/lib/thumb/v7e-m+fp/hard/libc_nano.a(lib_a-lseekr.o)
                0x000000000800d5f0                _lseek_r
 .text._malloc_usable_size_r
                0x000000000800d614       0x10 /home/majiddrn/st/stm32cubeide_1.11.2/plugins/com.st.stm32cube.ide.mcu.externaltools.gnu-tools-for-stm32.10.3-2021.10.linux64_1.0.100.202210260954/tools/bin/../lib/gcc/arm-none-eabi/10.3.1/../../../../arm-none-eabi/lib/thumb/v7e-m+fp/hard/libc_nano.a(lib_a-nano-msizer.o)
                0x000000000800d614                _malloc_usable_size_r
 .text._read_r  0x000000000800d624       0x24 /home/majiddrn/st/stm32cubeide_1.11.2/plugins/com.st.stm32cube.ide.mcu.externaltools.gnu-tools-for-stm32.10.3-2021.10.linux64_1.0.100.202210260954/tools/bin/../lib/gcc/arm-none-eabi/10.3.1/../../../../arm-none-eabi/lib/thumb/v7e-m+fp/hard/libc_nano.a(lib_a-readr.o)
                0x000000000800d624                _read_r
 *(.glue_7)
 .glue_7        0x000000000800d648        0x0 linker stubs
 *(.glue_7t)
 .glue_7t       0x000000000800d648        0x0 linker stubs
 *(.eh_frame)
 .eh_frame      0x000000000800d648        0x0 /home/majiddrn/st/stm32cubeide_1.11.2/plugins/com.st.stm32cube.ide.mcu.externaltools.gnu-tools-for-stm32.10.3-2021.10.linux64_1.0.100.202210260954/tools/bin/../lib/gcc/arm-none-eabi/10.3.1/thumb/v7e-m+fp/hard/crtbegin.o
 *(.init)
 .init          0x000000000800d648        0x4 /home/majiddrn/st/stm32cubeide_1.11.2/plugins/com.st.stm32cube.ide.mcu.externaltools.gnu-tools-for-stm32.10.3-2021.10.linux64_1.0.100.202210260954/tools/bin/../lib/gcc/arm-none-eabi/10.3.1/thumb/v7e-m+fp/hard/crti.o
                0x000000000800d648                _init
 .init          0x000000000800d64c        0x8 /home/majiddrn/st/stm32cubeide_1.11.2/plugins/com.st.stm32cube.ide.mcu.externaltools.gnu-tools-for-stm32.10.3-2021.10.linux64_1.0.100.202210260954/tools/bin/../lib/gcc/arm-none-eabi/10.3.1/thumb/v7e-m+fp/hard/crtn.o
 *(.fini)
 .fini          0x000000000800d654        0x4 /home/majiddrn/st/stm32cubeide_1.11.2/plugins/com.st.stm32cube.ide.mcu.externaltools.gnu-tools-for-stm32.10.3-2021.10.linux64_1.0.100.202210260954/tools/bin/../lib/gcc/arm-none-eabi/10.3.1/thumb/v7e-m+fp/hard/crti.o
                0x000000000800d654                _fini
 .fini          0x000000000800d658        0x8 /home/majiddrn/st/stm32cubeide_1.11.2/plugins/com.st.stm32cube.ide.mcu.externaltools.gnu-tools-for-stm32.10.3-2021.10.linux64_1.0.100.202210260954/tools/bin/../lib/gcc/arm-none-eabi/10.3.1/thumb/v7e-m+fp/hard/crtn.o
                0x000000000800d660                . = ALIGN (0x4)
                0x000000000800d660                _etext = .

.vfp11_veneer   0x000000000800d660        0x0
 .vfp11_veneer  0x000000000800d660        0x0 linker stubs

.v4_bx          0x000000000800d660        0x0
 .v4_bx         0x000000000800d660        0x0 linker stubs

.iplt           0x000000000800d660        0x0
 .iplt          0x000000000800d660        0x0 /home/majiddrn/st/stm32cubeide_1.11.2/plugins/com.st.stm32cube.ide.mcu.externaltools.gnu-tools-for-stm32.10.3-2021.10.linux64_1.0.100.202210260954/tools/bin/../lib/gcc/arm-none-eabi/10.3.1/thumb/v7e-m+fp/hard/crtbegin.o

.rodata         0x000000000800d660      0x46c
                0x000000000800d660                . = ALIGN (0x4)
 *(.rodata)
 .rodata        0x000000000800d660        0xd ./Core/Src/AvoidHandler.o
 *fill*         0x000000000800d66d        0x3 
 .rodata        0x000000000800d670       0x37 ./Core/Src/Handler.o
 *fill*         0x000000000800d6a7        0x1 
 .rodata        0x000000000800d6a8        0xb ./Core/Src/PIRHandler.o
 *fill*         0x000000000800d6b3        0x1 
 .rodata        0x000000000800d6b4       0x14 ./Core/Src/RGBHandler.o
 .rodata        0x000000000800d6c8       0x90 ./Core/Src/main.o
 .rodata        0x000000000800d758        0x5 ./Middlewares/Third_Party/FreeRTOS/Source/tasks.o
 *fill*         0x000000000800d75d        0x3 
 .rodata        0x000000000800d760        0xd ./Middlewares/Third_Party/FreeRTOS/Source/timers.o
 *(.rodata*)
 *fill*         0x000000000800d76d        0x3 
 .rodata.defaultTask_attributes
                0x000000000800d770       0x24 ./Core/Src/main.o
                0x000000000800d770                defaultTask_attributes
 .rodata.uartRxDiff_attributes
                0x000000000800d794       0x24 ./Core/Src/main.o
                0x000000000800d794                uartRxDiff_attributes
 .rodata.AvoidPIRHandler_attributes
                0x000000000800d7b8       0x24 ./Core/Src/main.o
                0x000000000800d7b8                AvoidPIRHandler_attributes
 .rodata.diffBufferRead_attributes
                0x000000000800d7dc       0x10 ./Core/Src/main.o
                0x000000000800d7dc                diffBufferRead_attributes
 .rodata.AvoidDistance1_attributes
                0x000000000800d7ec       0x10 ./Core/Src/main.o
                0x000000000800d7ec                AvoidDistance1_attributes
 .rodata.AvoidDistance2_attributes
                0x000000000800d7fc       0x10 ./Core/Src/main.o
                0x000000000800d7fc                AvoidDistance2_attributes
 .rodata.pirTime1_attributes
                0x000000000800d80c       0x10 ./Core/Src/main.o
                0x000000000800d80c                pirTime1_attributes
 .rodata.pirTime2_attributes
                0x000000000800d81c       0x10 ./Core/Src/main.o
                0x000000000800d81c                pirTime2_attributes
 .rodata.diffRxData_attributes
                0x000000000800d82c       0x10 ./Core/Src/main.o
                0x000000000800d82c                diffRxData_attributes
 .rodata.dataBufferSemaphore_attributes
                0x000000000800d83c       0x10 ./Core/Src/main.o
                0x000000000800d83c                dataBufferSemaphore_attributes
 .rodata.AHBPrescTable
                0x000000000800d84c       0x10 ./Core/Src/system_stm32f3xx.o
                0x000000000800d84c                AHBPrescTable
 .rodata.APBPrescTable
                0x000000000800d85c        0x8 ./Core/Src/system_stm32f3xx.o
                0x000000000800d85c                APBPrescTable
 .rodata.aPLLMULFactorTable
                0x000000000800d864       0x10 ./Drivers/STM32F3xx_HAL_Driver/Src/stm32f3xx_hal_rcc.o
 .rodata.aPredivFactorTable
                0x000000000800d874       0x10 ./Drivers/STM32F3xx_HAL_Driver/Src/stm32f3xx_hal_rcc.o
 .rodata._global_impure_ptr
                0x000000000800d884        0x4 /home/majiddrn/st/stm32cubeide_1.11.2/plugins/com.st.stm32cube.ide.mcu.externaltools.gnu-tools-for-stm32.10.3-2021.10.linux64_1.0.100.202210260954/tools/bin/../lib/gcc/arm-none-eabi/10.3.1/../../../../arm-none-eabi/lib/thumb/v7e-m+fp/hard/libc_nano.a(lib_a-impure.o)
                0x000000000800d884                _global_impure_ptr
 .rodata.strtok.str1.1
                0x000000000800d888       0x74 /home/majiddrn/st/stm32cubeide_1.11.2/plugins/com.st.stm32cube.ide.mcu.externaltools.gnu-tools-for-stm32.10.3-2021.10.linux64_1.0.100.202210260954/tools/bin/../lib/gcc/arm-none-eabi/10.3.1/../../../../arm-none-eabi/lib/thumb/v7e-m+fp/hard/libc_nano.a(lib_a-strtok.o)
 .rodata.__assert_func.str1.1
                0x000000000800d8fc       0x3c /home/majiddrn/st/stm32cubeide_1.11.2/plugins/com.st.stm32cube.ide.mcu.externaltools.gnu-tools-for-stm32.10.3-2021.10.linux64_1.0.100.202210260954/tools/bin/../lib/gcc/arm-none-eabi/10.3.1/../../../../arm-none-eabi/lib/thumb/v7e-m+fp/hard/libc_nano.a(lib_a-assert.o)
                                         0x3d (size before relaxing)
 .rodata._ctype_
                0x000000000800d938      0x101 /home/majiddrn/st/stm32cubeide_1.11.2/plugins/com.st.stm32cube.ide.mcu.externaltools.gnu-tools-for-stm32.10.3-2021.10.linux64_1.0.100.202210260954/tools/bin/../lib/gcc/arm-none-eabi/10.3.1/../../../../arm-none-eabi/lib/thumb/v7e-m+fp/hard/libc_nano.a(lib_a-ctype_.o)
                0x000000000800d938                _ctype_
 .rodata._svfprintf_r.str1.1
                0x000000000800da39       0x11 /home/majiddrn/st/stm32cubeide_1.11.2/plugins/com.st.stm32cube.ide.mcu.externaltools.gnu-tools-for-stm32.10.3-2021.10.linux64_1.0.100.202210260954/tools/bin/../lib/gcc/arm-none-eabi/10.3.1/../../../../arm-none-eabi/lib/thumb/v7e-m+fp/hard/libc_nano.a(lib_a-nano-svfprintf.o)
 .rodata._vfprintf_r.str1.1
                0x000000000800da4a       0x11 /home/majiddrn/st/stm32cubeide_1.11.2/plugins/com.st.stm32cube.ide.mcu.externaltools.gnu-tools-for-stm32.10.3-2021.10.linux64_1.0.100.202210260954/tools/bin/../lib/gcc/arm-none-eabi/10.3.1/../../../../arm-none-eabi/lib/thumb/v7e-m+fp/hard/libc_nano.a(lib_a-nano-vfprintf.o)
 .rodata._printf_i.str1.1
                0x000000000800da4a       0x22 /home/majiddrn/st/stm32cubeide_1.11.2/plugins/com.st.stm32cube.ide.mcu.externaltools.gnu-tools-for-stm32.10.3-2021.10.linux64_1.0.100.202210260954/tools/bin/../lib/gcc/arm-none-eabi/10.3.1/../../../../arm-none-eabi/lib/thumb/v7e-m+fp/hard/libc_nano.a(lib_a-nano-vfprintf_i.o)
 .rodata.__sf_fake_stderr
                0x000000000800da6c       0x20 /home/majiddrn/st/stm32cubeide_1.11.2/plugins/com.st.stm32cube.ide.mcu.externaltools.gnu-tools-for-stm32.10.3-2021.10.linux64_1.0.100.202210260954/tools/bin/../lib/gcc/arm-none-eabi/10.3.1/../../../../arm-none-eabi/lib/thumb/v7e-m+fp/hard/libc_nano.a(lib_a-findfp.o)
                0x000000000800da6c                __sf_fake_stderr
 .rodata.__sf_fake_stdin
                0x000000000800da8c       0x20 /home/majiddrn/st/stm32cubeide_1.11.2/plugins/com.st.stm32cube.ide.mcu.externaltools.gnu-tools-for-stm32.10.3-2021.10.linux64_1.0.100.202210260954/tools/bin/../lib/gcc/arm-none-eabi/10.3.1/../../../../arm-none-eabi/lib/thumb/v7e-m+fp/hard/libc_nano.a(lib_a-findfp.o)
                0x000000000800da8c                __sf_fake_stdin
 .rodata.__sf_fake_stdout
                0x000000000800daac       0x20 /home/majiddrn/st/stm32cubeide_1.11.2/plugins/com.st.stm32cube.ide.mcu.externaltools.gnu-tools-for-stm32.10.3-2021.10.linux64_1.0.100.202210260954/tools/bin/../lib/gcc/arm-none-eabi/10.3.1/../../../../arm-none-eabi/lib/thumb/v7e-m+fp/hard/libc_nano.a(lib_a-findfp.o)
                0x000000000800daac                __sf_fake_stdout
                0x000000000800dacc                . = ALIGN (0x4)
